Archive member included to satisfy reference by file (symbol)

libbb/lib.a(appletlib.o)      /home/notlean/openwrt-uboost/staging_dir/toolchain-aarch64_cortex-a53_gcc-12.3.0_musl/lib/gcc/aarch64-openwrt-linux-musl/12.3.0/../../../../aarch64-openwrt-linux-musl/lib/crt1.o (main)
libbb/lib.a(compare_string_array.o)
                              appletlib.o (symbol from plugin) (is_prefixed_with)
libbb/lib.a(default_error_retval.o)
                              appletlib.o (symbol from plugin) (xfunc_error_retval)
libbb/lib.a(get_last_path_component.o)
                              appletlib.o (symbol from plugin) (bb_basename)
libbb/lib.a(last_char_is.o)   get_last_path_component.o (symbol from plugin) (last_char_is)
libbb/lib.a(messages.o)       appletlib.o (symbol from plugin) (bb_banner)
libbb/lib.a(ptr_to_globals.o)
                              appletlib.o (symbol from plugin) (bb_errno)
libbb/lib.a(vfork_daemon_rexec.o)
                              appletlib.o (symbol from plugin) (re_execed_comm)
libbb/lib.a(xfunc_die.o)      appletlib.o (symbol from plugin) (xfunc_die)
libbb/lib.a(xfuncs.o)         appletlib.o (symbol from plugin) (full_write2_str)
libbb/lib.a(xfuncs_printf.o)  vfork_daemon_rexec.o (symbol from plugin) (xopen)
libbb/lib.a(copyfd.o)         xfuncs_printf.o (symbol from plugin) (bb_copyfd_eof)
libbb/lib.a(executable.o)     vfork_daemon_rexec.o (symbol from plugin) (BB_EXECVP)
libbb/lib.a(full_write.o)     xfuncs.o (symbol from plugin) (full_write)
libbb/lib.a(getopt32.o)       vfork_daemon_rexec.o (symbol from plugin) (option_mask32)
libbb/lib.a(llist.o)          getopt32.o (symbol from plugin) (llist_add_to_end)
libbb/lib.a(perror_msg.o)     xfuncs_printf.o (symbol from plugin) (bb_perror_msg)
libbb/lib.a(read.o)           copyfd.o (symbol from plugin) (safe_read)
libbb/lib.a(safe_strncpy.o)   getopt32.o (symbol from plugin) (overlapping_strcpy)
libbb/lib.a(safe_write.o)     full_write.o (symbol from plugin) (safe_write)
libbb/lib.a(signals.o)        xfuncs_printf.o (symbol from plugin) (kill_myself_with_sig)
libbb/lib.a(time.o)           xfuncs_printf.o (symbol from plugin) (monotonic_us)
libbb/lib.a(verror_msg.o)     xfuncs_printf.o (symbol from plugin) (bb_verror_msg)
libbb/lib.a(xatonum.o)        getopt32.o (symbol from plugin) (xatoi_positive)
libbb/lib.a(bb_strtonum.o)    time.o (symbol from plugin) (bb_strtoll)
libbb/lib.a(concat_path_file.o)
                              executable.o (symbol from plugin) (concat_path_file)
loginutils/lib.a(login.o)     appletlib.o (symbol from plugin) (login_main)
loginutils/lib.a(passwd.o)    appletlib.o (symbol from plugin) (passwd_main)
miscutils/lib.a(crond.o)      appletlib.o (symbol from plugin) (crond_main)
miscutils/lib.a(crontab.o)    appletlib.o (symbol from plugin) (crontab_main)
miscutils/lib.a(less.o)       appletlib.o (symbol from plugin) (less_main)
miscutils/lib.a(lock.o)       appletlib.o (symbol from plugin) (lock_main)
miscutils/lib.a(strings.o)    appletlib.o (symbol from plugin) (strings_main)
miscutils/lib.a(time.o)       appletlib.o (symbol from plugin) (time_main)
networking/lib.a(brctl.o)     appletlib.o (symbol from plugin) (brctl_main)
networking/lib.a(ifconfig.o)  appletlib.o (symbol from plugin) (ifconfig_main)
networking/lib.a(interface.o)
                              ifconfig.o (symbol from plugin) (display_interfaces)
networking/lib.a(ip.o)        appletlib.o (symbol from plugin) (ip_main)
networking/lib.a(nc.o)        appletlib.o (symbol from plugin) (nc_main)
networking/lib.a(netmsg.o)    appletlib.o (symbol from plugin) (netmsg_main)
networking/lib.a(netstat.o)   appletlib.o (symbol from plugin) (netstat_main)
networking/lib.a(nslookup.o)  appletlib.o (symbol from plugin) (nslookup_main)
networking/lib.a(ntpd.o)      appletlib.o (symbol from plugin) (ntpd_main)
networking/lib.a(ping.o)      appletlib.o (symbol from plugin) (ping_main)
networking/lib.a(route.o)     netstat.o (symbol from plugin) (bb_displayroutes)
networking/lib.a(traceroute.o)
                              appletlib.o (symbol from plugin) (traceroute_main)
networking/libiproute/lib.a(ip_parse_common_args.o)
                              ip.o (symbol from plugin) (ip_parse_common_args)
networking/libiproute/lib.a(ipaddress.o)
                              ip.o (symbol from plugin) (do_ipaddr)
networking/libiproute/lib.a(iplink.o)
                              ip.o (symbol from plugin) (do_iplink)
networking/libiproute/lib.a(ipneigh.o)
                              ip.o (symbol from plugin) (do_ipneigh)
networking/libiproute/lib.a(iproute.o)
                              ip.o (symbol from plugin) (do_iproute)
networking/libiproute/lib.a(iprule.o)
                              ip.o (symbol from plugin) (do_iprule)
networking/libiproute/lib.a(libnetlink.o)
                              ipaddress.o (symbol from plugin) (xrtnl_open)
networking/libiproute/lib.a(ll_addr.o)
                              ipaddress.o (symbol from plugin) (ll_addr_n2a)
[...]
Memory Configuration

Name             Origin             Length             Attributes
*default*        0x0000000000000000 0xffffffffffffffff

Linker script and memory map

LOAD /home/notlean/openwrt-uboost/staging_dir/toolchain-aarch64_cortex-a53_gcc-12.3.0_musl/lib/gcc/aarch64-openwrt-linux-musl/12.3.0/../../../../aarch64-openwrt-linux-musl/lib/crt1.o
LOAD /home/notlean/openwrt-uboost/staging_dir/toolchain-aarch64_cortex-a53_gcc-12.3.0_musl/lib/gcc/aarch64-openwrt-linux-musl/12.3.0/../../../../aarch64-openwrt-linux-musl/lib/crti.o
LOAD /home/notlean/openwrt-uboost/staging_dir/toolchain-aarch64_cortex-a53_gcc-12.3.0_musl/lib/gcc/aarch64-openwrt-linux-musl/12.3.0/crtbegin.o
START GROUP
LOAD applets/built-in.o
LOAD /home/notlean/openwrt-uboost/tmp/cc0dSt9z.ltrans0.ltrans.o
LOAD /home/notlean/openwrt-uboost/tmp/cc0dSt9z.ltrans1.ltrans.o
LOAD /home/notlean/openwrt-uboost/tmp/cc0dSt9z.ltrans2.ltrans.o
LOAD /home/notlean/openwrt-uboost/tmp/cc0dSt9z.ltrans3.ltrans.o
LOAD /home/notlean/openwrt-uboost/tmp/cc0dSt9z.ltrans4.ltrans.o
LOAD /home/notlean/openwrt-uboost/tmp/cc0dSt9z.ltrans5.ltrans.o
LOAD /home/notlean/openwrt-uboost/tmp/cc0dSt9z.ltrans6.ltrans.o
LOAD /home/notlean/openwrt-uboost/tmp/cc0dSt9z.ltrans7.ltrans.o
LOAD archival/lib.a
LOAD archival/libarchive/lib.a
LOAD console-tools/lib.a
LOAD coreutils/lib.a
LOAD coreutils/libcoreutils/lib.a
LOAD debianutils/lib.a
LOAD klibc-utils/lib.a
LOAD e2fsprogs/lib.a
LOAD editors/lib.a
LOAD findutils/lib.a
LOAD init/lib.a
LOAD libbb/lib.a
LOAD libpwdgrp/lib.a
LOAD loginutils/lib.a
LOAD mailutils/lib.a
LOAD miscutils/lib.a
LOAD modutils/lib.a
LOAD networking/lib.a
LOAD networking/libiproute/lib.a
LOAD networking/udhcp/lib.a
LOAD printutils/lib.a
LOAD procps/lib.a
LOAD runit/lib.a
LOAD selinux/lib.a
LOAD shell/lib.a
LOAD sysklogd/lib.a
LOAD util-linux/lib.a
LOAD util-linux/volume_id/lib.a
LOAD archival/built-in.o
LOAD archival/libarchive/built-in.o
LOAD console-tools/built-in.o
LOAD coreutils/built-in.o
LOAD coreutils/libcoreutils/built-in.o
LOAD debianutils/built-in.o
LOAD klibc-utils/built-in.o
LOAD e2fsprogs/built-in.o
LOAD editors/built-in.o
LOAD findutils/built-in.o
LOAD init/built-in.o
LOAD libbb/built-in.o
LOAD libpwdgrp/built-in.o
LOAD loginutils/built-in.o
LOAD mailutils/built-in.o
LOAD miscutils/built-in.o
LOAD modutils/built-in.o
LOAD networking/built-in.o
LOAD networking/libiproute/built-in.o
LOAD networking/udhcp/built-in.o
LOAD printutils/built-in.o
LOAD procps/built-in.o
LOAD runit/built-in.o
LOAD selinux/built-in.o
LOAD shell/built-in.o
LOAD sysklogd/built-in.o
LOAD util-linux/built-in.o
LOAD util-linux/volume_id/built-in.o
END GROUP
LOAD /home/notlean/openwrt-uboost/staging_dir/toolchain-aarch64_cortex-a53_gcc-12.3.0_musl/lib/libssp_nonshared.a
LOAD /home/notlean/openwrt-uboost/staging_dir/toolchain-aarch64_cortex-a53_gcc-12.3.0_musl/lib/libgcc_s.so
START GROUP
LOAD /home/notlean/openwrt-uboost/staging_dir/toolchain-aarch64_cortex-a53_gcc-12.3.0_musl/lib/libgcc_s.so.1
LOAD /home/notlean/openwrt-uboost/staging_dir/toolchain-aarch64_cortex-a53_gcc-12.3.0_musl/lib/gcc/aarch64-openwrt-linux-musl/12.3.0/libgcc.a
END GROUP
LOAD /home/notlean/openwrt-uboost/staging_dir/toolchain-aarch64_cortex-a53_gcc-12.3.0_musl/lib/libc.so
LOAD /home/notlean/openwrt-uboost/staging_dir/toolchain-aarch64_cortex-a53_gcc-12.3.0_musl/lib/libgcc_s.so
START GROUP
LOAD /home/notlean/openwrt-uboost/staging_dir/toolchain-aarch64_cortex-a53_gcc-12.3.0_musl/lib/libgcc_s.so.1
LOAD /home/notlean/openwrt-uboost/staging_dir/toolchain-aarch64_cortex-a53_gcc-12.3.0_musl/lib/gcc/aarch64-openwrt-linux-musl/12.3.0/libgcc.a
END GROUP
LOAD /home/notlean/openwrt-uboost/staging_dir/toolchain-aarch64_cortex-a53_gcc-12.3.0_musl/lib/gcc/aarch64-openwrt-linux-musl/12.3.0/crtend.o
LOAD /home/notlean/openwrt-uboost/staging_dir/toolchain-aarch64_cortex-a53_gcc-12.3.0_musl/lib/gcc/aarch64-openwrt-linux-musl/12.3.0/../../../../aarch64-openwrt-linux-musl/lib/crtn.o
                [!provide]                        PROVIDE (__executable_start = SEGMENT_START ("text-segment", 0x400000))
                0x0000000000400200                . = (SEGMENT_START ("text-segment", 0x400000) + SIZEOF_HEADERS)

.interp         0x0000000000400200       0x1a
 *(SORT_BY_ALIGNMENT(.interp))
 .interp        0x0000000000400200       0x1a /home/notlean/openwrt-uboost/staging_dir/toolchain-aarch64_cortex-a53_gcc-12.3.0_musl/lib/gcc/aarch64-openwrt-linux-musl/12.3.0/../../../../aarch64-openwrt-linux-musl/lib/crt1.o

.note.gnu.build-id
 *(SORT_BY_ALIGNMENT(.note.gnu.build-id))

.hash           0x0000000000400220      0x8fc
 *(SORT_BY_ALIGNMENT(.hash))
 .hash          0x0000000000400220      0x8fc /home/notlean/openwrt-uboost/staging_dir/toolchain-aarch64_cortex-a53_gcc-12.3.0_musl/lib/gcc/aarch64-openwrt-linux-musl/12.3.0/../../../../aarch64-openwrt-linux-musl/lib/crt1.o

.gnu.hash       0x0000000000400b20       0xa8
 *(SORT_BY_ALIGNMENT(.gnu.hash))
 .gnu.hash      0x0000000000400b20       0xa8 /home/notlean/openwrt-uboost/staging_dir/toolchain-aarch64_cortex-a53_gcc-12.3.0_musl/lib/gcc/aarch64-openwrt-linux-musl/12.3.0/../../../../aarch64-openwrt-linux-musl/lib/crt1.o

.dynsym         0x0000000000400bc8     0x1d10
 *(SORT_BY_ALIGNMENT(.dynsym))
 .dynsym        0x0000000000400bc8     0x1d10 /home/notlean/openwrt-uboost/staging_dir/toolchain-aarch64_cortex-a53_gcc-12.3.0_musl/lib/gcc/aarch64-openwrt-linux-musl/12.3.0/../../../../aarch64-openwrt-linux-musl/lib/crt1.o

.dynstr         0x00000000004028d8      0x9aa
 *(SORT_BY_ALIGNMENT(.dynstr))
 .dynstr        0x00000000004028d8      0x9aa /home/notlean/openwrt-uboost/staging_dir/toolchain-aarch64_cortex-a53_gcc-12.3.0_musl/lib/gcc/aarch64-openwrt-linux-musl/12.3.0/../../../../aarch64-openwrt-linux-musl/lib/crt1.o

.gnu.version    0x0000000000403282      0x26c
 *(SORT_BY_ALIGNMENT(.gnu.version))
 .gnu.version   0x0000000000403282      0x26c /home/notlean/openwrt-uboost/staging_dir/toolchain-aarch64_cortex-a53_gcc-12.3.0_musl/lib/gcc/aarch64-openwrt-linux-musl/12.3.0/../../../../aarch64-openwrt-linux-musl/lib/crt1.o

.gnu.version_d  0x00000000004034f0        0x0
 *(SORT_BY_ALIGNMENT(.gnu.version_d))
 .gnu.version_d
                0x00000000004034f0        0x0 /home/notlean/openwrt-uboost/staging_dir/toolchain-aarch64_cortex-a53_gcc-12.3.0_musl/lib/gcc/aarch64-openwrt-linux-musl/12.3.0/../../../../aarch64-openwrt-linux-musl/lib/crt1.o

.gnu.version_r  0x00000000004034f0       0x20
 *(SORT_BY_ALIGNMENT(.gnu.version_r))
 .gnu.version_r
                0x00000000004034f0       0x20 /home/notlean/openwrt-uboost/staging_dir/toolchain-aarch64_cortex-a53_gcc-12.3.0_musl/lib/gcc/aarch64-openwrt-linux-musl/12.3.0/../../../../aarch64-openwrt-linux-musl/lib/crt1.o

.rela.dyn       0x0000000000403510      0x108
 *(SORT_BY_ALIGNMENT(.rela.init))
 *(SORT_BY_ALIGNMENT(.rela.text) SORT_BY_ALIGNMENT(.rela.text.*) SORT_BY_ALIGNMENT(.rela.gnu.linkonce.t.*))
 .rela.text.lock_main
                0x0000000000403510        0x0 /home/notlean/openwrt-uboost/staging_dir/toolchain-aarch64_cortex-a53_gcc-12.3.0_musl/lib/gcc/aarch64-openwrt-linux-musl/12.3.0/../../../../aarch64-openwrt-linux-musl/lib/crt1.o
 .rela.text.netmsg_main
                0x0000000000403510        0x0 /home/notlean/openwrt-uboost/staging_dir/toolchain-aarch64_cortex-a53_gcc-12.3.0_musl/lib/gcc/aarch64-openwrt-linux-musl/12.3.0/../../../../aarch64-openwrt-linux-musl/lib/crt1.o
 .rela.text.build_ipv6_addr
                0x0000000000403510        0x0 /home/notlean/openwrt-uboost/staging_dir/toolchain-aarch64_cortex-a53_gcc-12.3.0_musl/lib/gcc/aarch64-openwrt-linux-musl/12.3.0/../../../../aarch64-openwrt-linux-musl/lib/crt1.o
 .rela.text.unix_do_one
                0x0000000000403510        0x0 /home/notlean/openwrt-uboost/staging_dir/toolchain-aarch64_cortex-a53_gcc-12.3.0_musl/lib/gcc/aarch64-openwrt-linux-musl/12.3.0/../../../../aarch64-openwrt-linux-musl/lib/crt1.o
 .rela.text.run_nofork_applet
                0x0000000000403510        0x0 /home/notlean/openwrt-uboost/staging_dir/toolchain-aarch64_cortex-a53_gcc-12.3.0_musl/lib/gcc/aarch64-openwrt-linux-musl/12.3.0/../../../../aarch64-openwrt-linux-musl/lib/crt1.o
 .rela.text.spawn_and_wait
                0x0000000000403510        0x0 /home/notlean/openwrt-uboost/staging_dir/toolchain-aarch64_cortex-a53_gcc-12.3.0_musl/lib/gcc/aarch64-openwrt-linux-musl/12.3.0/../../../../aarch64-openwrt-linux-musl/lib/crt1.o
 .rela.text.buffer_print
                0x0000000000403510        0x0 /home/notlean/openwrt-uboost/staging_dir/toolchain-aarch64_cortex-a53_gcc-12.3.0_musl/lib/gcc/aarch64-openwrt-linux-musl/12.3.0/../../../../aarch64-openwrt-linux-musl/lib/crt1.o
 .rela.text.ParseField
                0x0000000000403510        0x0 /home/notlean/openwrt-uboost/staging_dir/toolchain-aarch64_cortex-a53_gcc-12.3.0_musl/lib/gcc/aarch64-openwrt-linux-musl/12.3.0/../../../../aarch64-openwrt-linux-musl/lib/crt1.o
 .rela.text.do_if_print
                0x0000000000403510        0x0 /home/notlean/openwrt-uboost/staging_dir/toolchain-aarch64_cortex-a53_gcc-12.3.0_musl/lib/gcc/aarch64-openwrt-linux-musl/12.3.0/../../../../aarch64-openwrt-linux-musl/lib/crt1.o
 .rela.text.tcp_do_one
                0x0000000000403510        0x0 /home/notlean/openwrt-uboost/staging_dir/toolchain-aarch64_cortex-a53_gcc-12.3.0_musl/lib/gcc/aarch64-openwrt-linux-musl/12.3.0/../../../../aarch64-openwrt-linux-musl/lib/crt1.o
 .rela.text.udp_do_one
                0x0000000000403510        0x0 /home/notlean/openwrt-uboost/staging_dir/toolchain-aarch64_cortex-a53_gcc-12.3.0_musl/lib/gcc/aarch64-openwrt-linux-musl/12.3.0/../../../../aarch64-openwrt-linux-musl/lib/crt1.o
 .rela.text.raw_do_one
                0x0000000000403510        0x0 /home/notlean/openwrt-uboost/staging_dir/toolchain-aarch64_cortex-a53_gcc-12.3.0_musl/lib/gcc/aarch64-openwrt-linux-musl/12.3.0/../../../../aarch64-openwrt-linux-musl/lib/crt1.o
 .rela.text.send_queries
                0x0000000000403510        0x0 /home/notlean/openwrt-uboost/staging_dir/toolchain-aarch64_cortex-a53_gcc-12.3.0_musl/lib/gcc/aarch64-openwrt-linux-musl/12.3.0/../../../../aarch64-openwrt-linux-musl/lib/crt1.o
 .rela.text.nslookup_main
                0x0000000000403510        0x0 /home/notlean/openwrt-uboost/staging_dir/toolchain-aarch64_cortex-a53_gcc-12.3.0_musl/lib/gcc/aarch64-openwrt-linux-musl/12.3.0/../../../../aarch64-openwrt-linux-musl/lib/crt1.o
 .rela.text.vgetopt32
                0x0000000000403510        0x0 /home/notlean/openwrt-uboost/staging_dir/toolchain-aarch64_cortex-a53_gcc-12.3.0_musl/lib/gcc/aarch64-openwrt-linux-musl/12.3.0/../../../../aarch64-openwrt-linux-musl/lib/crt1.o
 .rela.text.passwd_main
                0x0000000000403510        0x0 /home/notlean/openwrt-uboost/staging_dir/toolchain-aarch64_cortex-a53_gcc-12.3.0_musl/lib/gcc/aarch64-openwrt-linux-musl/12.3.0/../../../../aarch64-openwrt-linux-musl/lib/crt1.o
 .rela.text.crontab_main
                0x0000000000403510        0x0 /home/notlean/openwrt-uboost/staging_dir/toolchain-aarch64_cortex-a53_gcc-12.3.0_musl/lib/gcc/aarch64-openwrt-linux-musl/12.3.0/../../../../aarch64-openwrt-linux-musl/lib/crt1.o
 .rela.text.strings_main
                0x0000000000403510        0x0 /home/notlean/openwrt-uboost/staging_dir/toolchain-aarch64_cortex-a53_gcc-12.3.0_musl/lib/gcc/aarch64-openwrt-linux-musl/12.3.0/../../../../aarch64-openwrt-linux-musl/lib/crt1.o
 .rela.text.time_main
                0x0000000000403510        0x0 /home/notlean/openwrt-uboost/staging_dir/toolchain-aarch64_cortex-a53_gcc-12.3.0_musl/lib/gcc/aarch64-openwrt-linux-musl/12.3.0/../../../../aarch64-openwrt-linux-musl/lib/crt1.o
 .rela.text.login_main
                0x0000000000403510        0x0 /home/notlean/openwrt-uboost/staging_dir/toolchain-aarch64_cortex-a53_gcc-12.3.0_musl/lib/gcc/aarch64-openwrt-linux-musl/12.3.0/../../../../aarch64-openwrt-linux-musl/lib/crt1.o
 .rela.text.less_main
                0x0000000000403510        0x0 /home/notlean/openwrt-uboost/staging_dir/toolchain-aarch64_cortex-a53_gcc-12.3.0_musl/lib/gcc/aarch64-openwrt-linux-musl/12.3.0/../../../../aarch64-openwrt-linux-musl/lib/crt1.o
 .rela.text.ifconfig_main
                0x0000000000403510        0x0 /home/notlean/openwrt-uboost/staging_dir/toolchain-aarch64_cortex-a53_gcc-12.3.0_musl/lib/gcc/aarch64-openwrt-linux-musl/12.3.0/../../../../aarch64-openwrt-linux-musl/lib/crt1.o
 .rela.text.resolve_peer_hostname.lto_priv.0
                0x0000000000403510        0x0 /home/notlean/openwrt-uboost/staging_dir/toolchain-aarch64_cortex-a53_gcc-12.3.0_musl/lib/gcc/aarch64-openwrt-linux-musl/12.3.0/../../../../aarch64-openwrt-linux-musl/lib/crt1.o
 .rela.text.select_and_cluster.lto_priv.0
                0x0000000000403510        0x0 /home/notlean/openwrt-uboost/staging_dir/toolchain-aarch64_cortex-a53_gcc-12.3.0_musl/lib/gcc/aarch64-openwrt-linux-musl/12.3.0/../../../../aarch64-openwrt-linux-musl/lib/crt1.o
 .rela.text.recv_and_process_peer_pkt
                0x0000000000403510        0x0 /home/notlean/openwrt-uboost/staging_dir/toolchain-aarch64_cortex-a53_gcc-12.3.0_musl/lib/gcc/aarch64-openwrt-linux-musl/12.3.0/../../../../aarch64-openwrt-linux-musl/lib/crt1.o
 .rela.text.recv_and_process_client_pkt
                0x0000000000403510        0x0 /home/notlean/openwrt-uboost/staging_dir/toolchain-aarch64_cortex-a53_gcc-12.3.0_musl/lib/gcc/aarch64-openwrt-linux-musl/12.3.0/../../../../aarch64-openwrt-linux-musl/lib/crt1.o
 .rela.text.INET6_setroute
                0x0000000000403510        0x0 /home/notlean/openwrt-uboost/staging_dir/toolchain-aarch64_cortex-a53_gcc-12.3.0_musl/lib/gcc/aarch64-openwrt-linux-musl/12.3.0/../../../../aarch64-openwrt-linux-musl/lib/crt1.o
 .rela.text.INET6_displayroutes
                0x0000000000403510        0x0 /home/notlean/openwrt-uboost/staging_dir/toolchain-aarch64_cortex-a53_gcc-12.3.0_musl/lib/gcc/aarch64-openwrt-linux-musl/12.3.0/../../../../aarch64-openwrt-linux-musl/lib/crt1.o
 .rela.text.traceroute_init
                0x0000000000403510        0x0 /home/notlean/openwrt-uboost/staging_dir/toolchain-aarch64_cortex-a53_gcc-12.3.0_musl/lib/gcc/aarch64-openwrt-linux-musl/12.3.0/../../../../aarch64-openwrt-linux-musl/lib/crt1.o
 .rela.text.print_route
                0x0000000000403510        0x0 /home/notlean/openwrt-uboost/staging_dir/toolchain-aarch64_cortex-a53_gcc-12.3.0_musl/lib/gcc/aarch64-openwrt-linux-musl/12.3.0/../../../../aarch64-openwrt-linux-musl/lib/crt1.o
 .rela.text.bb_displayroutes
                0x0000000000403510        0x0 /home/notlean/openwrt-uboost/staging_dir/toolchain-aarch64_cortex-a53_gcc-12.3.0_musl/lib/gcc/aarch64-openwrt-linux-musl/12.3.0/../../../../aarch64-openwrt-linux-musl/lib/crt1.o
 .rela.text.route_main
                0x0000000000403510        0x0 /home/notlean/openwrt-uboost/staging_dir/toolchain-aarch64_cortex-a53_gcc-12.3.0_musl/lib/gcc/aarch64-openwrt-linux-musl/12.3.0/../../../../aarch64-openwrt-linux-musl/lib/crt1.o
 .rela.text.ipaddr_modify
                0x0000000000403510        0x0 /home/notlean/openwrt-uboost/staging_dir/toolchain-aarch64_cortex-a53_gcc-12.3.0_musl/lib/gcc/aarch64-openwrt-linux-musl/12.3.0/../../../../aarch64-openwrt-linux-musl/lib/crt1.o
 .rela.text.do_add_or_delete
                0x0000000000403510        0x0 /home/notlean/openwrt-uboost/staging_dir/toolchain-aarch64_cortex-a53_gcc-12.3.0_musl/lib/gcc/aarch64-openwrt-linux-musl/12.3.0/../../../../aarch64-openwrt-linux-musl/lib/crt1.o
 .rela.text.do_iplink
                0x0000000000403510        0x0 /home/notlean/openwrt-uboost/staging_dir/toolchain-aarch64_cortex-a53_gcc-12.3.0_musl/lib/gcc/aarch64-openwrt-linux-musl/12.3.0/../../../../aarch64-openwrt-linux-musl/lib/crt1.o
 .rela.text.d4_recv_raw_packet
                0x0000000000403510        0x0 /home/notlean/openwrt-uboost/staging_dir/toolchain-aarch64_cortex-a53_gcc-12.3.0_musl/lib/gcc/aarch64-openwrt-linux-musl/12.3.0/../../../../aarch64-openwrt-linux-musl/lib/crt1.o
 .rela.text.change_listen_mode
                0x0000000000403510        0x0 /home/notlean/openwrt-uboost/staging_dir/toolchain-aarch64_cortex-a53_gcc-12.3.0_musl/lib/gcc/aarch64-openwrt-linux-musl/12.3.0/../../../../aarch64-openwrt-linux-musl/lib/crt1.o
 .rela.text.pgrep_main
                0x0000000000403510        0x0 /home/notlean/openwrt-uboost/staging_dir/toolchain-aarch64_cortex-a53_gcc-12.3.0_musl/lib/gcc/aarch64-openwrt-linux-musl/12.3.0/../../../../aarch64-openwrt-linux-musl/lib/crt1.o
 .rela.text.pidof_main
                0x0000000000403510        0x0 /home/notlean/openwrt-uboost/staging_dir/toolchain-aarch64_cortex-a53_gcc-12.3.0_musl/lib/gcc/aarch64-openwrt-linux-musl/12.3.0/../../../../aarch64-openwrt-linux-musl/lib/crt1.o
 .rela.text.ps_main
                0x0000000000403510        0x0 /home/notlean/openwrt-uboost/staging_dir/toolchain-aarch64_cortex-a53_gcc-12.3.0_musl/lib/gcc/aarch64-openwrt-linux-musl/12.3.0/../../../../aarch64-openwrt-linux-musl/lib/crt1.o
 .rela.text.sysctl_act_on_setting
                0x0000000000403510        0x0 /home/notlean/openwrt-uboost/staging_dir/toolchain-aarch64_cortex-a53_gcc-12.3.0_musl/lib/gcc/aarch64-openwrt-linux-musl/12.3.0/../../../../aarch64-openwrt-linux-musl/lib/crt1.o
 .rela.text.sysctl_main
                0x0000000000403510        0x0 /home/notlean/openwrt-uboost/staging_dir/toolchain-aarch64_cortex-a53_gcc-12.3.0_musl/lib/gcc/aarch64-openwrt-linux-musl/12.3.0/../../../../aarch64-openwrt-linux-musl/lib/crt1.o
 .rela.text.bcast_or_ucast
                0x0000000000403510        0x0 /home/notlean/openwrt-uboost/staging_dir/toolchain-aarch64_cortex-a53_gcc-12.3.0_musl/lib/gcc/aarch64-openwrt-linux-musl/12.3.0/../../../../aarch64-openwrt-linux-musl/lib/crt1.o
 .rela.text.send_renew
                0x0000000000403510        0x0 /home/notlean/openwrt-uboost/staging_dir/toolchain-aarch64_cortex-a53_gcc-12.3.0_musl/lib/gcc/aarch64-openwrt-linux-musl/12.3.0/../../../../aarch64-openwrt-linux-musl/lib/crt1.o
 .rela.text.perform_release
                0x0000000000403510        0x0 /home/notlean/openwrt-uboost/staging_dir/toolchain-aarch64_cortex-a53_gcc-12.3.0_musl/lib/gcc/aarch64-openwrt-linux-musl/12.3.0/../../../../aarch64-openwrt-linux-musl/lib/crt1.o
 .rela.text.udhcpc_main
                0x0000000000403510        0x0 /home/notlean/openwrt-uboost/staging_dir/toolchain-aarch64_cortex-a53_gcc-12.3.0_musl/lib/gcc/aarch64-openwrt-linux-musl/12.3.0/../../../../aarch64-openwrt-linux-musl/lib/crt1.o
 .rela.text.out1str
                0x0000000000403510        0x0 /home/notlean/openwrt-uboost/staging_dir/toolchain-aarch64_cortex-a53_gcc-12.3.0_musl/lib/gcc/aarch64-openwrt-linux-musl/12.3.0/../../../../aarch64-openwrt-linux-musl/lib/crt1.o
 .rela.text.showjob
                0x0000000000403510        0x0 /home/notlean/openwrt-uboost/staging_dir/toolchain-aarch64_cortex-a53_gcc-12.3.0_musl/lib/gcc/aarch64-openwrt-linux-musl/12.3.0/../../../../aarch64-openwrt-linux-musl/lib/crt1.o
 .rela.text.out2str.lto_priv.0
                0x0000000000403510        0x0 /home/notlean/openwrt-uboost/staging_dir/toolchain-aarch64_cortex-a53_gcc-12.3.0_musl/lib/gcc/aarch64-openwrt-linux-musl/12.3.0/../../../../aarch64-openwrt-linux-musl/lib/crt1.o
 .rela.text.ash_vmsg.lto_priv.0
                0x0000000000403510        0x0 /home/notlean/openwrt-uboost/staging_dir/toolchain-aarch64_cortex-a53_gcc-12.3.0_musl/lib/gcc/aarch64-openwrt-linux-musl/12.3.0/../../../../aarch64-openwrt-linux-musl/lib/crt1.o
 .rela.text.getjob
                0x0000000000403510        0x0 /home/notlean/openwrt-uboost/staging_dir/toolchain-aarch64_cortex-a53_gcc-12.3.0_musl/lib/gcc/aarch64-openwrt-linux-musl/12.3.0/../../../../aarch64-openwrt-linux-musl/lib/crt1.o
 .rela.text.killcmd.lto_priv.0
                0x0000000000403510        0x0 /home/notlean/openwrt-uboost/staging_dir/toolchain-aarch64_cortex-a53_gcc-12.3.0_musl/lib/gcc/aarch64-openwrt-linux-musl/12.3.0/../../../../aarch64-openwrt-linux-musl/lib/crt1.o
 .rela.text.aliascmd.lto_priv.0
                0x0000000000403510        0x0 /home/notlean/openwrt-uboost/staging_dir/toolchain-aarch64_cortex-a53_gcc-12.3.0_musl/lib/gcc/aarch64-openwrt-linux-musl/12.3.0/../../../../aarch64-openwrt-linux-musl/lib/crt1.o
 .rela.text.unaliascmd.lto_priv.0
                0x0000000000403510        0x0 /home/notlean/openwrt-uboost/staging_dir/toolchain-aarch64_cortex-a53_gcc-12.3.0_musl/lib/gcc/aarch64-openwrt-linux-musl/12.3.0/../../../../aarch64-openwrt-linux-musl/lib/crt1.o
 .rela.text.fg_bgcmd.lto_priv.0
                0x0000000000403510        0x0 /home/notlean/openwrt-uboost/staging_dir/toolchain-aarch64_cortex-a53_gcc-12.3.0_musl/lib/gcc/aarch64-openwrt-linux-musl/12.3.0/../../../../aarch64-openwrt-linux-musl/lib/crt1.o
 .rela.text.__pgetc
                0x0000000000403510        0x0 /home/notlean/openwrt-uboost/staging_dir/toolchain-aarch64_cortex-a53_gcc-12.3.0_musl/lib/gcc/aarch64-openwrt-linux-musl/12.3.0/../../../../aarch64-openwrt-linux-musl/lib/crt1.o
 .rela.text.getoptscmd
                0x0000000000403510        0x0 /home/notlean/openwrt-uboost/staging_dir/toolchain-aarch64_cortex-a53_gcc-12.3.0_musl/lib/gcc/aarch64-openwrt-linux-musl/12.3.0/../../../../aarch64-openwrt-linux-musl/lib/crt1.o
 .rela.text.readtoken1
                0x0000000000403510        0x0 /home/notlean/openwrt-uboost/staging_dir/toolchain-aarch64_cortex-a53_gcc-12.3.0_musl/lib/gcc/aarch64-openwrt-linux-musl/12.3.0/../../../../aarch64-openwrt-linux-musl/lib/crt1.o
 .rela.text.cmdloop
                0x0000000000403510        0x0 /home/notlean/openwrt-uboost/staging_dir/toolchain-aarch64_cortex-a53_gcc-12.3.0_musl/lib/gcc/aarch64-openwrt-linux-musl/12.3.0/../../../../aarch64-openwrt-linux-musl/lib/crt1.o
 .rela.text.readcmd
                0x0000000000403510        0x0 /home/notlean/openwrt-uboost/staging_dir/toolchain-aarch64_cortex-a53_gcc-12.3.0_musl/lib/gcc/aarch64-openwrt-linux-musl/12.3.0/../../../../aarch64-openwrt-linux-musl/lib/crt1.o
 .rela.text.ulimitcmd
                0x0000000000403510        0x0 /home/notlean/openwrt-uboost/staging_dir/toolchain-aarch64_cortex-a53_gcc-12.3.0_musl/lib/gcc/aarch64-openwrt-linux-musl/12.3.0/../../../../aarch64-openwrt-linux-musl/lib/crt1.o
 .rela.text.init
                0x0000000000403510        0x0 /home/notlean/openwrt-uboost/staging_dir/toolchain-aarch64_cortex-a53_gcc-12.3.0_musl/lib/gcc/aarch64-openwrt-linux-musl/12.3.0/../../../../aarch64-openwrt-linux-musl/lib/crt1.o
 .rela.text.logger_main
                0x0000000000403510        0x0 /home/notlean/openwrt-uboost/staging_dir/toolchain-aarch64_cortex-a53_gcc-12.3.0_musl/lib/gcc/aarch64-openwrt-linux-musl/12.3.0/../../../../aarch64-openwrt-linux-musl/lib/crt1.o
 .rela.text.flock_main
                0x0000000000403510        0x0 /home/notlean/openwrt-uboost/staging_dir/toolchain-aarch64_cortex-a53_gcc-12.3.0_musl/lib/gcc/aarch64-openwrt-linux-musl/12.3.0/../../../../aarch64-openwrt-linux-musl/lib/crt1.o
 .rela.text.hexdump_main
                0x0000000000403510        0x0 /home/notlean/openwrt-uboost/staging_dir/toolchain-aarch64_cortex-a53_gcc-12.3.0_musl/lib/gcc/aarch64-openwrt-linux-musl/12.3.0/../../../../aarch64-openwrt-linux-musl/lib/crt1.o
 .rela.text.mkswap_main
                0x0000000000403510        0x0 /home/notlean/openwrt-uboost/staging_dir/toolchain-aarch64_cortex-a53_gcc-12.3.0_musl/lib/gcc/aarch64-openwrt-linux-musl/12.3.0/../../../../aarch64-openwrt-linux-musl/lib/crt1.o
 .rela.text.singlemount
                0x0000000000403510        0x0 /home/notlean/openwrt-uboost/staging_dir/toolchain-aarch64_cortex-a53_gcc-12.3.0_musl/lib/gcc/aarch64-openwrt-linux-musl/12.3.0/../../../../aarch64-openwrt-linux-musl/lib/crt1.o
 .rela.text.mount_main
                0x0000000000403510        0x0 /home/notlean/openwrt-uboost/staging_dir/toolchain-aarch64_cortex-a53_gcc-12.3.0_musl/lib/gcc/aarch64-openwrt-linux-musl/12.3.0/../../../../aarch64-openwrt-linux-musl/lib/crt1.o
 .rela.text.swap_on_off_main
                0x0000000000403510        0x0 /home/notlean/openwrt-uboost/staging_dir/toolchain-aarch64_cortex-a53_gcc-12.3.0_musl/lib/gcc/aarch64-openwrt-linux-musl/12.3.0/../../../../aarch64-openwrt-linux-musl/lib/crt1.o
 .rela.text.evalbltin
                0x0000000000403510        0x0 /home/notlean/openwrt-uboost/staging_dir/toolchain-aarch64_cortex-a53_gcc-12.3.0_musl/lib/gcc/aarch64-openwrt-linux-musl/12.3.0/../../../../aarch64-openwrt-linux-musl/lib/crt1.o
 .rela.text.ash_main
                0x0000000000403510        0x0 /home/notlean/openwrt-uboost/staging_dir/toolchain-aarch64_cortex-a53_gcc-12.3.0_musl/lib/gcc/aarch64-openwrt-linux-musl/12.3.0/../../../../aarch64-openwrt-linux-musl/lib/crt1.o
 .rela.text.evaluate_string.lto_priv.0
                0x0000000000403510        0x0 /home/notlean/openwrt-uboost/staging_dir/toolchain-aarch64_cortex-a53_gcc-12.3.0_musl/lib/gcc/aarch64-openwrt-linux-musl/12.3.0/../../../../aarch64-openwrt-linux-musl/lib/crt1.o
 .rela.text.switch_root_main
                0x0000000000403510        0x0 /home/notlean/openwrt-uboost/staging_dir/toolchain-aarch64_cortex-a53_gcc-12.3.0_musl/lib/gcc/aarch64-openwrt-linux-musl/12.3.0/../../../../aarch64-openwrt-linux-musl/lib/crt1.o
 .rela.text.taskset_main
                0x0000000000403510        0x0 /home/notlean/openwrt-uboost/staging_dir/toolchain-aarch64_cortex-a53_gcc-12.3.0_musl/lib/gcc/aarch64-openwrt-linux-musl/12.3.0/../../../../aarch64-openwrt-linux-musl/lib/crt1.o
 .rela.text.umount_main
                0x0000000000403510        0x0 /home/notlean/openwrt-uboost/staging_dir/toolchain-aarch64_cortex-a53_gcc-12.3.0_musl/lib/gcc/aarch64-openwrt-linux-musl/12.3.0/../../../../aarch64-openwrt-linux-musl/lib/crt1.o
 .rela.text.dd_output_status
                0x0000000000403510        0x0 /home/notlean/openwrt-uboost/staging_dir/toolchain-aarch64_cortex-a53_gcc-12.3.0_musl/lib/gcc/aarch64-openwrt-linux-musl/12.3.0/../../../../aarch64-openwrt-linux-musl/lib/crt1.o
 .rela.text.writeTarHeader
                0x0000000000403510        0x0 /home/notlean/openwrt-uboost/staging_dir/toolchain-aarch64_cortex-a53_gcc-12.3.0_musl/lib/gcc/aarch64-openwrt-linux-musl/12.3.0/../../../../aarch64-openwrt-linux-musl/lib/crt1.o
 .rela.text.chmod_main
                0x0000000000403510        0x0 /home/notlean/openwrt-uboost/staging_dir/toolchain-aarch64_cortex-a53_gcc-12.3.0_musl/lib/gcc/aarch64-openwrt-linux-musl/12.3.0/../../../../aarch64-openwrt-linux-musl/lib/crt1.o
 .rela.text.unpack_gz_stream
                0x0000000000403510        0x0 /home/notlean/openwrt-uboost/staging_dir/toolchain-aarch64_cortex-a53_gcc-12.3.0_musl/lib/gcc/aarch64-openwrt-linux-musl/12.3.0/../../../../aarch64-openwrt-linux-musl/lib/crt1.o
 .rela.text.fork_transformer
                0x0000000000403510        0x0 /home/notlean/openwrt-uboost/staging_dir/toolchain-aarch64_cortex-a53_gcc-12.3.0_musl/lib/gcc/aarch64-openwrt-linux-musl/12.3.0/../../../../aarch64-openwrt-linux-musl/lib/crt1.o
 .rela.text.bbunpack
                0x0000000000403510        0x0 /home/notlean/openwrt-uboost/staging_dir/toolchain-aarch64_cortex-a53_gcc-12.3.0_musl/lib/gcc/aarch64-openwrt-linux-musl/12.3.0/../../../../aarch64-openwrt-linux-musl/lib/crt1.o
 .rela.text.gunzip_main
                0x0000000000403510        0x0 /home/notlean/openwrt-uboost/staging_dir/toolchain-aarch64_cortex-a53_gcc-12.3.0_musl/lib/gcc/aarch64-openwrt-linux-musl/12.3.0/../../../../aarch64-openwrt-linux-musl/lib/crt1.o
 .rela.text.gzip_main
                0x0000000000403510        0x0 /home/notlean/openwrt-uboost/staging_dir/toolchain-aarch64_cortex-a53_gcc-12.3.0_musl/lib/gcc/aarch64-openwrt-linux-musl/12.3.0/../../../../aarch64-openwrt-linux-musl/lib/crt1.o
 .rela.text.tar_main
                0x0000000000403510        0x0 /home/notlean/openwrt-uboost/staging_dir/toolchain-aarch64_cortex-a53_gcc-12.3.0_musl/lib/gcc/aarch64-openwrt-linux-musl/12.3.0/../../../../aarch64-openwrt-linux-musl/lib/crt1.o
 .rela.text.resize_main
                0x0000000000403510        0x0 /home/notlean/openwrt-uboost/staging_dir/toolchain-aarch64_cortex-a53_gcc-12.3.0_musl/lib/gcc/aarch64-openwrt-linux-musl/12.3.0/../../../../aarch64-openwrt-linux-musl/lib/crt1.o
 .rela.text.basename_main
                0x0000000000403510        0x0 /home/notlean/openwrt-uboost/staging_dir/toolchain-aarch64_cortex-a53_gcc-12.3.0_musl/lib/gcc/aarch64-openwrt-linux-musl/12.3.0/../../../../aarch64-openwrt-linux-musl/lib/crt1.o
 .rela.text.cat_main
                0x0000000000403510        0x0 /home/notlean/openwrt-uboost/staging_dir/toolchain-aarch64_cortex-a53_gcc-12.3.0_musl/lib/gcc/aarch64-openwrt-linux-musl/12.3.0/../../../../aarch64-openwrt-linux-musl/lib/crt1.o
 .rela.text.chown_main
                0x0000000000403510        0x0 /home/notlean/openwrt-uboost/staging_dir/toolchain-aarch64_cortex-a53_gcc-12.3.0_musl/lib/gcc/aarch64-openwrt-linux-musl/12.3.0/../../../../aarch64-openwrt-linux-musl/lib/crt1.o
 .rela.text.cp_main
                0x0000000000403510        0x0 /home/notlean/openwrt-uboost/staging_dir/toolchain-aarch64_cortex-a53_gcc-12.3.0_musl/lib/gcc/aarch64-openwrt-linux-musl/12.3.0/../../../../aarch64-openwrt-linux-musl/lib/crt1.o
 .rela.text.cut_main
                0x0000000000403510        0x0 /home/notlean/openwrt-uboost/staging_dir/toolchain-aarch64_cortex-a53_gcc-12.3.0_musl/lib/gcc/aarch64-openwrt-linux-musl/12.3.0/../../../../aarch64-openwrt-linux-musl/lib/crt1.o
 .rela.text.date_main
                0x0000000000403510        0x0 /home/notlean/openwrt-uboost/staging_dir/toolchain-aarch64_cortex-a53_gcc-12.3.0_musl/lib/gcc/aarch64-openwrt-linux-musl/12.3.0/../../../../aarch64-openwrt-linux-musl/lib/crt1.o
 .rela.text.df_main
                0x0000000000403510        0x0 /home/notlean/openwrt-uboost/staging_dir/toolchain-aarch64_cortex-a53_gcc-12.3.0_musl/lib/gcc/aarch64-openwrt-linux-musl/12.3.0/../../../../aarch64-openwrt-linux-musl/lib/crt1.o
 .rela.text.du_main
                0x0000000000403510        0x0 /home/notlean/openwrt-uboost/staging_dir/toolchain-aarch64_cortex-a53_gcc-12.3.0_musl/lib/gcc/aarch64-openwrt-linux-musl/12.3.0/../../../../aarch64-openwrt-linux-musl/lib/crt1.o
 .rela.text.env_main
                0x0000000000403510        0x0 /home/notlean/openwrt-uboost/staging_dir/toolchain-aarch64_cortex-a53_gcc-12.3.0_musl/lib/gcc/aarch64-openwrt-linux-musl/12.3.0/../../../../aarch64-openwrt-linux-musl/lib/crt1.o
 .rela.text.head_main
                0x0000000000403510        0x0 /home/notlean/openwrt-uboost/staging_dir/toolchain-aarch64_cortex-a53_gcc-12.3.0_musl/lib/gcc/aarch64-openwrt-linux-musl/12.3.0/../../../../aarch64-openwrt-linux-musl/lib/crt1.o
 .rela.text.id_main
                0x0000000000403510        0x0 /home/notlean/openwrt-uboost/staging_dir/toolchain-aarch64_cortex-a53_gcc-12.3.0_musl/lib/gcc/aarch64-openwrt-linux-musl/12.3.0/../../../../aarch64-openwrt-linux-musl/lib/crt1.o
 .rela.text.ln_main
                0x0000000000403510        0x0 /home/notlean/openwrt-uboost/staging_dir/toolchain-aarch64_cortex-a53_gcc-12.3.0_musl/lib/gcc/aarch64-openwrt-linux-musl/12.3.0/../../../../aarch64-openwrt-linux-musl/lib/crt1.o
 .rela.text.ls_main
                0x0000000000403510        0x0 /home/notlean/openwrt-uboost/staging_dir/toolchain-aarch64_cortex-a53_gcc-12.3.0_musl/lib/gcc/aarch64-openwrt-linux-musl/12.3.0/../../../../aarch64-openwrt-linux-musl/lib/crt1.o
 .rela.text.hash_file
                0x0000000000403510        0x0 /home/notlean/openwrt-uboost/staging_dir/toolchain-aarch64_cortex-a53_gcc-12.3.0_musl/lib/gcc/aarch64-openwrt-linux-musl/12.3.0/../../../../aarch64-openwrt-linux-musl/lib/crt1.o
 .rela.text.md5_sha1_sum_main
                0x0000000000403510        0x0 /home/notlean/openwrt-uboost/staging_dir/toolchain-aarch64_cortex-a53_gcc-12.3.0_musl/lib/gcc/aarch64-openwrt-linux-musl/12.3.0/../../../../aarch64-openwrt-linux-musl/lib/crt1.o
 .rela.text.mkdir_main
                0x0000000000403510        0x0 /home/notlean/openwrt-uboost/staging_dir/toolchain-aarch64_cortex-a53_gcc-12.3.0_musl/lib/gcc/aarch64-openwrt-linux-musl/12.3.0/../../../../aarch64-openwrt-linux-musl/lib/crt1.o
 .rela.text.mktemp_main
                0x0000000000403510        0x0 /home/notlean/openwrt-uboost/staging_dir/toolchain-aarch64_cortex-a53_gcc-12.3.0_musl/lib/gcc/aarch64-openwrt-linux-musl/12.3.0/../../../../aarch64-openwrt-linux-musl/lib/crt1.o
 .rela.text.rm_main
                0x0000000000403510        0x0 /home/notlean/openwrt-uboost/staging_dir/toolchain-aarch64_cortex-a53_gcc-12.3.0_musl/lib/gcc/aarch64-openwrt-linux-musl/12.3.0/../../../../aarch64-openwrt-linux-musl/lib/crt1.o
 .rela.text.readlink_main
                0x0000000000403510        0x0 /home/notlean/openwrt-uboost/staging_dir/toolchain-aarch64_cortex-a53_gcc-12.3.0_musl/lib/gcc/aarch64-openwrt-linux-musl/12.3.0/../../../../aarch64-openwrt-linux-musl/lib/crt1.o
 .rela.text.rmdir_main
                0x0000000000403510        0x0 /home/notlean/openwrt-uboost/staging_dir/toolchain-aarch64_cortex-a53_gcc-12.3.0_musl/lib/gcc/aarch64-openwrt-linux-musl/12.3.0/../../../../aarch64-openwrt-linux-musl/lib/crt1.o
 .rela.text.seq_main
                0x0000000000403510        0x0 /home/notlean/openwrt-uboost/staging_dir/toolchain-aarch64_cortex-a53_gcc-12.3.0_musl/lib/gcc/aarch64-openwrt-linux-musl/12.3.0/../../../../aarch64-openwrt-linux-musl/lib/crt1.o
 .rela.text.sort_main
                0x0000000000403510        0x0 /home/notlean/openwrt-uboost/staging_dir/toolchain-aarch64_cortex-a53_gcc-12.3.0_musl/lib/gcc/aarch64-openwrt-linux-musl/12.3.0/../../../../aarch64-openwrt-linux-musl/lib/crt1.o
 .rela.text.fsync_main
                0x0000000000403510        0x0 /home/notlean/openwrt-uboost/staging_dir/toolchain-aarch64_cortex-a53_gcc-12.3.0_musl/lib/gcc/aarch64-openwrt-linux-musl/12.3.0/../../../../aarch64-openwrt-linux-musl/lib/crt1.o
 .rela.text.tail_main
                0x0000000000403510        0x0 /home/notlean/openwrt-uboost/staging_dir/toolchain-aarch64_cortex-a53_gcc-12.3.0_musl/lib/gcc/aarch64-openwrt-linux-musl/12.3.0/../../../../aarch64-openwrt-linux-musl/lib/crt1.o
 .rela.text.tee_main
                0x0000000000403510        0x0 /home/notlean/openwrt-uboost/staging_dir/toolchain-aarch64_cortex-a53_gcc-12.3.0_musl/lib/gcc/aarch64-openwrt-linux-musl/12.3.0/../../../../aarch64-openwrt-linux-musl/lib/crt1.o
 .rela.text.touch_main
                0x0000000000403510        0x0 /home/notlean/openwrt-uboost/staging_dir/toolchain-aarch64_cortex-a53_gcc-12.3.0_musl/lib/gcc/aarch64-openwrt-linux-musl/12.3.0/../../../../aarch64-openwrt-linux-musl/lib/crt1.o
 .rela.text.tr_main
                0x0000000000403510        0x0 /home/notlean/openwrt-uboost/staging_dir/toolchain-aarch64_cortex-a53_gcc-12.3.0_musl/lib/gcc/aarch64-openwrt-linux-musl/12.3.0/../../../../aarch64-openwrt-linux-musl/lib/crt1.o
 .rela.text.uname_main
                0x0000000000403510        0x0 /home/notlean/openwrt-uboost/staging_dir/toolchain-aarch64_cortex-a53_gcc-12.3.0_musl/lib/gcc/aarch64-openwrt-linux-musl/12.3.0/../../../../aarch64-openwrt-linux-musl/lib/crt1.o
 .rela.text.uniq_main
                0x0000000000403510        0x0 /home/notlean/openwrt-uboost/staging_dir/toolchain-aarch64_cortex-a53_gcc-12.3.0_musl/lib/gcc/aarch64-openwrt-linux-musl/12.3.0/../../../../aarch64-openwrt-linux-musl/lib/crt1.o
 .rela.text.wc_main
                0x0000000000403510        0x0 /home/notlean/openwrt-uboost/staging_dir/toolchain-aarch64_cortex-a53_gcc-12.3.0_musl/lib/gcc/aarch64-openwrt-linux-musl/12.3.0/../../../../aarch64-openwrt-linux-musl/lib/crt1.o
 .rela.text.mkfifo_main
                0x0000000000403510        0x0 /home/notlean/openwrt-uboost/staging_dir/toolchain-aarch64_cortex-a53_gcc-12.3.0_musl/lib/gcc/aarch64-openwrt-linux-musl/12.3.0/../../../../aarch64-openwrt-linux-musl/lib/crt1.o
 .rela.text.mknod_main
                0x0000000000403510        0x0 /home/notlean/openwrt-uboost/staging_dir/toolchain-aarch64_cortex-a53_gcc-12.3.0_musl/lib/gcc/aarch64-openwrt-linux-musl/12.3.0/../../../../aarch64-openwrt-linux-musl/lib/crt1.o
 .rela.text.start_stop_daemon_main
                0x0000000000403510        0x0 /home/notlean/openwrt-uboost/staging_dir/toolchain-aarch64_cortex-a53_gcc-12.3.0_musl/lib/gcc/aarch64-openwrt-linux-musl/12.3.0/../../../../aarch64-openwrt-linux-musl/lib/crt1.o
 .rela.text.which_main
                0x0000000000403510        0x0 /home/notlean/openwrt-uboost/staging_dir/toolchain-aarch64_cortex-a53_gcc-12.3.0_musl/lib/gcc/aarch64-openwrt-linux-musl/12.3.0/../../../../aarch64-openwrt-linux-musl/lib/crt1.o
 .rela.text.mv_main
                0x0000000000403510        0x0 /home/notlean/openwrt-uboost/staging_dir/toolchain-aarch64_cortex-a53_gcc-12.3.0_musl/lib/gcc/aarch64-openwrt-linux-musl/12.3.0/../../../../aarch64-openwrt-linux-musl/lib/crt1.o
 .rela.text.next_input_file
                0x0000000000403510        0x0 /home/notlean/openwrt-uboost/staging_dir/toolchain-aarch64_cortex-a53_gcc-12.3.0_musl/lib/gcc/aarch64-openwrt-linux-musl/12.3.0/../../../../aarch64-openwrt-linux-musl/lib/crt1.o
 .rela.text.evaluate.lto_priv.0
                0x0000000000403510        0x0 /home/notlean/openwrt-uboost/staging_dir/toolchain-aarch64_cortex-a53_gcc-12.3.0_musl/lib/gcc/aarch64-openwrt-linux-musl/12.3.0/../../../../aarch64-openwrt-linux-musl/lib/crt1.o
 .rela.text.awk_main
                0x0000000000403510        0x0 /home/notlean/openwrt-uboost/staging_dir/toolchain-aarch64_cortex-a53_gcc-12.3.0_musl/lib/gcc/aarch64-openwrt-linux-musl/12.3.0/../../../../aarch64-openwrt-linux-musl/lib/crt1.o
 .rela.text.cmp_main
                0x0000000000403510        0x0 /home/notlean/openwrt-uboost/staging_dir/toolchain-aarch64_cortex-a53_gcc-12.3.0_musl/lib/gcc/aarch64-openwrt-linux-musl/12.3.0/../../../../aarch64-openwrt-linux-musl/lib/crt1.o
 .rela.text.get_next_line
                0x0000000000403510        0x0 /home/notlean/openwrt-uboost/staging_dir/toolchain-aarch64_cortex-a53_gcc-12.3.0_musl/lib/gcc/aarch64-openwrt-linux-musl/12.3.0/../../../../aarch64-openwrt-linux-musl/lib/crt1.o
 .rela.text.sed_main
                0x0000000000403510        0x0 /home/notlean/openwrt-uboost/staging_dir/toolchain-aarch64_cortex-a53_gcc-12.3.0_musl/lib/gcc/aarch64-openwrt-linux-musl/12.3.0/../../../../aarch64-openwrt-linux-musl/lib/crt1.o
 .rela.text.rawmode
                0x0000000000403510        0x0 /home/notlean/openwrt-uboost/staging_dir/toolchain-aarch64_cortex-a53_gcc-12.3.0_musl/lib/gcc/aarch64-openwrt-linux-musl/12.3.0/../../../../aarch64-openwrt-linux-musl/lib/crt1.o
 .rela.text.refresh
                0x0000000000403510        0x0 /home/notlean/openwrt-uboost/staging_dir/toolchain-aarch64_cortex-a53_gcc-12.3.0_musl/lib/gcc/aarch64-openwrt-linux-musl/12.3.0/../../../../aarch64-openwrt-linux-musl/lib/crt1.o
 .rela.text.colon
                0x0000000000403510        0x0 /home/notlean/openwrt-uboost/staging_dir/toolchain-aarch64_cortex-a53_gcc-12.3.0_musl/lib/gcc/aarch64-openwrt-linux-musl/12.3.0/../../../../aarch64-openwrt-linux-musl/lib/crt1.o
 .rela.text.do_cmd
                0x0000000000403510        0x0 /home/notlean/openwrt-uboost/staging_dir/toolchain-aarch64_cortex-a53_gcc-12.3.0_musl/lib/gcc/aarch64-openwrt-linux-musl/12.3.0/../../../../aarch64-openwrt-linux-musl/lib/crt1.o
 .rela.text.vi_main
                0x0000000000403510        0x0 /home/notlean/openwrt-uboost/staging_dir/toolchain-aarch64_cortex-a53_gcc-12.3.0_musl/lib/gcc/aarch64-openwrt-linux-musl/12.3.0/../../../../aarch64-openwrt-linux-musl/lib/crt1.o
 .rela.text.func_exec
                0x0000000000403510        0x0 /home/notlean/openwrt-uboost/staging_dir/toolchain-aarch64_cortex-a53_gcc-12.3.0_musl/lib/gcc/aarch64-openwrt-linux-musl/12.3.0/../../../../aarch64-openwrt-linux-musl/lib/crt1.o
 .rela.text.grep_main
                0x0000000000403510        0x0 /home/notlean/openwrt-uboost/staging_dir/toolchain-aarch64_cortex-a53_gcc-12.3.0_musl/lib/gcc/aarch64-openwrt-linux-musl/12.3.0/../../../../aarch64-openwrt-linux-musl/lib/crt1.o
 .rela.text.next
                0x0000000000403510        0x0 /home/notlean/openwrt-uboost/staging_dir/toolchain-aarch64_cortex-a53_gcc-12.3.0_musl/lib/gcc/aarch64-openwrt-linux-musl/12.3.0/../../../../aarch64-openwrt-linux-musl/lib/crt1.o
 .rela.text.get_uidgid
                0x0000000000403510        0x0 /home/notlean/openwrt-uboost/staging_dir/toolchain-aarch64_cortex-a53_gcc-12.3.0_musl/lib/gcc/aarch64-openwrt-linux-musl/12.3.0/../../../../aarch64-openwrt-linux-musl/lib/crt1.o
 .rela.text.bb_ask_y_confirmation
                0x0000000000403510        0x0 /home/notlean/openwrt-uboost/staging_dir/toolchain-aarch64_cortex-a53_gcc-12.3.0_musl/lib/gcc/aarch64-openwrt-linux-musl/12.3.0/../../../../aarch64-openwrt-linux-musl/lib/crt1.o
 .rela.text.ask_and_unlink
                0x0000000000403510        0x0 /home/notlean/openwrt-uboost/staging_dir/toolchain-aarch64_cortex-a53_gcc-12.3.0_musl/lib/gcc/aarch64-openwrt-linux-musl/12.3.0/../../../../aarch64-openwrt-linux-musl/lib/crt1.o
 .rela.text.fclose_if_not_stdin
                0x0000000000403510        0x0 /home/notlean/openwrt-uboost/staging_dir/toolchain-aarch64_cortex-a53_gcc-12.3.0_musl/lib/gcc/aarch64-openwrt-linux-musl/12.3.0/../../../../aarch64-openwrt-linux-musl/lib/crt1.o
 .rela.text.fflush_stdout_and_exit
                0x0000000000403510        0x0 /home/notlean/openwrt-uboost/staging_dir/toolchain-aarch64_cortex-a53_gcc-12.3.0_musl/lib/gcc/aarch64-openwrt-linux-musl/12.3.0/../../../../aarch64-openwrt-linux-musl/lib/crt1.o
 .rela.text.recursive_action1.lto_priv.0
                0x0000000000403510        0x0 /home/notlean/openwrt-uboost/staging_dir/toolchain-aarch64_cortex-a53_gcc-12.3.0_musl/lib/gcc/aarch64-openwrt-linux-musl/12.3.0/../../../../aarch64-openwrt-linux-musl/lib/crt1.o
 .rela.text.remove_file
                0x0000000000403510        0x0 /home/notlean/openwrt-uboost/staging_dir/toolchain-aarch64_cortex-a53_gcc-12.3.0_musl/lib/gcc/aarch64-openwrt-linux-musl/12.3.0/../../../../aarch64-openwrt-linux-musl/lib/crt1.o
 .rela.text.fopen_or_warn_stdin
                0x0000000000403510        0x0 /home/notlean/openwrt-uboost/staging_dir/toolchain-aarch64_cortex-a53_gcc-12.3.0_musl/lib/gcc/aarch64-openwrt-linux-musl/12.3.0/../../../../aarch64-openwrt-linux-musl/lib/crt1.o
 .rela.text.xargs_main
                0x0000000000403510        0x0 /home/notlean/openwrt-uboost/staging_dir/toolchain-aarch64_cortex-a53_gcc-12.3.0_musl/lib/gcc/aarch64-openwrt-linux-musl/12.3.0/../../../../aarch64-openwrt-linux-musl/lib/crt1.o
 .rela.text.get_sock_lsa
                0x0000000000403510        0x0 /home/notlean/openwrt-uboost/staging_dir/toolchain-aarch64_cortex-a53_gcc-12.3.0_musl/lib/gcc/aarch64-openwrt-linux-musl/12.3.0/../../../../aarch64-openwrt-linux-musl/lib/crt1.o
 .rela.text.str2sockaddr.lto_priv.0
                0x0000000000403510        0x0 /home/notlean/openwrt-uboost/staging_dir/toolchain-aarch64_cortex-a53_gcc-12.3.0_musl/lib/gcc/aarch64-openwrt-linux-musl/12.3.0/../../../../aarch64-openwrt-linux-musl/lib/crt1.o
 .rela.text.copy_file
                0x0000000000403510        0x0 /home/notlean/openwrt-uboost/staging_dir/toolchain-aarch64_cortex-a53_gcc-12.3.0_musl/lib/gcc/aarch64-openwrt-linux-musl/12.3.0/../../../../aarch64-openwrt-linux-musl/lib/crt1.o
 .rela.text.udhcp_send_raw_packet.constprop.0
                0x0000000000403510        0x0 /home/notlean/openwrt-uboost/staging_dir/toolchain-aarch64_cortex-a53_gcc-12.3.0_musl/lib/gcc/aarch64-openwrt-linux-musl/12.3.0/../../../../aarch64-openwrt-linux-musl/lib/crt1.o
 .rela.text.send_select.isra.0
                0x0000000000403510        0x0 /home/notlean/openwrt-uboost/staging_dir/toolchain-aarch64_cortex-a53_gcc-12.3.0_musl/lib/gcc/aarch64-openwrt-linux-musl/12.3.0/../../../../aarch64-openwrt-linux-musl/lib/crt1.o
 .rela.text.send_discover.isra.0
                0x0000000000403510        0x0 /home/notlean/openwrt-uboost/staging_dir/toolchain-aarch64_cortex-a53_gcc-12.3.0_musl/lib/gcc/aarch64-openwrt-linux-musl/12.3.0/../../../../aarch64-openwrt-linux-musl/lib/crt1.o
 .rela.text.fputs_stdout.isra.0
                0x0000000000403510        0x0 /home/notlean/openwrt-uboost/staging_dir/toolchain-aarch64_cortex-a53_gcc-12.3.0_musl/lib/gcc/aarch64-openwrt-linux-musl/12.3.0/../../../../aarch64-openwrt-linux-musl/lib/crt1.o
 .rela.text.display.lto_priv.0
                0x0000000000403510        0x0 /home/notlean/openwrt-uboost/staging_dir/toolchain-aarch64_cortex-a53_gcc-12.3.0_musl/lib/gcc/aarch64-openwrt-linux-musl/12.3.0/../../../../aarch64-openwrt-linux-musl/lib/crt1.o
 .rela.text.bb_ask_noecho.constprop.0
                0x0000000000403510        0x0 /home/notlean/openwrt-uboost/staging_dir/toolchain-aarch64_cortex-a53_gcc-12.3.0_musl/lib/gcc/aarch64-openwrt-linux-musl/12.3.0/../../../../aarch64-openwrt-linux-musl/lib/crt1.o
 .rela.text.common_ping_main.isra.0
                0x0000000000403510        0x0 /home/notlean/openwrt-uboost/staging_dir/toolchain-aarch64_cortex-a53_gcc-12.3.0_musl/lib/gcc/aarch64-openwrt-linux-musl/12.3.0/../../../../aarch64-openwrt-linux-musl/lib/crt1.o
 *(SORT_BY_ALIGNMENT(.rela.fini))
 *(SORT_BY_ALIGNMENT(.rela.rodata) SORT_BY_ALIGNMENT(.rela.rodata.*) SORT_BY_ALIGNMENT(.rela.gnu.linkonce.r.*))
 *(SORT_BY_ALIGNMENT(.rela.data) SORT_BY_ALIGNMENT(.rela.data.*) SORT_BY_ALIGNMENT(.rela.gnu.linkonce.d.*))
 .rela.data.rel.ro
                0x0000000000403510       0x48 /home/notlean/openwrt-uboost/staging_dir/toolchain-aarch64_cortex-a53_gcc-12.3.0_musl/lib/gcc/aarch64-openwrt-linux-musl/12.3.0/../../../../aarch64-openwrt-linux-musl/lib/crt1.o
 *(SORT_BY_ALIGNMENT(.rela.tdata) SORT_BY_ALIGNMENT(.rela.tdata.*) SORT_BY_ALIGNMENT(.rela.gnu.linkonce.td.*))
 *(SORT_BY_ALIGNMENT(.rela.tbss) SORT_BY_ALIGNMENT(.rela.tbss.*) SORT_BY_ALIGNMENT(.rela.gnu.linkonce.tb.*))
 *(SORT_BY_ALIGNMENT(.rela.ctors))
 *(SORT_BY_ALIGNMENT(.rela.dtors))
 *(SORT_BY_ALIGNMENT(.rela.got))
 .rela.got      0x0000000000403558       0x60 /home/notlean/openwrt-uboost/staging_dir/toolchain-aarch64_cortex-a53_gcc-12.3.0_musl/lib/gcc/aarch64-openwrt-linux-musl/12.3.0/../../../../aarch64-openwrt-linux-musl/lib/crt1.o
 *(SORT_BY_ALIGNMENT(.rela.bss) SORT_BY_ALIGNMENT(.rela.bss.*) SORT_BY_ALIGNMENT(.rela.gnu.linkonce.b.*))
 .rela.bss      0x00000000004035b8       0x60 /home/notlean/openwrt-uboost/staging_dir/toolchain-aarch64_cortex-a53_gcc-12.3.0_musl/lib/gcc/aarch64-openwrt-linux-musl/12.3.0/../../../../aarch64-openwrt-linux-musl/lib/crt1.o
 *(SORT_BY_ALIGNMENT(.rela.ifunc))

.rela.plt       0x0000000000403618     0x1c08
 *(SORT_BY_ALIGNMENT(.rela.plt))
 .rela.plt      0x0000000000403618     0x1c08 /home/notlean/openwrt-uboost/staging_dir/toolchain-aarch64_cortex-a53_gcc-12.3.0_musl/lib/gcc/aarch64-openwrt-linux-musl/12.3.0/../../../../aarch64-openwrt-linux-musl/lib/crt1.o
                [!provide]                        PROVIDE (__rela_iplt_start = .)
 *(SORT_BY_ALIGNMENT(.rela.iplt))
 .rela.iplt     0x0000000000405220        0x0 /home/notlean/openwrt-uboost/staging_dir/toolchain-aarch64_cortex-a53_gcc-12.3.0_musl/lib/gcc/aarch64-openwrt-linux-musl/12.3.0/../../../../aarch64-openwrt-linux-musl/lib/crt1.o
                [!provide]                        PROVIDE (__rela_iplt_end = .)

.init           0x0000000000405220       0x10
 *(SORT_NONE(.init))
 .init          0x0000000000405220        0x8 /home/notlean/openwrt-uboost/staging_dir/toolchain-aarch64_cortex-a53_gcc-12.3.0_musl/lib/gcc/aarch64-openwrt-linux-musl/12.3.0/../../../../aarch64-openwrt-linux-musl/lib/crti.o
                0x0000000000405220                _init
 .init          0x0000000000405228        0x8 /home/notlean/openwrt-uboost/staging_dir/toolchain-aarch64_cortex-a53_gcc-12.3.0_musl/lib/gcc/aarch64-openwrt-linux-musl/12.3.0/../../../../aarch64-openwrt-linux-musl/lib/crtn.o

.plt            0x0000000000405230     0x12d0
 *(SORT_BY_ALIGNMENT(.plt))
 .plt           0x0000000000405230     0x12d0 /home/notlean/openwrt-uboost/staging_dir/toolchain-aarch64_cortex-a53_gcc-12.3.0_musl/lib/gcc/aarch64-openwrt-linux-musl/12.3.0/../../../../aarch64-openwrt-linux-musl/lib/crt1.o
                0x0000000000405250                longjmp
                0x0000000000405260                stpcpy
                0x0000000000405270                clock_gettime
                0x0000000000405280                strcpy
                0x0000000000405290                chroot
                0x00000000004052a0                sigsetjmp
                0x00000000004052b0                unsetenv
                0x00000000004052c0                log
                0x00000000004052d0                sqrt
                0x00000000004052e0                setjmp
                0x00000000004052f0                waitpid
                0x0000000000405300                getrlimit
                0x0000000000405310                ioctl
                0x0000000000405320                strtok_r
                0x0000000000405330                getgid
                0x0000000000405340                popen
                0x0000000000405350                sysconf
                0x0000000000405360                printf
                0x0000000000405370                getspnam_r
                0x0000000000405380                putc_unlocked
                0x0000000000405390                recv
                0x00000000004053a0                connect
                0x00000000004053b0                ungetc
                0x00000000004053c0                sigemptyset
                0x00000000004053d0                utimes
                0x00000000004053e0                strerror
                0x00000000004053f0                memrchr
                0x0000000000405400                strndup
                0x0000000000405410                geteuid
                0x0000000000405420                inet_pton
                0x0000000000405430                memmove
                0x0000000000405440                ns_initparse
                0x0000000000405450                pclose
                0x0000000000405460                getopt_long
                0x0000000000405470                snprintf
                0x0000000000405480                syscall
                0x0000000000405490                fileno_unlocked
                0x00000000004054a0                mknod
                0x00000000004054b0                getc_unlocked
                0x00000000004054c0                getgrgid
                0x00000000004054d0                times
                0x00000000004054e0                getenv
                0x00000000004054f0                fchmod
                0x0000000000405500                getegid
                0x0000000000405510                __register_frame_info@@GLIBC_2.0
                0x0000000000405520                setpriority
                0x0000000000405530                getpriority
                0x0000000000405540                bsearch
                0x0000000000405550                usleep
                0x0000000000405560                execve
                0x0000000000405570                utimensat
                0x0000000000405580                getpagesize
                0x0000000000405590                getpid
                0x00000000004055a0                qsort
                0x00000000004055b0                fchown
                0x00000000004055c0                fscanf
                0x00000000004055d0                dirname
                0x00000000004055e0                prctl
                0x00000000004055f0                fchdir
                0x0000000000405600                res_mkquery
                0x0000000000405610                memcpy
                0x0000000000405620                ns_name_uncompress
                0x0000000000405630                setitimer
                0x0000000000405640                execl
                0x0000000000405650                perror
                0x0000000000405660                readlink
                0x0000000000405670                puts
                0x0000000000405680                clock_settime
                0x0000000000405690                dup2
                0x00000000004056a0                tcflush
                0x00000000004056b0                getuid
                0x00000000004056c0                system
                0x00000000004056d0                hasmntopt
                0x00000000004056e0                malloc
                0x00000000004056f0                isatty
                0x0000000000405700                siglongjmp
                0x0000000000405710                sleep
                0x0000000000405720                sysinfo
                0x0000000000405730                strtoll
                0x0000000000405740                vsnprintf
                0x0000000000405750                recvfrom
                0x0000000000405760                statfs
                0x0000000000405770                pivot_root
                0x0000000000405780                strtoul
                0x0000000000405790                mktemp
                0x00000000004057a0                settimeofday
                0x00000000004057b0                rmdir
                0x00000000004057c0                socket
                0x00000000004057d0                readdir
                0x00000000004057e0                lchown
                0x00000000004057f0                ns_parserr
                0x0000000000405800                setgroups
                0x0000000000405810                mempcpy
                0x0000000000405820                fflush
                0x0000000000405830                ftruncate
                0x0000000000405840                realpath
                0x0000000000405850                ns_get32
                0x0000000000405860                putenv
                0x0000000000405870                lseek
                0x0000000000405880                sigaddset
                0x0000000000405890                clearenv
                0x00000000004058a0                chown
                0x00000000004058b0                mmap
                0x00000000004058c0                strncasecmp
                0x00000000004058d0                setpgid
                0x00000000004058e0                freeaddrinfo
                0x00000000004058f0                __stack_chk_fail
                0x0000000000405900                gmtime_r
                0x0000000000405910                chmod
                0x0000000000405920                getnameinfo
                0x0000000000405930                alarm
                0x0000000000405940                strtol
                0x0000000000405950                pipe
                0x0000000000405960                getpgrp
                0x0000000000405970                strnlen
                0x0000000000405980                uname
                0x0000000000405990                rename
                0x00000000004059a0                strrchr
                0x00000000004059b0                nanosleep
                0x00000000004059c0                setrlimit
                0x00000000004059d0                strtod
                0x00000000004059e0                __deregister_frame_info@@GLIBC_2.0
                0x00000000004059f0                sendfile
                0x0000000000405a00                write
                0x0000000000405a10                fdatasync
                0x0000000000405a20                fstat
                0x0000000000405a30                fprintf
                0x0000000000405a40                kill
                0x0000000000405a50                fputs_unlocked
                0x0000000000405a60                ctime
                0x0000000000405a70                strcat
                0x0000000000405a80                bind
                0x0000000000405a90                getmntent_r
                0x0000000000405aa0                inet_addr
                0x0000000000405ab0                vprintf
                0x0000000000405ac0                umount2
                0x0000000000405ad0                mkfifo
                0x0000000000405ae0                if_nametoindex
                0x0000000000405af0                reboot
                0x0000000000405b00                chdir
                0x0000000000405b10                initgroups
                0x0000000000405b20                fseeko
                0x0000000000405b30                endgrent
                0x0000000000405b40                setsockopt
                0x0000000000405b50                wait3
                0x0000000000405b60                cos
                0x0000000000405b70                memchr
                0x0000000000405b80                swapoff
                0x0000000000405b90                wait
                0x0000000000405ba0                umask
                0x0000000000405bb0                dprintf
                0x0000000000405bc0                mktime
                0x0000000000405bd0                strcasestr
                0x0000000000405be0                lstat
                0x0000000000405bf0                strstr
                0x0000000000405c00                sin
                0x0000000000405c10                rand
                0x0000000000405c20                flock
                0x0000000000405c30                setgid
                0x0000000000405c40                atan2
                0x0000000000405c50                signal
                0x0000000000405c60                read
                0x0000000000405c70                openlog
                0x0000000000405c80                sendmsg
                0x0000000000405c90                closelog
                0x0000000000405ca0                strncmp
                0x0000000000405cb0                setpgrp
                0x0000000000405cc0                pow
                0x0000000000405cd0                strncpy
                0x0000000000405ce0                unlink
                0x0000000000405cf0                sync
                0x0000000000405d00                setenv
                0x0000000000405d10                strcasecmp
                0x0000000000405d20                sendto
                0x0000000000405d30                realloc
                0x0000000000405d40                sigfillset
                0x0000000000405d50                memcmp
                0x0000000000405d60                crypt
                0x0000000000405d70                fdopen
                0x0000000000405d80                fork
                0x0000000000405d90                sscanf
                0x0000000000405da0                execv
                0x0000000000405db0                setmntent
                0x0000000000405dc0                statvfs
                0x0000000000405dd0                execlp
                0x0000000000405de0                sigaction
                0x0000000000405df0                endmntent
                0x0000000000405e00                killpg
                0x0000000000405e10                fread
                0x0000000000405e20                ttyname_r
                0x0000000000405e30                strdup
                0x0000000000405e40                inet_aton
                0x0000000000405e50                strtoull
                0x0000000000405e60                regcomp
                0x0000000000405e70                symlink
                0x0000000000405e80                gettimeofday
                0x0000000000405e90                fopen
                0x0000000000405ea0                getopt
                0x0000000000405eb0                localtime
                0x0000000000405ec0                memset
                0x0000000000405ed0                fnmatch
                0x0000000000405ee0                getsid
                0x0000000000405ef0                srand
                0x0000000000405f00                clearerr
                0x0000000000405f10                fclose
                0x0000000000405f20                inet_ntoa
                0x0000000000405f30                getppid
                0x0000000000405f40                tcgetattr
                0x0000000000405f50                getservbyport
                0x0000000000405f60                regexec
                0x0000000000405f70                time
                0x0000000000405f80                opendir
                0x0000000000405f90                getgroups
                0x0000000000405fa0                poll
                0x0000000000405fb0                getgrouplist
                0x0000000000405fc0                syslog
                0x0000000000405fd0                seteuid
                0x0000000000405fe0                exp
                0x0000000000405ff0                mount
                0x0000000000406000                strcmp
                0x0000000000406010                shutdown
                0x0000000000406020                getpwuid
                0x0000000000406030                dup
                0x0000000000406040                swapon
                0x0000000000406050                getcwd
                0x0000000000406060                gethostbyname
                0x0000000000406070                strsignal
                0x0000000000406080                getpwnam
                0x0000000000406090                futimens
                0x00000000004060a0                getservbyname
                0x00000000004060b0                sprintf
                0x00000000004060c0                strcspn
                0x00000000004060d0                scanf
                0x00000000004060e0                regerror
                0x00000000004060f0                mkstemp
                0x0000000000406100                vfork
                0x0000000000406110                sched_getaffinity
                0x0000000000406120                strsep
                0x0000000000406130                putchar_unlocked
                0x0000000000406140                fsync
                0x0000000000406150                feof_unlocked
                0x0000000000406160                getchar_unlocked
                0x0000000000406170                sched_setaffinity
                0x0000000000406180                localtime_r
                0x0000000000406190                getaddrinfo
                0x00000000004061a0                strftime
                0x00000000004061b0                stat
                0x00000000004061c0                mkdtemp
                0x00000000004061d0                stpncpy
                0x00000000004061e0                getmntent
                0x00000000004061f0                fwrite
                0x0000000000406200                ns_get16
                0x0000000000406210                access
                0x0000000000406220                strptime
                0x0000000000406230                freopen
                0x0000000000406240                tcgetpgrp
                0x0000000000406250                __errno_location
                0x0000000000406260                link
                0x0000000000406270                exit
                0x0000000000406280                klogctl
                0x0000000000406290                setbuf
                0x00000000004062a0                inet_ntop
                0x00000000004062b0                getgrnam
                0x00000000004062c0                atoi
                0x00000000004062d0                ferror_unlocked
                0x00000000004062e0                fgets_unlocked
                0x00000000004062f0                getline
                0x0000000000406300                _exit
                0x0000000000406310                strverscmp
                0x0000000000406320                strspn
                0x0000000000406330                __libc_start_main
                0x0000000000406340                strlen
                0x0000000000406350                open
                0x0000000000406360                regfree
                0x0000000000406370                strchr
                0x0000000000406380                fputs
                0x0000000000406390                adjtimex
                0x00000000004063a0                execvp
                0x00000000004063b0                setsid
                0x00000000004063c0                setegid
                0x00000000004063d0                closedir
                0x00000000004063e0                vasprintf
                0x00000000004063f0                recvmsg
                0x0000000000406400                strchrnul
                0x0000000000406410                fcntl
                0x0000000000406420                tzset
                0x0000000000406430                sched_yield
                0x0000000000406440                setuid
                0x0000000000406450                tcsetattr
                0x0000000000406460                mkdir
                0x0000000000406470                close
                0x0000000000406480                vfprintf
                0x0000000000406490                strpbrk
                0x00000000004064a0                tcsetpgrp
                0x00000000004064b0                sigsuspend
                0x00000000004064c0                raise
                0x00000000004064d0                free
                0x00000000004064e0                sigprocmask
                0x00000000004064f0                getsockname
 *(SORT_BY_ALIGNMENT(.iplt))
 .iplt          0x0000000000406500        0x0 /home/notlean/openwrt-uboost/staging_dir/toolchain-aarch64_cortex-a53_gcc-12.3.0_musl/lib/gcc/aarch64-openwrt-linux-musl/12.3.0/../../../../aarch64-openwrt-linux-musl/lib/crt1.o

.text           0x0000000000406500    0x4d8e4
 *(SORT_BY_ALIGNMENT(.text.unlikely) SORT_BY_ALIGNMENT(.text.*_unlikely) SORT_BY_ALIGNMENT(.text.unlikely.*))
 *(SORT_BY_ALIGNMENT(.text.exit) SORT_BY_ALIGNMENT(.text.exit.*))
 *(SORT_BY_ALIGNMENT(.text.startup) SORT_BY_ALIGNMENT(.text.startup.*))
 *(SORT_BY_ALIGNMENT(.text.hot) SORT_BY_ALIGNMENT(.text.hot.*))
 *(SORT_BY_NAME(SORT_BY_ALIGNMENT(.text.sorted.*)))
 *(SORT_BY_ALIGNMENT(.text) SORT_BY_ALIGNMENT(.stub) SORT_BY_ALIGNMENT(.text.*) SORT_BY_ALIGNMENT(.gnu.linkonce.t.*))
 .text          0x0000000000406500       0x1c /home/notlean/openwrt-uboost/staging_dir/toolchain-aarch64_cortex-a53_gcc-12.3.0_musl/lib/gcc/aarch64-openwrt-linux-musl/12.3.0/../../../../aarch64-openwrt-linux-musl/lib/crt1.o
                0x0000000000406500                _start
 .text._start_c
                0x000000000040651c       0x28 /home/notlean/openwrt-uboost/staging_dir/toolchain-aarch64_cortex-a53_gcc-12.3.0_musl/lib/gcc/aarch64-openwrt-linux-musl/12.3.0/../../../../aarch64-openwrt-linux-musl/lib/crt1.o
                0x000000000040651c                _start_c
 .text          0x0000000000406544       0x68 /home/notlean/openwrt-uboost/staging_dir/toolchain-aarch64_cortex-a53_gcc-12.3.0_musl/lib/gcc/aarch64-openwrt-linux-musl/12.3.0/crtbegin.o
 .text.record_signo
                0x00000000004065ac        0xc /home/notlean/openwrt-uboost/tmp/cc0dSt9z.ltrans0.ltrans.o
                0x00000000004065ac                record_signo
 .text.at_end   0x00000000004065b8       0x24 /home/notlean/openwrt-uboost/tmp/cc0dSt9z.ltrans0.ltrans.o
 .text.cap_cur_fline
                0x00000000004065dc       0x3c /home/notlean/openwrt-uboost/tmp/cc0dSt9z.ltrans0.ltrans.o
 .text.ptok     0x0000000000406618       0x28 /home/notlean/openwrt-uboost/tmp/cc0dSt9z.ltrans0.ltrans.o
 .text.prg_cache_get
                0x0000000000406640       0x48 /home/notlean/openwrt-uboost/tmp/cc0dSt9z.ltrans0.ltrans.o
 .text.my_SQRT  0x0000000000406688       0x3c /home/notlean/openwrt-uboost/tmp/cc0dSt9z.ltrans0.ltrans.o
 .text.compare_point_edge
                0x00000000004066c4       0x18 /home/notlean/openwrt-uboost/tmp/cc0dSt9z.ltrans0.ltrans.o
 .text.compare_survivor_metric
                0x00000000004066dc       0x18 /home/notlean/openwrt-uboost/tmp/cc0dSt9z.ltrans0.ltrans.o
 .text.bb_get_last_path_component_nostrip
                0x00000000004066f4       0x38 /home/notlean/openwrt-uboost/tmp/cc0dSt9z.ltrans0.ltrans.o
 .text.jump     0x000000000040672c       0x1c /home/notlean/openwrt-uboost/tmp/cc0dSt9z.ltrans0.ltrans.o
 .text.delete_cronfile
                0x0000000000406748       0xc0 /home/notlean/openwrt-uboost/tmp/cc0dSt9z.ltrans0.ltrans.o
 .text.clear_line
                0x0000000000406808       0x1c /home/notlean/openwrt-uboost/tmp/cc0dSt9z.ltrans0.ltrans.o
 .text.print_statusline
                0x0000000000406824       0x30 /home/notlean/openwrt-uboost/tmp/cc0dSt9z.ltrans0.ltrans.o
 .text.print_bytes_scaled
                0x0000000000406854       0x50 /home/notlean/openwrt-uboost/tmp/cc0dSt9z.ltrans0.ltrans.o
 .text.status_print
                0x00000000004068a4       0x7c /home/notlean/openwrt-uboost/tmp/cc0dSt9z.ltrans0.ltrans.o
 .text.exit_unlock
                0x0000000000406920       0x1c /home/notlean/openwrt-uboost/tmp/cc0dSt9z.ltrans0.ltrans.o
 .text.lock_main
                0x000000000040693c      0x2c8 /home/notlean/openwrt-uboost/tmp/cc0dSt9z.ltrans0.ltrans.o
 .text.compare_fdbs
                0x0000000000406c04        0x8 /home/notlean/openwrt-uboost/tmp/cc0dSt9z.ltrans0.ltrans.o
 .text.add_ns   0x0000000000406c0c       0x70 /home/notlean/openwrt-uboost/tmp/cc0dSt9z.ltrans0.ltrans.o
 .text.INET_sprint
                0x0000000000406c7c       0x34 /home/notlean/openwrt-uboost/tmp/cc0dSt9z.ltrans0.ltrans.o
 .text.INET_input
                0x0000000000406cb0        0x8 /home/notlean/openwrt-uboost/tmp/cc0dSt9z.ltrans0.ltrans.o
 .text.INET6_input
                0x0000000000406cb8        0x4 /home/notlean/openwrt-uboost/tmp/cc0dSt9z.ltrans0.ltrans.o
 .text.netmsg_main
                0x0000000000406cbc      0x158 /home/notlean/openwrt-uboost/tmp/cc0dSt9z.ltrans0.ltrans.o
 .text.build_ipv6_addr
                0x0000000000406e14       0x84 /home/notlean/openwrt-uboost/tmp/cc0dSt9z.ltrans0.ltrans.o
 .text.scan_inet_proc_line
                0x0000000000406e98       0xd4 /home/notlean/openwrt-uboost/tmp/cc0dSt9z.ltrans0.ltrans.o
 .text.parse_reply
                0x0000000000406f6c      0x438 /home/notlean/openwrt-uboost/tmp/cc0dSt9z.ltrans0.ltrans.o
 .text.add_query
                0x00000000004073a4       0x98 /home/notlean/openwrt-uboost/tmp/cc0dSt9z.ltrans0.ltrans.o
 .text.string_array_len
                0x000000000040743c       0x20 /home/notlean/openwrt-uboost/tmp/cc0dSt9z.ltrans0.ltrans.o
                0x000000000040743c                string_array_len
 .text.find_applet_by_name
                0x000000000040745c       0xc8 /home/notlean/openwrt-uboost/tmp/cc0dSt9z.ltrans0.ltrans.o
                0x000000000040745c                find_applet_by_name
 .text.is_prefixed_with
                0x0000000000407524       0x30 /home/notlean/openwrt-uboost/tmp/cc0dSt9z.ltrans0.ltrans.o
                0x0000000000407524                is_prefixed_with
 .text.index_in_strings
                0x0000000000407554       0x4c /home/notlean/openwrt-uboost/tmp/cc0dSt9z.ltrans0.ltrans.o
                0x0000000000407554                index_in_strings
 .text.index_in_substrings
                0x00000000004075a0       0x98 /home/notlean/openwrt-uboost/tmp/cc0dSt9z.ltrans0.ltrans.o
                0x00000000004075a0                index_in_substrings
 .text.nth_string
                0x0000000000407638       0x20 /home/notlean/openwrt-uboost/tmp/cc0dSt9z.ltrans0.ltrans.o
                0x0000000000407638                nth_string
 .text.bb_basename
                0x0000000000407658       0x24 /home/notlean/openwrt-uboost/tmp/cc0dSt9z.ltrans0.ltrans.o
                0x0000000000407658                bb_basename
 .text.last_char_is
                0x000000000040767c       0x30 /home/notlean/openwrt-uboost/tmp/cc0dSt9z.ltrans0.ltrans.o
                0x000000000040767c                last_char_is
 .text.bb_get_last_path_component_strip
                0x00000000004076ac       0x3c /home/notlean/openwrt-uboost/tmp/cc0dSt9z.ltrans0.ltrans.o
                0x00000000004076ac                bb_get_last_path_component_strip
 .text.unix_do_one
                0x00000000004076e8      0x36c /home/notlean/openwrt-uboost/tmp/cc0dSt9z.ltrans0.ltrans.o
 .text.xfunc_die
                0x0000000000407a54       0x20 /home/notlean/openwrt-uboost/tmp/cc0dSt9z.ltrans0.ltrans.o
                0x0000000000407a54                xfunc_die
 .text.bb_show_usage
                0x0000000000407a74       0xb0 /home/notlean/openwrt-uboost/tmp/cc0dSt9z.ltrans0.ltrans.o
                0x0000000000407a74                bb_show_usage
 .text.show_usage_if_dash_dash_help
                0x0000000000407b24       0x60 /home/notlean/openwrt-uboost/tmp/cc0dSt9z.ltrans0.ltrans.o
 .text.ip_print_help
                0x0000000000407b84        0x8 /home/notlean/openwrt-uboost/tmp/cc0dSt9z.ltrans0.ltrans.o
 .text.ip_main  0x0000000000407b8c      0x140 /home/notlean/openwrt-uboost/tmp/cc0dSt9z.ltrans0.ltrans.o
 .text.run_applet_no_and_exit
                0x0000000000407ccc       0x48 /home/notlean/openwrt-uboost/tmp/cc0dSt9z.ltrans0.ltrans.o
 .text.main     0x0000000000407d14       0xe8 /home/notlean/openwrt-uboost/tmp/cc0dSt9z.ltrans0.ltrans.o
                0x0000000000407d14                main
 .text.ndelay_on
                0x0000000000407dfc       0x3c /home/notlean/openwrt-uboost/tmp/cc0dSt9z.ltrans0.ltrans.o
                0x0000000000407dfc                ndelay_on
 .text.close_on_exec_on
                0x0000000000407e38        0xc /home/notlean/openwrt-uboost/tmp/cc0dSt9z.ltrans0.ltrans.o
                0x0000000000407e38                close_on_exec_on
 .text.utoa_to_buf
                0x0000000000407e44       0x64 /home/notlean/openwrt-uboost/tmp/cc0dSt9z.ltrans0.ltrans.o
                0x0000000000407e44                utoa_to_buf
 .text.utoa     0x0000000000407ea8       0x28 /home/notlean/openwrt-uboost/tmp/cc0dSt9z.ltrans0.ltrans.o
                0x0000000000407ea8                utoa
 .text.itoa     0x0000000000407ed0       0x48 /home/notlean/openwrt-uboost/tmp/cc0dSt9z.ltrans0.ltrans.o
                0x0000000000407ed0                itoa
 .text.bin2hex  0x0000000000407f18       0x50 /home/notlean/openwrt-uboost/tmp/cc0dSt9z.ltrans0.ltrans.o
                0x0000000000407f18                bin2hex
 .text.get_terminal_width_height
                0x0000000000407f68       0xcc /home/notlean/openwrt-uboost/tmp/cc0dSt9z.ltrans0.ltrans.o
                0x0000000000407f68                get_terminal_width_height
 .text.is_TERM_dumb
                0x0000000000408034       0x3c /home/notlean/openwrt-uboost/tmp/cc0dSt9z.ltrans0.ltrans.o
                0x0000000000408034                is_TERM_dumb
 .text.safe_waitpid
                0x0000000000408070       0x54 /home/notlean/openwrt-uboost/tmp/cc0dSt9z.ltrans0.ltrans.o
                0x0000000000408070                safe_waitpid
 .text.wait4pid
                0x00000000004080c4       0x60 /home/notlean/openwrt-uboost/tmp/cc0dSt9z.ltrans0.ltrans.o
 .text._exit_SUCCESS
                0x0000000000408124        0xc /home/notlean/openwrt-uboost/tmp/cc0dSt9z.ltrans0.ltrans.o
                0x0000000000408124                _exit_SUCCESS
 .text.fflush_all
                0x0000000000408130        0x8 /home/notlean/openwrt-uboost/tmp/cc0dSt9z.ltrans0.ltrans.o
                0x0000000000408130                fflush_all
 .text.run_nofork_applet
                0x0000000000408138      0x264 /home/notlean/openwrt-uboost/tmp/cc0dSt9z.ltrans0.ltrans.o
 .text.spawn    0x000000000040839c       0x7c /home/notlean/openwrt-uboost/tmp/cc0dSt9z.ltrans0.ltrans.o
 .text.spawn_and_wait
                0x0000000000408418       0xc8 /home/notlean/openwrt-uboost/tmp/cc0dSt9z.ltrans0.ltrans.o
                0x0000000000408418                spawn_and_wait
 .text.alarm_handler
                0x00000000004084e0       0x3c /home/notlean/openwrt-uboost/tmp/cc0dSt9z.ltrans0.ltrans.o
 .text.set_tty_cooked
                0x000000000040851c       0x24 /home/notlean/openwrt-uboost/tmp/cc0dSt9z.ltrans0.ltrans.o
 .text.restore_tty
                0x0000000000408540       0x28 /home/notlean/openwrt-uboost/tmp/cc0dSt9z.ltrans0.ltrans.o
 .text.less_exit
                0x0000000000408568       0x10 /home/notlean/openwrt-uboost/tmp/cc0dSt9z.ltrans0.ltrans.o
 .text.buffer_print
                0x0000000000408578      0x21c /home/notlean/openwrt-uboost/tmp/cc0dSt9z.ltrans0.ltrans.o
 .text.buffer_fill_and_print
                0x0000000000408794       0x60 /home/notlean/openwrt-uboost/tmp/cc0dSt9z.ltrans0.ltrans.o
 .text.file_is_executable
                0x00000000004087f4       0x44 /home/notlean/openwrt-uboost/tmp/cc0dSt9z.ltrans0.ltrans.o
                0x00000000004087f4                file_is_executable
 .text.llist_pop
                0x0000000000408838       0x2c /home/notlean/openwrt-uboost/tmp/cc0dSt9z.ltrans0.ltrans.o
                0x0000000000408838                llist_pop
 .text.safe_read
                0x0000000000408864       0x58 /home/notlean/openwrt-uboost/tmp/cc0dSt9z.ltrans0.ltrans.o
                0x0000000000408864                safe_read
 .text.full_read
                0x00000000004088bc       0x68 /home/notlean/openwrt-uboost/tmp/cc0dSt9z.ltrans0.ltrans.o
                0x00000000004088bc                full_read
 .text.open_read_close
                0x0000000000408924       0x50 /home/notlean/openwrt-uboost/tmp/cc0dSt9z.ltrans0.ltrans.o
                0x0000000000408924                open_read_close
 .text.read_file
                0x0000000000408974       0x5c /home/notlean/openwrt-uboost/tmp/cc0dSt9z.ltrans0.ltrans.o
 .text.show_bridge
                0x00000000004089d0      0x1d4 /home/notlean/openwrt-uboost/tmp/cc0dSt9z.ltrans0.ltrans.o
 .text.safe_strncpy
                0x0000000000408ba4       0x14 /home/notlean/openwrt-uboost/tmp/cc0dSt9z.ltrans0.ltrans.o
                0x0000000000408ba4                safe_strncpy
 .text.overlapping_strcpy
                0x0000000000408bb8       0x20 /home/notlean/openwrt-uboost/tmp/cc0dSt9z.ltrans0.ltrans.o
                0x0000000000408bb8                overlapping_strcpy
 .text.safe_write
                0x0000000000408bd8       0x58 /home/notlean/openwrt-uboost/tmp/cc0dSt9z.ltrans0.ltrans.o
                0x0000000000408bd8                safe_write
 .text.full_write
                0x0000000000408c30       0x60 /home/notlean/openwrt-uboost/tmp/cc0dSt9z.ltrans0.ltrans.o
                0x0000000000408c30                full_write
 .text.bb_signals
                0x0000000000408c90       0x54 /home/notlean/openwrt-uboost/tmp/cc0dSt9z.ltrans0.ltrans.o
                0x0000000000408c90                bb_signals
 .text.kill_myself_with_sig
                0x0000000000408ce4       0x44 /home/notlean/openwrt-uboost/tmp/cc0dSt9z.ltrans0.ltrans.o
                0x0000000000408ce4                kill_myself_with_sig
 .text.sig_catcher
                0x0000000000408d28       0x14 /home/notlean/openwrt-uboost/tmp/cc0dSt9z.ltrans0.ltrans.o
 .text.strftime_fmt.lto_priv.0
                0x0000000000408d3c       0x54 /home/notlean/openwrt-uboost/tmp/cc0dSt9z.ltrans0.ltrans.o
                0x0000000000408d3c                strftime_fmt.lto_priv.0
 .text.bb_verror_msg
                0x0000000000408d90      0x244 /home/notlean/openwrt-uboost/tmp/cc0dSt9z.ltrans0.ltrans.o
                0x0000000000408d90                bb_verror_msg
 .text.ioctl_or_perror_and_die
                0x0000000000408fd4       0x8c /home/notlean/openwrt-uboost/tmp/cc0dSt9z.ltrans0.ltrans.o
 .text.bb_perror_msg
                0x0000000000409060       0x94 /home/notlean/openwrt-uboost/tmp/cc0dSt9z.ltrans0.ltrans.o
                0x0000000000409060                bb_perror_msg
 .text.open3_or_warn
                0x00000000004090f4       0x38 /home/notlean/openwrt-uboost/tmp/cc0dSt9z.ltrans0.ltrans.o
                0x00000000004090f4                open3_or_warn
 .text.chdir_or_warn
                0x000000000040912c       0x38 /home/notlean/openwrt-uboost/tmp/cc0dSt9z.ltrans0.ltrans.o
                0x000000000040912c                chdir_or_warn
 .text.xchdir   0x0000000000409164       0x18 /home/notlean/openwrt-uboost/tmp/cc0dSt9z.ltrans0.ltrans.o
                0x0000000000409164                xchdir
 .text.bb_simple_perror_msg
                0x000000000040917c       0x10 /home/notlean/openwrt-uboost/tmp/cc0dSt9z.ltrans0.ltrans.o
                0x000000000040917c                bb_simple_perror_msg
 .text.bb_full_fd_action.lto_priv.0
                0x000000000040918c      0x140 /home/notlean/openwrt-uboost/tmp/cc0dSt9z.ltrans0.ltrans.o
                0x000000000040918c                bb_full_fd_action.lto_priv.0
 .text.bb_copyfd_eof
                0x00000000004092cc        0x8 /home/notlean/openwrt-uboost/tmp/cc0dSt9z.ltrans0.ltrans.o
                0x00000000004092cc                bb_copyfd_eof
 .text.bb_perror_msg_and_die
                0x00000000004092d4       0x90 /home/notlean/openwrt-uboost/tmp/cc0dSt9z.ltrans0.ltrans.o
                0x00000000004092d4                bb_perror_msg_and_die
 .text.xfopen   0x0000000000409364       0x28 /home/notlean/openwrt-uboost/tmp/cc0dSt9z.ltrans0.ltrans.o
                0x0000000000409364                xfopen
 .text.xopen3   0x000000000040938c       0x28 /home/notlean/openwrt-uboost/tmp/cc0dSt9z.ltrans0.ltrans.o
                0x000000000040938c                xopen3
 .text.xopen    0x00000000004093b4        0x8 /home/notlean/openwrt-uboost/tmp/cc0dSt9z.ltrans0.ltrans.o
                0x00000000004093b4                xopen
 .text.xrename  0x00000000004093bc       0x38 /home/notlean/openwrt-uboost/tmp/cc0dSt9z.ltrans0.ltrans.o
                0x00000000004093bc                xrename
 .text.xlseek   0x00000000004093f4       0x3c /home/notlean/openwrt-uboost/tmp/cc0dSt9z.ltrans0.ltrans.o
                0x00000000004093f4                xlseek
 .text.xchroot  0x0000000000409430       0x30 /home/notlean/openwrt-uboost/tmp/cc0dSt9z.ltrans0.ltrans.o
                0x0000000000409430                xchroot
 .text.xopendir
                0x0000000000409460       0x28 /home/notlean/openwrt-uboost/tmp/cc0dSt9z.ltrans0.ltrans.o
                0x0000000000409460                xopendir
 .text.xsocket  0x0000000000409488       0x7c /home/notlean/openwrt-uboost/tmp/cc0dSt9z.ltrans0.ltrans.o
                0x0000000000409488                xsocket
 .text.xstat    0x0000000000409504       0x28 /home/notlean/openwrt-uboost/tmp/cc0dSt9z.ltrans0.ltrans.o
                0x0000000000409504                xstat
 .text.BB_EXECVP_or_die
                0x000000000040952c       0x44 /home/notlean/openwrt-uboost/tmp/cc0dSt9z.ltrans0.ltrans.o
                0x000000000040952c                BB_EXECVP_or_die
 .text.bb_simple_perror_msg_and_die
                0x0000000000409570       0x14 /home/notlean/openwrt-uboost/tmp/cc0dSt9z.ltrans0.ltrans.o
                0x0000000000409570                bb_simple_perror_msg_and_die
 .text.xpipe    0x0000000000409584       0x20 /home/notlean/openwrt-uboost/tmp/cc0dSt9z.ltrans0.ltrans.o
                0x0000000000409584                xpipe
 .text.xdup2    0x00000000004095a4       0x28 /home/notlean/openwrt-uboost/tmp/cc0dSt9z.ltrans0.ltrans.o
                0x00000000004095a4                xdup2
 .text.bb_daemonize_or_rexec
                0x00000000004095cc       0xec /home/notlean/openwrt-uboost/tmp/cc0dSt9z.ltrans0.ltrans.o
                0x00000000004095cc                bb_daemonize_or_rexec
 .text.xmove_fd
                0x00000000004096b8       0x24 /home/notlean/openwrt-uboost/tmp/cc0dSt9z.ltrans0.ltrans.o
                0x00000000004096b8                xmove_fd
 .text.reopen_logfile_to_stderr
                0x00000000004096dc       0x38 /home/notlean/openwrt-uboost/tmp/cc0dSt9z.ltrans0.ltrans.o
 .text.xwrite   0x0000000000409714       0x40 /home/notlean/openwrt-uboost/tmp/cc0dSt9z.ltrans0.ltrans.o
                0x0000000000409714                xwrite
 .text.xclose   0x0000000000409754       0x20 /home/notlean/openwrt-uboost/tmp/cc0dSt9z.ltrans0.ltrans.o
                0x0000000000409754                xclose
 .text.xsetgid  0x0000000000409774       0x20 /home/notlean/openwrt-uboost/tmp/cc0dSt9z.ltrans0.ltrans.o
                0x0000000000409774                xsetgid
 .text.xsetuid  0x0000000000409794       0x20 /home/notlean/openwrt-uboost/tmp/cc0dSt9z.ltrans0.ltrans.o
                0x0000000000409794                xsetuid
 .text.xbind    0x00000000004097b4       0x20 /home/notlean/openwrt-uboost/tmp/cc0dSt9z.ltrans0.ltrans.o
                0x00000000004097b4                xbind
 .text.xsendto  0x00000000004097d4       0x2c /home/notlean/openwrt-uboost/tmp/cc0dSt9z.ltrans0.ltrans.o
                0x00000000004097d4                xsendto
 .text.xsettimeofday
                0x0000000000409800       0x24 /home/notlean/openwrt-uboost/tmp/cc0dSt9z.ltrans0.ltrans.o
                0x0000000000409800                xsettimeofday
 .text.write_uint
                0x0000000000409824       0x98 /home/notlean/openwrt-uboost/tmp/cc0dSt9z.ltrans0.ltrans.o
 .text.edit_file
                0x00000000004098bc       0xc4 /home/notlean/openwrt-uboost/tmp/cc0dSt9z.ltrans0.ltrans.o
 .text.log8     0x0000000000409980       0x8c /home/notlean/openwrt-uboost/tmp/cc0dSt9z.ltrans0.ltrans.o
 .text.log5     0x0000000000409a0c       0x8c /home/notlean/openwrt-uboost/tmp/cc0dSt9z.ltrans0.ltrans.o
 .text.bb_error_msg_and_die
                0x0000000000409a98       0x70 /home/notlean/openwrt-uboost/tmp/cc0dSt9z.ltrans0.ltrans.o
                0x0000000000409a98                bb_error_msg_and_die
 .text.die_if_ferror
                0x0000000000409b08       0x28 /home/notlean/openwrt-uboost/tmp/cc0dSt9z.ltrans0.ltrans.o
                0x0000000000409b08                die_if_ferror
 .text.parse_datestr
                0x0000000000409b30      0x48c /home/notlean/openwrt-uboost/tmp/cc0dSt9z.ltrans0.ltrans.o
                0x0000000000409b30                parse_datestr
 .text.bb_error_msg
                0x0000000000409fbc       0x78 /home/notlean/openwrt-uboost/tmp/cc0dSt9z.ltrans0.ltrans.o
                0x0000000000409fbc                bb_error_msg
 .text.ParseField
                0x000000000040a034      0x258 /home/notlean/openwrt-uboost/tmp/cc0dSt9z.ltrans0.ltrans.o
 .text.bb_simple_error_msg
                0x000000000040a28c       0x10 /home/notlean/openwrt-uboost/tmp/cc0dSt9z.ltrans0.ltrans.o
                0x000000000040a28c                bb_simple_error_msg
 .text.bb_simple_error_msg_and_die
                0x000000000040a29c       0x14 /home/notlean/openwrt-uboost/tmp/cc0dSt9z.ltrans0.ltrans.o
                0x000000000040a29c                bb_simple_error_msg_and_die
 .text.bb_die_memory_exhausted
                0x000000000040a2b0       0x10 /home/notlean/openwrt-uboost/tmp/cc0dSt9z.ltrans0.ltrans.o
                0x000000000040a2b0                bb_die_memory_exhausted
 .text.xmalloc  0x000000000040a2c0       0x24 /home/notlean/openwrt-uboost/tmp/cc0dSt9z.ltrans0.ltrans.o
                0x000000000040a2c0                xmalloc
 .text.xzalloc  0x000000000040a2e4       0x30 /home/notlean/openwrt-uboost/tmp/cc0dSt9z.ltrans0.ltrans.o
                0x000000000040a2e4                xzalloc
 .text.llist_add_to_end
                0x000000000040a314       0x3c /home/notlean/openwrt-uboost/tmp/cc0dSt9z.ltrans0.ltrans.o
                0x000000000040a314                llist_add_to_end
 .text.xmemdup  0x000000000040a350       0x54 /home/notlean/openwrt-uboost/tmp/cc0dSt9z.ltrans0.ltrans.o
                0x000000000040a350                xmemdup
 .text.llist_add_to
                0x000000000040a3a4       0x30 /home/notlean/openwrt-uboost/tmp/cc0dSt9z.ltrans0.ltrans.o
                0x000000000040a3a4                llist_add_to
 .text.UNSPEC_print
                0x000000000040a3d4       0x64 /home/notlean/openwrt-uboost/tmp/cc0dSt9z.ltrans0.ltrans.o
 .text.UNSPEC_sprint
                0x000000000040a438       0x28 /home/notlean/openwrt-uboost/tmp/cc0dSt9z.ltrans0.ltrans.o
 .text.xrealloc
                0x000000000040a460       0x24 /home/notlean/openwrt-uboost/tmp/cc0dSt9z.ltrans0.ltrans.o
                0x000000000040a460                xrealloc
 .text.read_lines
                0x000000000040a484      0x328 /home/notlean/openwrt-uboost/tmp/cc0dSt9z.ltrans0.ltrans.o
 .text.buffer_down
                0x000000000040a7ac       0x28 /home/notlean/openwrt-uboost/tmp/cc0dSt9z.ltrans0.ltrans.o
 .text.buffer_up
                0x000000000040a7d4       0x28 /home/notlean/openwrt-uboost/tmp/cc0dSt9z.ltrans0.ltrans.o
 .text.buffer_to_line
                0x000000000040a7fc       0xc0 /home/notlean/openwrt-uboost/tmp/cc0dSt9z.ltrans0.ltrans.o
 .text.getch_nowait
                0x000000000040a8bc      0x11c /home/notlean/openwrt-uboost/tmp/cc0dSt9z.ltrans0.ltrans.o
 .text.less_getch
                0x000000000040a9d8       0x4c /home/notlean/openwrt-uboost/tmp/cc0dSt9z.ltrans0.ltrans.o
 .text.less_gets
                0x000000000040aa24       0xd8 /home/notlean/openwrt-uboost/tmp/cc0dSt9z.ltrans0.ltrans.o
 .text.do_info  0x000000000040aafc      0x174 /home/notlean/openwrt-uboost/tmp/cc0dSt9z.ltrans0.ltrans.o
 .text.xstrdup  0x000000000040ac70       0x20 /home/notlean/openwrt-uboost/tmp/cc0dSt9z.ltrans0.ltrans.o
                0x000000000040ac70                xstrdup
 .text.xmalloc_ttyname
                0x000000000040ac90       0x2c /home/notlean/openwrt-uboost/tmp/cc0dSt9z.ltrans0.ltrans.o
 .text.load_crontab
                0x000000000040acbc      0x348 /home/notlean/openwrt-uboost/tmp/cc0dSt9z.ltrans0.ltrans.o
 .text.rescan_crontab_dir
                0x000000000040b004       0xa4 /home/notlean/openwrt-uboost/tmp/cc0dSt9z.ltrans0.ltrans.o
 .text.reinitialize
                0x000000000040b0a8       0xa4 /home/notlean/openwrt-uboost/tmp/cc0dSt9z.ltrans0.ltrans.o
 .text.examine_file
                0x000000000040b14c       0x88 /home/notlean/openwrt-uboost/tmp/cc0dSt9z.ltrans0.ltrans.o
 .text.change_file
                0x000000000040b1d4       0x80 /home/notlean/openwrt-uboost/tmp/cc0dSt9z.ltrans0.ltrans.o
 .text.INET6_sprint
                0x000000000040b254       0xac /home/notlean/openwrt-uboost/tmp/cc0dSt9z.ltrans0.ltrans.o
 .text.do_if_print
                0x000000000040b300      0x884 /home/notlean/openwrt-uboost/tmp/cc0dSt9z.ltrans0.ltrans.o
 .text.parse_resolvconf
                0x000000000040bb84      0x164 /home/notlean/openwrt-uboost/tmp/cc0dSt9z.ltrans0.ltrans.o
 .text.xstrndup
                0x000000000040bce8       0x18 /home/notlean/openwrt-uboost/tmp/cc0dSt9z.ltrans0.ltrans.o
                0x000000000040bce8                xstrndup
 .text.bb_unsetenv
                0x000000000040bd00       0x80 /home/notlean/openwrt-uboost/tmp/cc0dSt9z.ltrans0.ltrans.o
                0x000000000040bd00                bb_unsetenv
 .text.xasprintf
                0x000000000040bd80       0x88 /home/notlean/openwrt-uboost/tmp/cc0dSt9z.ltrans0.ltrans.o
                0x000000000040bd80                xasprintf
 .text.safe_setenv
                0x000000000040be08       0x58 /home/notlean/openwrt-uboost/tmp/cc0dSt9z.ltrans0.ltrans.o
 .text.start_one_job
                0x000000000040be60      0x178 /home/notlean/openwrt-uboost/tmp/cc0dSt9z.ltrans0.ltrans.o
 .text.ether_print
                0x000000000040bfd8       0x30 /home/notlean/openwrt-uboost/tmp/cc0dSt9z.ltrans0.ltrans.o
 .text.ip_port_str
                0x000000000040c008       0xb4 /home/notlean/openwrt-uboost/tmp/cc0dSt9z.ltrans0.ltrans.o
 .text.print_inet_line
                0x000000000040c0bc      0x100 /home/notlean/openwrt-uboost/tmp/cc0dSt9z.ltrans0.ltrans.o
 .text.tcp_do_one
                0x000000000040c1bc       0x98 /home/notlean/openwrt-uboost/tmp/cc0dSt9z.ltrans0.ltrans.o
 .text.udp_do_one
                0x000000000040c254       0xf4 /home/notlean/openwrt-uboost/tmp/cc0dSt9z.ltrans0.ltrans.o
 .text.raw_do_one
                0x000000000040c348       0xb8 /home/notlean/openwrt-uboost/tmp/cc0dSt9z.ltrans0.ltrans.o
 .text.add_query_with_search
                0x000000000040c400       0xa8 /home/notlean/openwrt-uboost/tmp/cc0dSt9z.ltrans0.ltrans.o
 .text.xsetenv  0x000000000040c4a8       0x1c /home/notlean/openwrt-uboost/tmp/cc0dSt9z.ltrans0.ltrans.o
                0x000000000040c4a8                xsetenv
 .text.bb_copyfd_exact_size
                0x000000000040c4c4       0x44 /home/notlean/openwrt-uboost/tmp/cc0dSt9z.ltrans0.ltrans.o
                0x000000000040c4c4                bb_copyfd_exact_size
 .text.get_mono.lto_priv.0
                0x000000000040c508       0x28 /home/notlean/openwrt-uboost/tmp/cc0dSt9z.ltrans0.ltrans.o
                0x000000000040c508                get_mono.lto_priv.0
 .text.monotonic_us
                0x000000000040c530       0x2c /home/notlean/openwrt-uboost/tmp/cc0dSt9z.ltrans0.ltrans.o
                0x000000000040c530                monotonic_us
 .text.monotonic_ms
                0x000000000040c55c       0x2c /home/notlean/openwrt-uboost/tmp/cc0dSt9z.ltrans0.ltrans.o
                0x000000000040c55c                monotonic_ms
 .text.run_command
                0x000000000040c588       0xf4 /home/notlean/openwrt-uboost/tmp/cc0dSt9z.ltrans0.ltrans.o
 .text.send_queries
                0x000000000040c67c      0x380 /home/notlean/openwrt-uboost/tmp/cc0dSt9z.ltrans0.ltrans.o
 .text.xstrtoull_range_sfx
                0x000000000040c9fc      0x10c /home/notlean/openwrt-uboost/tmp/cc0dSt9z.ltrans0.ltrans.o
                0x000000000040c9fc                xstrtoull_range_sfx
 .text.show_bridge_timer
                0x000000000040cb08       0x44 /home/notlean/openwrt-uboost/tmp/cc0dSt9z.ltrans0.ltrans.o
 .text.xatoull_range
                0x000000000040cb4c       0x14 /home/notlean/openwrt-uboost/tmp/cc0dSt9z.ltrans0.ltrans.o
                0x000000000040cb4c                xatoull_range
 .text.xatoull_sfx
                0x000000000040cb60       0x14 /home/notlean/openwrt-uboost/tmp/cc0dSt9z.ltrans0.ltrans.o
                0x000000000040cb60                xatoull_sfx
 .text.xstrtou_range_sfx
                0x000000000040cb74      0x128 /home/notlean/openwrt-uboost/tmp/cc0dSt9z.ltrans0.ltrans.o
                0x000000000040cb74                xstrtou_range_sfx
 .text.printf_xstrtou
                0x000000000040cc9c       0x34 /home/notlean/openwrt-uboost/tmp/cc0dSt9z.ltrans0.ltrans.o
 .text.show_bridge_port
                0x000000000040ccd0      0x3b8 /home/notlean/openwrt-uboost/tmp/cc0dSt9z.ltrans0.ltrans.o
 .text.xatou_range
                0x000000000040d088       0x14 /home/notlean/openwrt-uboost/tmp/cc0dSt9z.ltrans0.ltrans.o