Archive member included to satisfy reference by file (symbol)

libbb/lib.a(appletlib.o)      /home/notlean/openwrt-uboost/staging_dir/toolchain-mipsel_24kc_gcc-12.3.0_musl/lib/gcc/mipsel-openwrt-linux-musl/12.3.0/../../../../mipsel-openwrt-linux-musl/lib/crt1.o (main)
libbb/lib.a(compare_string_array.o)
                              appletlib.o (symbol from plugin) (is_prefixed_with)
libbb/lib.a(default_error_retval.o)
                              appletlib.o (symbol from plugin) (xfunc_error_retval)
libbb/lib.a(get_last_path_component.o)
                              appletlib.o (symbol from plugin) (bb_basename)
libbb/lib.a(last_char_is.o)   get_last_path_component.o (symbol from plugin) (last_char_is)
libbb/lib.a(messages.o)       appletlib.o (symbol from plugin) (bb_banner)
libbb/lib.a(ptr_to_globals.o)
                              appletlib.o (symbol from plugin) (bb_errno)
libbb/lib.a(vfork_daemon_rexec.o)
                              appletlib.o (symbol from plugin) (re_execed_comm)
libbb/lib.a(xfunc_die.o)      appletlib.o (symbol from plugin) (xfunc_die)
libbb/lib.a(xfuncs.o)         appletlib.o (symbol from plugin) (full_write2_str)
libbb/lib.a(xfuncs_printf.o)  vfork_daemon_rexec.o (symbol from plugin) (xopen)
libbb/lib.a(copyfd.o)         xfuncs_printf.o (symbol from plugin) (bb_copyfd_eof)
libbb/lib.a(executable.o)     vfork_daemon_rexec.o (symbol from plugin) (BB_EXECVP)
libbb/lib.a(full_write.o)     xfuncs.o (symbol from plugin) (full_write)
libbb/lib.a(getopt32.o)       vfork_daemon_rexec.o (symbol from plugin) (option_mask32)
libbb/lib.a(llist.o)          getopt32.o (symbol from plugin) (llist_add_to_end)
libbb/lib.a(perror_msg.o)     xfuncs_printf.o (symbol from plugin) (bb_perror_msg)
libbb/lib.a(read.o)           copyfd.o (symbol from plugin) (safe_read)
libbb/lib.a(safe_strncpy.o)   getopt32.o (symbol from plugin) (overlapping_strcpy)
libbb/lib.a(safe_write.o)     full_write.o (symbol from plugin) (safe_write)
libbb/lib.a(signals.o)        xfuncs_printf.o (symbol from plugin) (kill_myself_with_sig)
libbb/lib.a(time.o)           xfuncs_printf.o (symbol from plugin) (monotonic_us)
libbb/lib.a(verror_msg.o)     xfuncs_printf.o (symbol from plugin) (bb_verror_msg)
libbb/lib.a(xatonum.o)        getopt32.o (symbol from plugin) (xatoi_positive)
libbb/lib.a(bb_strtonum.o)    time.o (symbol from plugin) (bb_strtoll)
libbb/lib.a(concat_path_file.o)
                              executable.o (symbol from plugin) (concat_path_file)
loginutils/lib.a(login.o)     appletlib.o (symbol from plugin) (login_main)
loginutils/lib.a(passwd.o)    appletlib.o (symbol from plugin) (passwd_main)
miscutils/lib.a(crond.o)      appletlib.o (symbol from plugin) (crond_main)
miscutils/lib.a(crontab.o)    appletlib.o (symbol from plugin) (crontab_main)
miscutils/lib.a(less.o)       appletlib.o (symbol from plugin) (less_main)
miscutils/lib.a(lock.o)       appletlib.o (symbol from plugin) (lock_main)
miscutils/lib.a(strings.o)    appletlib.o (symbol from plugin) (strings_main)
miscutils/lib.a(time.o)       appletlib.o (symbol from plugin) (time_main)
networking/lib.a(brctl.o)     appletlib.o (symbol from plugin) (brctl_main)
networking/lib.a(ifconfig.o)  appletlib.o (symbol from plugin) (ifconfig_main)
networking/lib.a(interface.o)
                              ifconfig.o (symbol from plugin) (display_interfaces)
networking/lib.a(ip.o)        appletlib.o (symbol from plugin) (ip_main)
networking/lib.a(nc.o)        appletlib.o (symbol from plugin) (nc_main)
networking/lib.a(netmsg.o)    appletlib.o (symbol from plugin) (netmsg_main)
networking/lib.a(netstat.o)   appletlib.o (symbol from plugin) (netstat_main)
networking/lib.a(nslookup.o)  appletlib.o (symbol from plugin) (nslookup_main)
networking/lib.a(ntpd.o)      appletlib.o (symbol from plugin) (ntpd_main)
networking/lib.a(ping.o)      appletlib.o (symbol from plugin) (ping_main)
networking/lib.a(route.o)     netstat.o (symbol from plugin) (bb_displayroutes)
networking/lib.a(traceroute.o)
                              appletlib.o (symbol from plugin) (traceroute_main)
networking/libiproute/lib.a(ip_parse_common_args.o)
                              ip.o (symbol from plugin) (ip_parse_common_args)
networking/libiproute/lib.a(ipaddress.o)
                              ip.o (symbol from plugin) (do_ipaddr)
networking/libiproute/lib.a(iplink.o)
                              ip.o (symbol from plugin) (do_iplink)
networking/libiproute/lib.a(ipneigh.o)
                              ip.o (symbol from plugin) (do_ipneigh)
networking/libiproute/lib.a(iproute.o)
                              ip.o (symbol from plugin) (do_iproute)
networking/libiproute/lib.a(iprule.o)
                              ip.o (symbol from plugin) (do_iprule)
networking/libiproute/lib.a(libnetlink.o)
                              ipaddress.o (symbol from plugin) (xrtnl_open)
networking/libiproute/lib.a(ll_addr.o)
                              ipaddress.o (symbol from plugin) (ll_addr_n2a)
[...]
Memory Configuration

Name             Origin             Length             Attributes
*default*        0x00000000         0xffffffff

Linker script and memory map

LOAD /home/notlean/openwrt-uboost/staging_dir/toolchain-mipsel_24kc_gcc-12.3.0_musl/lib/gcc/mipsel-openwrt-linux-musl/12.3.0/../../../../mipsel-openwrt-linux-musl/lib/crt1.o
LOAD /home/notlean/openwrt-uboost/staging_dir/toolchain-mipsel_24kc_gcc-12.3.0_musl/lib/gcc/mipsel-openwrt-linux-musl/12.3.0/../../../../mipsel-openwrt-linux-musl/lib/crti.o
LOAD /home/notlean/openwrt-uboost/staging_dir/toolchain-mipsel_24kc_gcc-12.3.0_musl/lib/gcc/mipsel-openwrt-linux-musl/12.3.0/crtbegin.o
START GROUP
LOAD applets/built-in.o
LOAD /home/notlean/openwrt-uboost/tmp/ccV1QtaS.ltrans0.ltrans.o
LOAD /home/notlean/openwrt-uboost/tmp/ccV1QtaS.ltrans1.ltrans.o
LOAD /home/notlean/openwrt-uboost/tmp/ccV1QtaS.ltrans2.ltrans.o
LOAD /home/notlean/openwrt-uboost/tmp/ccV1QtaS.ltrans3.ltrans.o
LOAD /home/notlean/openwrt-uboost/tmp/ccV1QtaS.ltrans4.ltrans.o
LOAD /home/notlean/openwrt-uboost/tmp/ccV1QtaS.ltrans5.ltrans.o
LOAD /home/notlean/openwrt-uboost/tmp/ccV1QtaS.ltrans6.ltrans.o
LOAD /home/notlean/openwrt-uboost/tmp/ccV1QtaS.ltrans7.ltrans.o
LOAD archival/lib.a
LOAD archival/libarchive/lib.a
LOAD console-tools/lib.a
LOAD coreutils/lib.a
LOAD coreutils/libcoreutils/lib.a
LOAD debianutils/lib.a
LOAD klibc-utils/lib.a
LOAD e2fsprogs/lib.a
LOAD editors/lib.a
LOAD findutils/lib.a
LOAD init/lib.a
LOAD libbb/lib.a
LOAD libpwdgrp/lib.a
LOAD loginutils/lib.a
LOAD mailutils/lib.a
LOAD miscutils/lib.a
LOAD modutils/lib.a
LOAD networking/lib.a
LOAD networking/libiproute/lib.a
LOAD networking/udhcp/lib.a
LOAD printutils/lib.a
LOAD procps/lib.a
LOAD runit/lib.a
LOAD selinux/lib.a
LOAD shell/lib.a
LOAD sysklogd/lib.a
LOAD util-linux/lib.a
LOAD util-linux/volume_id/lib.a
LOAD archival/built-in.o
LOAD archival/libarchive/built-in.o
LOAD console-tools/built-in.o
LOAD coreutils/built-in.o
LOAD coreutils/libcoreutils/built-in.o
LOAD debianutils/built-in.o
LOAD klibc-utils/built-in.o
LOAD e2fsprogs/built-in.o
LOAD editors/built-in.o
LOAD findutils/built-in.o
LOAD init/built-in.o
LOAD libbb/built-in.o
LOAD libpwdgrp/built-in.o
LOAD loginutils/built-in.o
LOAD mailutils/built-in.o
LOAD miscutils/built-in.o
LOAD modutils/built-in.o
LOAD networking/built-in.o
LOAD networking/libiproute/built-in.o
LOAD networking/udhcp/built-in.o
LOAD printutils/built-in.o
LOAD procps/built-in.o
LOAD runit/built-in.o
LOAD selinux/built-in.o
LOAD shell/built-in.o
LOAD sysklogd/built-in.o
LOAD util-linux/built-in.o
LOAD util-linux/volume_id/built-in.o
END GROUP
LOAD /home/notlean/openwrt-uboost/staging_dir/toolchain-mipsel_24kc_gcc-12.3.0_musl/lib/libssp_nonshared.a
LOAD /home/notlean/openwrt-uboost/staging_dir/toolchain-mipsel_24kc_gcc-12.3.0_musl/lib/libgcc_s.so
START GROUP
LOAD /home/notlean/openwrt-uboost/staging_dir/toolchain-mipsel_24kc_gcc-12.3.0_musl/lib/libgcc_s.so.1
LOAD /home/notlean/openwrt-uboost/staging_dir/toolchain-mipsel_24kc_gcc-12.3.0_musl/lib/gcc/mipsel-openwrt-linux-musl/12.3.0/libgcc.a
END GROUP
LOAD /home/notlean/openwrt-uboost/staging_dir/toolchain-mipsel_24kc_gcc-12.3.0_musl/lib/libc.so
LOAD /home/notlean/openwrt-uboost/staging_dir/toolchain-mipsel_24kc_gcc-12.3.0_musl/lib/libgcc_s.so
START GROUP
LOAD /home/notlean/openwrt-uboost/staging_dir/toolchain-mipsel_24kc_gcc-12.3.0_musl/lib/libgcc_s.so.1
LOAD /home/notlean/openwrt-uboost/staging_dir/toolchain-mipsel_24kc_gcc-12.3.0_musl/lib/gcc/mipsel-openwrt-linux-musl/12.3.0/libgcc.a
END GROUP
LOAD /home/notlean/openwrt-uboost/staging_dir/toolchain-mipsel_24kc_gcc-12.3.0_musl/lib/gcc/mipsel-openwrt-linux-musl/12.3.0/crtend.o
LOAD /home/notlean/openwrt-uboost/staging_dir/toolchain-mipsel_24kc_gcc-12.3.0_musl/lib/gcc/mipsel-openwrt-linux-musl/12.3.0/../../../../mipsel-openwrt-linux-musl/lib/crtn.o
                [!provide]                        PROVIDE (__executable_start = SEGMENT_START ("text-segment", 0x400000))
                0x00400154                        . = (SEGMENT_START ("text-segment", 0x400000) + SIZEOF_HEADERS)

.interp         0x00400154       0x1c
 *(SORT_BY_ALIGNMENT(.interp))
 .interp        0x00400154       0x1c /home/notlean/openwrt-uboost/staging_dir/toolchain-mipsel_24kc_gcc-12.3.0_musl/lib/gcc/mipsel-openwrt-linux-musl/12.3.0/../../../../mipsel-openwrt-linux-musl/lib/crt1.o

.MIPS.abiflags  0x00400170       0x18
 *(SORT_BY_ALIGNMENT(.MIPS.abiflags))
 .MIPS.abiflags
                0x00400170       0x18 /home/notlean/openwrt-uboost/staging_dir/toolchain-mipsel_24kc_gcc-12.3.0_musl/lib/gcc/mipsel-openwrt-linux-musl/12.3.0/../../../../mipsel-openwrt-linux-musl/lib/crt1.o

.reginfo
 *(SORT_BY_ALIGNMENT(.reginfo))

.MIPS.xhash
 *(SORT_BY_ALIGNMENT(.MIPS.xhash))

.note.gnu.build-id
 *(SORT_BY_ALIGNMENT(.note.gnu.build-id))

.dynamic        0x00400188      0x150
 *(SORT_BY_ALIGNMENT(.dynamic))
 .dynamic       0x00400188      0x150 /home/notlean/openwrt-uboost/staging_dir/toolchain-mipsel_24kc_gcc-12.3.0_musl/lib/gcc/mipsel-openwrt-linux-musl/12.3.0/../../../../mipsel-openwrt-linux-musl/lib/crt1.o
                0x00400188                _DYNAMIC

.hash           0x004002d8      0x970
 *(SORT_BY_ALIGNMENT(.hash))
 .hash          0x004002d8      0x970 /home/notlean/openwrt-uboost/staging_dir/toolchain-mipsel_24kc_gcc-12.3.0_musl/lib/gcc/mipsel-openwrt-linux-musl/12.3.0/../../../../mipsel-openwrt-linux-musl/lib/crt1.o

.gnu.hash
 *(SORT_BY_ALIGNMENT(.gnu.hash))

.dynsym         0x00400c48     0x1530
 *(SORT_BY_ALIGNMENT(.dynsym))
 .dynsym        0x00400c48     0x1530 /home/notlean/openwrt-uboost/staging_dir/toolchain-mipsel_24kc_gcc-12.3.0_musl/lib/gcc/mipsel-openwrt-linux-musl/12.3.0/../../../../mipsel-openwrt-linux-musl/lib/crt1.o

.dynstr         0x00402178      0xb8a
 *(SORT_BY_ALIGNMENT(.dynstr))
 .dynstr        0x00402178      0xb8a /home/notlean/openwrt-uboost/staging_dir/toolchain-mipsel_24kc_gcc-12.3.0_musl/lib/gcc/mipsel-openwrt-linux-musl/12.3.0/../../../../mipsel-openwrt-linux-musl/lib/crt1.o

.gnu.version    0x00402d02      0x2a6
 *(SORT_BY_ALIGNMENT(.gnu.version))
 .gnu.version   0x00402d02      0x2a6 /home/notlean/openwrt-uboost/staging_dir/toolchain-mipsel_24kc_gcc-12.3.0_musl/lib/gcc/mipsel-openwrt-linux-musl/12.3.0/../../../../mipsel-openwrt-linux-musl/lib/crt1.o

.gnu.version_d  0x00402fa8        0x0
 *(SORT_BY_ALIGNMENT(.gnu.version_d))
 .gnu.version_d
                0x00402fa8        0x0 /home/notlean/openwrt-uboost/staging_dir/toolchain-mipsel_24kc_gcc-12.3.0_musl/lib/gcc/mipsel-openwrt-linux-musl/12.3.0/../../../../mipsel-openwrt-linux-musl/lib/crt1.o

.gnu.version_r  0x00402fa8       0x50
 *(SORT_BY_ALIGNMENT(.gnu.version_r))
 .gnu.version_r
                0x00402fa8       0x50 /home/notlean/openwrt-uboost/staging_dir/toolchain-mipsel_24kc_gcc-12.3.0_musl/lib/gcc/mipsel-openwrt-linux-musl/12.3.0/../../../../mipsel-openwrt-linux-musl/lib/crt1.o

.rel.dyn        0x00402ff8       0x40
 *(SORT_BY_ALIGNMENT(.rel.init))
 *(SORT_BY_ALIGNMENT(.rel.text) SORT_BY_ALIGNMENT(.rel.text.*) SORT_BY_ALIGNMENT(.rel.gnu.linkonce.t.*))
 *(SORT_BY_ALIGNMENT(.rel.fini))
 *(SORT_BY_ALIGNMENT(.rel.rodata) SORT_BY_ALIGNMENT(.rel.rodata.*) SORT_BY_ALIGNMENT(.rel.gnu.linkonce.r.*))
 *(SORT_BY_ALIGNMENT(.rel.data.rel.ro) SORT_BY_ALIGNMENT(.rel.data.rel.ro.*) SORT_BY_ALIGNMENT(.rel.gnu.linkonce.d.rel.ro.*))
 .rel.data.rel.ro
                0x00402ff8        0x0 /home/notlean/openwrt-uboost/staging_dir/toolchain-mipsel_24kc_gcc-12.3.0_musl/lib/gcc/mipsel-openwrt-linux-musl/12.3.0/../../../../mipsel-openwrt-linux-musl/lib/crt1.o
 *(SORT_BY_ALIGNMENT(.rel.data) SORT_BY_ALIGNMENT(.rel.data.*) SORT_BY_ALIGNMENT(.rel.gnu.linkonce.d.*))
 *(SORT_BY_ALIGNMENT(.rel.tdata) SORT_BY_ALIGNMENT(.rel.tdata.*) SORT_BY_ALIGNMENT(.rel.gnu.linkonce.td.*))
 *(SORT_BY_ALIGNMENT(.rel.tbss) SORT_BY_ALIGNMENT(.rel.tbss.*) SORT_BY_ALIGNMENT(.rel.gnu.linkonce.tb.*))
 *(SORT_BY_ALIGNMENT(.rel.ctors))
 *(SORT_BY_ALIGNMENT(.rel.dtors))
 *(SORT_BY_ALIGNMENT(.rel.got))
 *(SORT_BY_ALIGNMENT(.rel.dyn))
 .rel.dyn       0x00402ff8       0x40 /home/notlean/openwrt-uboost/staging_dir/toolchain-mipsel_24kc_gcc-12.3.0_musl/lib/gcc/mipsel-openwrt-linux-musl/12.3.0/../../../../mipsel-openwrt-linux-musl/lib/crt1.o
 *(SORT_BY_ALIGNMENT(.rel.sdata) SORT_BY_ALIGNMENT(.rel.sdata.*) SORT_BY_ALIGNMENT(.rel.gnu.linkonce.s.*))
 *(SORT_BY_ALIGNMENT(.rel.sbss) SORT_BY_ALIGNMENT(.rel.sbss.*) SORT_BY_ALIGNMENT(.rel.gnu.linkonce.sb.*))
 *(SORT_BY_ALIGNMENT(.rel.sdata2) SORT_BY_ALIGNMENT(.rel.sdata2.*) SORT_BY_ALIGNMENT(.rel.gnu.linkonce.s2.*))
 *(SORT_BY_ALIGNMENT(.rel.sbss2) SORT_BY_ALIGNMENT(.rel.sbss2.*) SORT_BY_ALIGNMENT(.rel.gnu.linkonce.sb2.*))
 *(SORT_BY_ALIGNMENT(.rel.bss) SORT_BY_ALIGNMENT(.rel.bss.*) SORT_BY_ALIGNMENT(.rel.gnu.linkonce.b.*))
 .rel.bss       0x00403038        0x0 /home/notlean/openwrt-uboost/staging_dir/toolchain-mipsel_24kc_gcc-12.3.0_musl/lib/gcc/mipsel-openwrt-linux-musl/12.3.0/../../../../mipsel-openwrt-linux-musl/lib/crt1.o
                [!provide]                        PROVIDE (__rel_iplt_start = .)
 *(SORT_BY_ALIGNMENT(.rel.iplt))
                [!provide]                        PROVIDE (__rel_iplt_end = .)

.rela.dyn       0x00403038        0x0
 *(SORT_BY_ALIGNMENT(.rela.init))
 *(SORT_BY_ALIGNMENT(.rela.text) SORT_BY_ALIGNMENT(.rela.text.*) SORT_BY_ALIGNMENT(.rela.gnu.linkonce.t.*))
 *(SORT_BY_ALIGNMENT(.rela.fini))
 *(SORT_BY_ALIGNMENT(.rela.rodata) SORT_BY_ALIGNMENT(.rela.rodata.*) SORT_BY_ALIGNMENT(.rela.gnu.linkonce.r.*))
 *(SORT_BY_ALIGNMENT(.rela.data) SORT_BY_ALIGNMENT(.rela.data.*) SORT_BY_ALIGNMENT(.rela.gnu.linkonce.d.*))
 *(SORT_BY_ALIGNMENT(.rela.tdata) SORT_BY_ALIGNMENT(.rela.tdata.*) SORT_BY_ALIGNMENT(.rela.gnu.linkonce.td.*))
 *(SORT_BY_ALIGNMENT(.rela.tbss) SORT_BY_ALIGNMENT(.rela.tbss.*) SORT_BY_ALIGNMENT(.rela.gnu.linkonce.tb.*))
 *(SORT_BY_ALIGNMENT(.rela.ctors))
 *(SORT_BY_ALIGNMENT(.rela.dtors))
 *(SORT_BY_ALIGNMENT(.rela.got))
 *(SORT_BY_ALIGNMENT(.rela.sdata) SORT_BY_ALIGNMENT(.rela.sdata.*) SORT_BY_ALIGNMENT(.rela.gnu.linkonce.s.*))
 *(SORT_BY_ALIGNMENT(.rela.sbss) SORT_BY_ALIGNMENT(.rela.sbss.*) SORT_BY_ALIGNMENT(.rela.gnu.linkonce.sb.*))
 *(SORT_BY_ALIGNMENT(.rela.sdata2) SORT_BY_ALIGNMENT(.rela.sdata2.*) SORT_BY_ALIGNMENT(.rela.gnu.linkonce.s2.*))
 *(SORT_BY_ALIGNMENT(.rela.sbss2) SORT_BY_ALIGNMENT(.rela.sbss2.*) SORT_BY_ALIGNMENT(.rela.gnu.linkonce.sb2.*))
 *(SORT_BY_ALIGNMENT(.rela.bss) SORT_BY_ALIGNMENT(.rela.bss.*) SORT_BY_ALIGNMENT(.rela.gnu.linkonce.b.*))
                [!provide]                        PROVIDE (__rela_iplt_start = .)
 *(SORT_BY_ALIGNMENT(.rela.iplt))
                [!provide]                        PROVIDE (__rela_iplt_end = .)

.rel.plt        0x00403038      0xa38
 *(SORT_BY_ALIGNMENT(.rel.plt))
 .rel.plt       0x00403038      0xa38 /home/notlean/openwrt-uboost/staging_dir/toolchain-mipsel_24kc_gcc-12.3.0_musl/lib/gcc/mipsel-openwrt-linux-musl/12.3.0/../../../../mipsel-openwrt-linux-musl/lib/crt1.o

.rela.plt
 *(SORT_BY_ALIGNMENT(.rela.plt))

.init           0x00403a70       0x1c
 *(SORT_NONE(.init))
 .init          0x00403a70        0xc /home/notlean/openwrt-uboost/staging_dir/toolchain-mipsel_24kc_gcc-12.3.0_musl/lib/gcc/mipsel-openwrt-linux-musl/12.3.0/../../../../mipsel-openwrt-linux-musl/lib/crti.o
                0x00403a70                _init
 .init          0x00403a7c       0x10 /home/notlean/openwrt-uboost/staging_dir/toolchain-mipsel_24kc_gcc-12.3.0_musl/lib/gcc/mipsel-openwrt-linux-musl/12.3.0/../../../../mipsel-openwrt-linux-musl/lib/crtn.o

.text           0x00403a90    0x38678
                0x00403a90                        _ftext = .
 *(SORT_BY_ALIGNMENT(.text.unlikely) SORT_BY_ALIGNMENT(.text.*_unlikely) SORT_BY_ALIGNMENT(.text.unlikely.*))
 *(SORT_BY_ALIGNMENT(.text.exit) SORT_BY_ALIGNMENT(.text.exit.*))
 *(SORT_BY_ALIGNMENT(.text.startup) SORT_BY_ALIGNMENT(.text.startup.*))
 *(SORT_BY_ALIGNMENT(.text.hot) SORT_BY_ALIGNMENT(.text.hot.*))
 *(SORT_BY_NAME(SORT_BY_ALIGNMENT(.text.sorted.*)))
 *(SORT_BY_ALIGNMENT(.text) SORT_BY_ALIGNMENT(.stub) SORT_BY_ALIGNMENT(.text.*) SORT_BY_ALIGNMENT(.gnu.linkonce.t.*))
 .text          0x00403a90       0x40 /home/notlean/openwrt-uboost/staging_dir/toolchain-mipsel_24kc_gcc-12.3.0_musl/lib/gcc/mipsel-openwrt-linux-musl/12.3.0/../../../../mipsel-openwrt-linux-musl/lib/crt1.o
                0x00403a90                __start
                0x00403a90                _start
 .text          0x00403ad0       0x90 /home/notlean/openwrt-uboost/staging_dir/toolchain-mipsel_24kc_gcc-12.3.0_musl/lib/gcc/mipsel-openwrt-linux-musl/12.3.0/crtbegin.o
 .text.my_SQRT  0x00403b60       0x88 /home/notlean/openwrt-uboost/tmp/ccV1QtaS.ltrans0.ltrans.o
 .text.bb_full_fd_action.lto_priv.0
                0x00403be8      0x150 /home/notlean/openwrt-uboost/tmp/ccV1QtaS.ltrans0.ltrans.o
                0x00403be9                bb_full_fd_action.lto_priv.0
 .text.passwd_main
                0x00403d38      0x4e0 /home/notlean/openwrt-uboost/tmp/ccV1QtaS.ltrans0.ltrans.o
 .text.brctl_main
                0x00404218      0x5f8 /home/notlean/openwrt-uboost/tmp/ccV1QtaS.ltrans0.ltrans.o
 .text.gettime1900d.lto_priv.0
                0x00404810       0x68 /home/notlean/openwrt-uboost/tmp/ccV1QtaS.ltrans0.ltrans.o
                0x00404811                gettime1900d.lto_priv.0
 .text.lfp_to_d.lto_priv.0
                0x00404878       0x50 /home/notlean/openwrt-uboost/tmp/ccV1QtaS.ltrans0.ltrans.o
                0x00404879                lfp_to_d.lto_priv.0
 .text.sfp_to_d.lto_priv.0
                0x004048c8       0x58 /home/notlean/openwrt-uboost/tmp/ccV1QtaS.ltrans0.ltrans.o
                0x004048c9                sfp_to_d.lto_priv.0
 .text.d_to_lfp.lto_priv.0
                0x00404920       0x58 /home/notlean/openwrt-uboost/tmp/ccV1QtaS.ltrans0.ltrans.o
                0x00404921                d_to_lfp.lto_priv.0
 .text.d_to_sfp.lto_priv.0
                0x00404978       0x58 /home/notlean/openwrt-uboost/tmp/ccV1QtaS.ltrans0.ltrans.o
                0x00404979                d_to_sfp.lto_priv.0
 .text.filter_datapoints.lto_priv.0
                0x004049d0      0x180 /home/notlean/openwrt-uboost/tmp/ccV1QtaS.ltrans0.ltrans.o
                0x004049d1                filter_datapoints.lto_priv.0
 .text.step_time
                0x00404b50      0x260 /home/notlean/openwrt-uboost/tmp/ccV1QtaS.ltrans0.ltrans.o
 .text.select_and_cluster.lto_priv.0
                0x00404db0      0x5b0 /home/notlean/openwrt-uboost/tmp/ccV1QtaS.ltrans0.ltrans.o
                0x00404db1                select_and_cluster.lto_priv.0
 .text.update_local_clock.lto_priv.0
                0x00405360      0x398 /home/notlean/openwrt-uboost/tmp/ccV1QtaS.ltrans0.ltrans.o
                0x00405361                update_local_clock.lto_priv.0
 .text.recv_and_process_peer_pkt
                0x004056f8      0x3e8 /home/notlean/openwrt-uboost/tmp/ccV1QtaS.ltrans1.ltrans.o
 .text.ntp_init
                0x00405ae0      0x288 /home/notlean/openwrt-uboost/tmp/ccV1QtaS.ltrans1.ltrans.o
 .text.ntpd_main
                0x00405d68      0x460 /home/notlean/openwrt-uboost/tmp/ccV1QtaS.ltrans1.ltrans.o
                0x00405d69                ntpd_main
 .text.subevalvar
                0x004061c8      0x600 /home/notlean/openwrt-uboost/tmp/ccV1QtaS.ltrans2.ltrans.o
 .text.hexdump_main
                0x004067c8      0x1a0 /home/notlean/openwrt-uboost/tmp/ccV1QtaS.ltrans3.ltrans.o
                0x004067c9                hexdump_main
 .text.mkswap_main
                0x00406968      0x160 /home/notlean/openwrt-uboost/tmp/ccV1QtaS.ltrans3.ltrans.o
                0x00406969                mkswap_main
 .text.nice_main
                0x00406ac8       0xf0 /home/notlean/openwrt-uboost/tmp/ccV1QtaS.ltrans5.ltrans.o
                0x00406ac9                nice_main
 .text.conv_strtod
                0x00406bb8       0x38 /home/notlean/openwrt-uboost/tmp/ccV1QtaS.ltrans5.ltrans.o
 .text.getvar_i
                0x00406bf0       0x70 /home/notlean/openwrt-uboost/tmp/ccV1QtaS.ltrans5.ltrans.o
 .text.getvar_i_int
                0x00406c60       0x48 /home/notlean/openwrt-uboost/tmp/ccV1QtaS.ltrans5.ltrans.o
 .text.istrue   0x00406ca8       0x48 /home/notlean/openwrt-uboost/tmp/ccV1QtaS.ltrans5.ltrans.o
 .text.seq_main
                0x00406cf0      0x1b8 /home/notlean/openwrt-uboost/tmp/ccV1QtaS.ltrans5.ltrans.o
                0x00406cf1                seq_main
 .text.incvar   0x00406ea8       0x30 /home/notlean/openwrt-uboost/tmp/ccV1QtaS.ltrans5.ltrans.o
 .text.next_input_file
                0x00406ed8       0xc0 /home/notlean/openwrt-uboost/tmp/ccV1QtaS.ltrans5.ltrans.o
 .text.evaluate.lto_priv.0
                0x00406f98      0xc90 /home/notlean/openwrt-uboost/tmp/ccV1QtaS.ltrans5.ltrans.o
                0x00406f99                evaluate.lto_priv.0
 .text.exec_builtin
                0x00407c28      0x3d0 /home/notlean/openwrt-uboost/tmp/ccV1QtaS.ltrans5.ltrans.o
 .text.awk_main
                0x00407ff8      0x358 /home/notlean/openwrt-uboost/tmp/ccV1QtaS.ltrans5.ltrans.o
                0x00407ff9                awk_main
 .text.file_insert
                0x00408350      0x110 /home/notlean/openwrt-uboost/tmp/ccV1QtaS.ltrans6.ltrans.o
 .text._start_c
                0x00408460       0x40 /home/notlean/openwrt-uboost/staging_dir/toolchain-mipsel_24kc_gcc-12.3.0_musl/lib/gcc/mipsel-openwrt-linux-musl/12.3.0/../../../../mipsel-openwrt-linux-musl/lib/crt1.o
                0x00408460                _start_c
 .text.record_signo
                0x004084a0        0xc /home/notlean/openwrt-uboost/tmp/ccV1QtaS.ltrans0.ltrans.o
                0x004084a1                record_signo
 .text.at_end   0x004084ac       0x1c /home/notlean/openwrt-uboost/tmp/ccV1QtaS.ltrans0.ltrans.o
 .text.cap_cur_fline
                0x004084c8       0x28 /home/notlean/openwrt-uboost/tmp/ccV1QtaS.ltrans0.ltrans.o
 .text.ptok     0x004084f0       0x28 /home/notlean/openwrt-uboost/tmp/ccV1QtaS.ltrans0.ltrans.o
 .text.prg_cache_get
                0x00408518       0x30 /home/notlean/openwrt-uboost/tmp/ccV1QtaS.ltrans0.ltrans.o
 .text.compare_point_edge
                0x00408548       0x3c /home/notlean/openwrt-uboost/tmp/ccV1QtaS.ltrans0.ltrans.o
 .text.compare_survivor_metric
                0x00408584       0x3c /home/notlean/openwrt-uboost/tmp/ccV1QtaS.ltrans0.ltrans.o
 .text.bb_get_last_path_component_nostrip
                0x004085c0       0x20 /home/notlean/openwrt-uboost/tmp/ccV1QtaS.ltrans0.ltrans.o
 .text.jump     0x004085e0       0x1c /home/notlean/openwrt-uboost/tmp/ccV1QtaS.ltrans0.ltrans.o
 .text.delete_cronfile
                0x004085fc       0x70 /home/notlean/openwrt-uboost/tmp/ccV1QtaS.ltrans0.ltrans.o
 .text.clear_line
                0x0040866c       0x1c /home/notlean/openwrt-uboost/tmp/ccV1QtaS.ltrans0.ltrans.o
 .text.print_statusline
                0x00408688       0x24 /home/notlean/openwrt-uboost/tmp/ccV1QtaS.ltrans0.ltrans.o
 .text.show_bridge_timer
                0x004086ac       0x50 /home/notlean/openwrt-uboost/tmp/ccV1QtaS.ltrans0.ltrans.o
 .text.print_bytes_scaled
                0x004086fc       0x60 /home/notlean/openwrt-uboost/tmp/ccV1QtaS.ltrans0.ltrans.o
 .text.status_print
                0x0040875c       0x58 /home/notlean/openwrt-uboost/tmp/ccV1QtaS.ltrans0.ltrans.o
 .text.exit_unlock
                0x004087b4       0x18 /home/notlean/openwrt-uboost/tmp/ccV1QtaS.ltrans0.ltrans.o
 .text.lock_main
                0x004087cc      0x1e8 /home/notlean/openwrt-uboost/tmp/ccV1QtaS.ltrans0.ltrans.o
 .text.compare_fdbs
                0x004089b4        0xc /home/notlean/openwrt-uboost/tmp/ccV1QtaS.ltrans0.ltrans.o
 .text.add_ns   0x004089c0       0x3c /home/notlean/openwrt-uboost/tmp/ccV1QtaS.ltrans0.ltrans.o
 .text.INET_sprint
                0x004089fc       0x2c /home/notlean/openwrt-uboost/tmp/ccV1QtaS.ltrans0.ltrans.o
 .text.INET_input
                0x00408a28        0xc /home/notlean/openwrt-uboost/tmp/ccV1QtaS.ltrans0.ltrans.o
 .text.INET6_input
                0x00408a34        0xc /home/notlean/openwrt-uboost/tmp/ccV1QtaS.ltrans0.ltrans.o
 .text.netmsg_main
                0x00408a40      0x104 /home/notlean/openwrt-uboost/tmp/ccV1QtaS.ltrans0.ltrans.o
 .text.build_ipv6_addr
                0x00408b44       0x54 /home/notlean/openwrt-uboost/tmp/ccV1QtaS.ltrans0.ltrans.o
 .text.scan_inet_proc_line
                0x00408b98       0x90 /home/notlean/openwrt-uboost/tmp/ccV1QtaS.ltrans0.ltrans.o
 .text.parse_reply
                0x00408c28      0x348 /home/notlean/openwrt-uboost/tmp/ccV1QtaS.ltrans0.ltrans.o
 .text.add_query
                0x00408f70       0x54 /home/notlean/openwrt-uboost/tmp/ccV1QtaS.ltrans0.ltrans.o
 .text.string_array_len
                0x00408fc4       0x10 /home/notlean/openwrt-uboost/tmp/ccV1QtaS.ltrans0.ltrans.o
                0x00408fc5                string_array_len
 .text.find_applet_by_name
                0x00408fd4       0x7c /home/notlean/openwrt-uboost/tmp/ccV1QtaS.ltrans0.ltrans.o
                0x00408fd5                find_applet_by_name
 .text.is_prefixed_with
                0x00409050       0x18 /home/notlean/openwrt-uboost/tmp/ccV1QtaS.ltrans0.ltrans.o
                0x00409051                is_prefixed_with
 .text.index_in_strings
                0x00409068       0x28 /home/notlean/openwrt-uboost/tmp/ccV1QtaS.ltrans0.ltrans.o
                0x00409069                index_in_strings
 .text.index_in_substrings
                0x00409090       0x58 /home/notlean/openwrt-uboost/tmp/ccV1QtaS.ltrans0.ltrans.o
                0x00409091                index_in_substrings
 .text.nth_string
                0x004090e8       0x14 /home/notlean/openwrt-uboost/tmp/ccV1QtaS.ltrans0.ltrans.o
                0x004090e9                nth_string
 .text.bb_basename
                0x004090fc       0x14 /home/notlean/openwrt-uboost/tmp/ccV1QtaS.ltrans0.ltrans.o
                0x004090fd                bb_basename
 .text.last_char_is
                0x00409110       0x20 /home/notlean/openwrt-uboost/tmp/ccV1QtaS.ltrans0.ltrans.o
                0x00409111                last_char_is
 .text.bb_get_last_path_component_strip
                0x00409130       0x28 /home/notlean/openwrt-uboost/tmp/ccV1QtaS.ltrans0.ltrans.o
                0x00409131                bb_get_last_path_component_strip
 .text.unix_do_one
                0x00409158      0x250 /home/notlean/openwrt-uboost/tmp/ccV1QtaS.ltrans0.ltrans.o
 .text.xfunc_die
                0x004093a8       0x1c /home/notlean/openwrt-uboost/tmp/ccV1QtaS.ltrans0.ltrans.o
                0x004093a9                xfunc_die
 .text.bb_show_usage
                0x004093c4       0x8c /home/notlean/openwrt-uboost/tmp/ccV1QtaS.ltrans0.ltrans.o
                0x004093c5                bb_show_usage
 .text.show_usage_if_dash_dash_help
                0x00409450       0x40 /home/notlean/openwrt-uboost/tmp/ccV1QtaS.ltrans0.ltrans.o
 .text.ip_print_help
                0x00409490        0x8 /home/notlean/openwrt-uboost/tmp/ccV1QtaS.ltrans0.ltrans.o
 .text.ip_main  0x00409498       0xd0 /home/notlean/openwrt-uboost/tmp/ccV1QtaS.ltrans0.ltrans.o
 .text.run_applet_no_and_exit
                0x00409568       0x3c /home/notlean/openwrt-uboost/tmp/ccV1QtaS.ltrans0.ltrans.o
 .text.main     0x004095a4       0xa4 /home/notlean/openwrt-uboost/tmp/ccV1QtaS.ltrans0.ltrans.o
                0x004095a5                main
 .text.ndelay_on
                0x00409648       0x24 /home/notlean/openwrt-uboost/tmp/ccV1QtaS.ltrans0.ltrans.o
                0x00409649                ndelay_on
 .text.close_on_exec_on
                0x0040966c       0x10 /home/notlean/openwrt-uboost/tmp/ccV1QtaS.ltrans0.ltrans.o
                0x0040966d                close_on_exec_on
 .text.utoa_to_buf
                0x0040967c       0x4c /home/notlean/openwrt-uboost/tmp/ccV1QtaS.ltrans0.ltrans.o
                0x0040967d                utoa_to_buf
 .text.utoa     0x004096c8       0x18 /home/notlean/openwrt-uboost/tmp/ccV1QtaS.ltrans0.ltrans.o
                0x004096c9                utoa
 .text.itoa     0x004096e0       0x30 /home/notlean/openwrt-uboost/tmp/ccV1QtaS.ltrans0.ltrans.o
                0x004096e1                itoa
 .text.bin2hex  0x00409710       0x50 /home/notlean/openwrt-uboost/tmp/ccV1QtaS.ltrans0.ltrans.o
                0x00409711                bin2hex
 .text.get_terminal_width_height
                0x00409760       0x80 /home/notlean/openwrt-uboost/tmp/ccV1QtaS.ltrans0.ltrans.o
                0x00409761                get_terminal_width_height
 .text.is_TERM_dumb
                0x004097e0       0x2c /home/notlean/openwrt-uboost/tmp/ccV1QtaS.ltrans0.ltrans.o
                0x004097e1                is_TERM_dumb
 .text.safe_waitpid
                0x0040980c       0x28 /home/notlean/openwrt-uboost/tmp/ccV1QtaS.ltrans0.ltrans.o
                0x0040980d                safe_waitpid
 .text.wait4pid
                0x00409834       0x40 /home/notlean/openwrt-uboost/tmp/ccV1QtaS.ltrans0.ltrans.o
 .text._exit_SUCCESS
                0x00409874        0x8 /home/notlean/openwrt-uboost/tmp/ccV1QtaS.ltrans0.ltrans.o
                0x00409875                _exit_SUCCESS
 .text.fflush_all
                0x0040987c        0xc /home/notlean/openwrt-uboost/tmp/ccV1QtaS.ltrans0.ltrans.o
                0x0040987d                fflush_all
 .text.run_nofork_applet
                0x00409888      0x19c /home/notlean/openwrt-uboost/tmp/ccV1QtaS.ltrans0.ltrans.o
 .text.spawn    0x00409a24       0x50 /home/notlean/openwrt-uboost/tmp/ccV1QtaS.ltrans0.ltrans.o
 .text.spawn_and_wait
                0x00409a74       0xa4 /home/notlean/openwrt-uboost/tmp/ccV1QtaS.ltrans0.ltrans.o
                0x00409a75                spawn_and_wait
 .text.alarm_handler
                0x00409b18       0x34 /home/notlean/openwrt-uboost/tmp/ccV1QtaS.ltrans0.ltrans.o
 .text.set_tty_cooked
                0x00409b4c       0x20 /home/notlean/openwrt-uboost/tmp/ccV1QtaS.ltrans0.ltrans.o
 .text.restore_tty
                0x00409b6c       0x28 /home/notlean/openwrt-uboost/tmp/ccV1QtaS.ltrans0.ltrans.o
 .text.less_exit
                0x00409b94       0x10 /home/notlean/openwrt-uboost/tmp/ccV1QtaS.ltrans0.ltrans.o
 .text.buffer_print
                0x00409ba4      0x178 /home/notlean/openwrt-uboost/tmp/ccV1QtaS.ltrans0.ltrans.o
 .text.buffer_fill_and_print
                0x00409d1c       0x4c /home/notlean/openwrt-uboost/tmp/ccV1QtaS.ltrans0.ltrans.o
 .text.file_is_executable
                0x00409d68       0x34 /home/notlean/openwrt-uboost/tmp/ccV1QtaS.ltrans0.ltrans.o
                0x00409d69                file_is_executable
 .text.llist_pop
                0x00409d9c       0x1c /home/notlean/openwrt-uboost/tmp/ccV1QtaS.ltrans0.ltrans.o
                0x00409d9d                llist_pop
 .text.safe_read
                0x00409db8       0x2c /home/notlean/openwrt-uboost/tmp/ccV1QtaS.ltrans0.ltrans.o
                0x00409db9                safe_read
 .text.full_read
                0x00409de4       0x30 /home/notlean/openwrt-uboost/tmp/ccV1QtaS.ltrans0.ltrans.o
                0x00409de5                full_read
 .text.open_read_close
                0x00409e14       0x2c /home/notlean/openwrt-uboost/tmp/ccV1QtaS.ltrans0.ltrans.o
                0x00409e15                open_read_close
 .text.read_file
                0x00409e40       0x3c /home/notlean/openwrt-uboost/tmp/ccV1QtaS.ltrans0.ltrans.o
 .text.show_bridge
                0x00409e7c      0x12c /home/notlean/openwrt-uboost/tmp/ccV1QtaS.ltrans0.ltrans.o
 .text.safe_strncpy
                0x00409fa8       0x1c /home/notlean/openwrt-uboost/tmp/ccV1QtaS.ltrans0.ltrans.o
                0x00409fa9                safe_strncpy
 .text.overlapping_strcpy
                0x00409fc4       0x14 /home/notlean/openwrt-uboost/tmp/ccV1QtaS.ltrans0.ltrans.o
                0x00409fc5                overlapping_strcpy
 .text.safe_write
                0x00409fd8       0x2c /home/notlean/openwrt-uboost/tmp/ccV1QtaS.ltrans0.ltrans.o
                0x00409fd9                safe_write
 .text.full_write
                0x0040a004       0x30 /home/notlean/openwrt-uboost/tmp/ccV1QtaS.ltrans0.ltrans.o
                0x0040a005                full_write
 .text.bb_signals
                0x0040a034       0x2c /home/notlean/openwrt-uboost/tmp/ccV1QtaS.ltrans0.ltrans.o
                0x0040a035                bb_signals
 .text.kill_myself_with_sig
                0x0040a060       0x34 /home/notlean/openwrt-uboost/tmp/ccV1QtaS.ltrans0.ltrans.o
                0x0040a061                kill_myself_with_sig
 .text.sig_catcher
                0x0040a094       0x10 /home/notlean/openwrt-uboost/tmp/ccV1QtaS.ltrans0.ltrans.o
 .text.strftime_fmt.lto_priv.0
                0x0040a0a4       0x30 /home/notlean/openwrt-uboost/tmp/ccV1QtaS.ltrans0.ltrans.o
                0x0040a0a5                strftime_fmt.lto_priv.0
 .text.bb_verror_msg
                0x0040a0d4      0x174 /home/notlean/openwrt-uboost/tmp/ccV1QtaS.ltrans0.ltrans.o
                0x0040a0d5                bb_verror_msg
 .text.ioctl_or_perror_and_die
                0x0040a248       0x34 /home/notlean/openwrt-uboost/tmp/ccV1QtaS.ltrans0.ltrans.o
 .text.bb_perror_msg
                0x0040a27c       0x30 /home/notlean/openwrt-uboost/tmp/ccV1QtaS.ltrans0.ltrans.o
                0x0040a27d                bb_perror_msg
 .text.open3_or_warn
                0x0040a2ac       0x20 /home/notlean/openwrt-uboost/tmp/ccV1QtaS.ltrans0.ltrans.o
                0x0040a2ad                open3_or_warn
 .text.chdir_or_warn
                0x0040a2cc       0x20 /home/notlean/openwrt-uboost/tmp/ccV1QtaS.ltrans0.ltrans.o
                0x0040a2cd                chdir_or_warn
 .text.xchdir   0x0040a2ec       0x14 /home/notlean/openwrt-uboost/tmp/ccV1QtaS.ltrans0.ltrans.o
                0x0040a2ed                xchdir
 .text.bb_simple_perror_msg
                0x0040a300       0x14 /home/notlean/openwrt-uboost/tmp/ccV1QtaS.ltrans0.ltrans.o
                0x0040a301                bb_simple_perror_msg
 .text.bb_copyfd_eof
                0x0040a314       0x10 /home/notlean/openwrt-uboost/tmp/ccV1QtaS.ltrans0.ltrans.o
                0x0040a315                bb_copyfd_eof
 .text.bb_perror_msg_and_die
                0x0040a324       0x30 /home/notlean/openwrt-uboost/tmp/ccV1QtaS.ltrans0.ltrans.o
                0x0040a325                bb_perror_msg_and_die
 .text.xfopen   0x0040a354       0x1c /home/notlean/openwrt-uboost/tmp/ccV1QtaS.ltrans0.ltrans.o
                0x0040a355                xfopen
 .text.xopen3   0x0040a370       0x1c /home/notlean/openwrt-uboost/tmp/ccV1QtaS.ltrans0.ltrans.o
                0x0040a371                xopen3
 .text.xopen    0x0040a38c       0x10 /home/notlean/openwrt-uboost/tmp/ccV1QtaS.ltrans0.ltrans.o
                0x0040a38d                xopen
 .text.xrename  0x0040a39c       0x20 /home/notlean/openwrt-uboost/tmp/ccV1QtaS.ltrans0.ltrans.o
                0x0040a39d                xrename
 .text.xlseek   0x0040a3bc       0x2c /home/notlean/openwrt-uboost/tmp/ccV1QtaS.ltrans0.ltrans.o
                0x0040a3bd                xlseek
 .text.xchroot  0x0040a3e8       0x28 /home/notlean/openwrt-uboost/tmp/ccV1QtaS.ltrans0.ltrans.o
                0x0040a3e9                xchroot
 .text.xopendir
                0x0040a410       0x1c /home/notlean/openwrt-uboost/tmp/ccV1QtaS.ltrans0.ltrans.o
                0x0040a411                xopendir
 .text.xsocket  0x0040a42c       0x48 /home/notlean/openwrt-uboost/tmp/ccV1QtaS.ltrans0.ltrans.o
                0x0040a42d                xsocket
 .text.xstat    0x0040a474       0x1c /home/notlean/openwrt-uboost/tmp/ccV1QtaS.ltrans0.ltrans.o
                0x0040a475                xstat
 .text.BB_EXECVP_or_die
                0x0040a490       0x34 /home/notlean/openwrt-uboost/tmp/ccV1QtaS.ltrans0.ltrans.o
                0x0040a491                BB_EXECVP_or_die
 .text.bb_simple_perror_msg_and_die
                0x0040a4c4       0x10 /home/notlean/openwrt-uboost/tmp/ccV1QtaS.ltrans0.ltrans.o
                0x0040a4c5                bb_simple_perror_msg_and_die
 .text.xpipe    0x0040a4d4       0x1c /home/notlean/openwrt-uboost/tmp/ccV1QtaS.ltrans0.ltrans.o
                0x0040a4d5                xpipe
 .text.xdup2    0x0040a4f0       0x1c /home/notlean/openwrt-uboost/tmp/ccV1QtaS.ltrans0.ltrans.o
                0x0040a4f1                xdup2
 .text.bb_daemonize_or_rexec
                0x0040a50c       0xac /home/notlean/openwrt-uboost/tmp/ccV1QtaS.ltrans0.ltrans.o
                0x0040a50d                bb_daemonize_or_rexec
 .text.xmove_fd
                0x0040a5b8       0x18 /home/notlean/openwrt-uboost/tmp/ccV1QtaS.ltrans0.ltrans.o
                0x0040a5b9                xmove_fd
 .text.reopen_logfile_to_stderr
                0x0040a5d0       0x2c /home/notlean/openwrt-uboost/tmp/ccV1QtaS.ltrans0.ltrans.o
 .text.xwrite   0x0040a5fc       0x2c /home/notlean/openwrt-uboost/tmp/ccV1QtaS.ltrans0.ltrans.o
                0x0040a5fd                xwrite
 .text.xclose   0x0040a628       0x1c /home/notlean/openwrt-uboost/tmp/ccV1QtaS.ltrans0.ltrans.o
                0x0040a629                xclose
 .text.xsetgid  0x0040a644       0x1c /home/notlean/openwrt-uboost/tmp/ccV1QtaS.ltrans0.ltrans.o
                0x0040a645                xsetgid
 .text.xsetuid  0x0040a660       0x1c /home/notlean/openwrt-uboost/tmp/ccV1QtaS.ltrans0.ltrans.o
                0x0040a661                xsetuid
 .text.xbind    0x0040a67c       0x1c /home/notlean/openwrt-uboost/tmp/ccV1QtaS.ltrans0.ltrans.o
                0x0040a67d                xbind
 .text.xsendto  0x0040a698       0x24 /home/notlean/openwrt-uboost/tmp/ccV1QtaS.ltrans0.ltrans.o
                0x0040a699                xsendto
 .text.xsettimeofday
                0x0040a6bc       0x1c /home/notlean/openwrt-uboost/tmp/ccV1QtaS.ltrans0.ltrans.o
                0x0040a6bd                xsettimeofday
 .text.write_uint
                0x0040a6d8       0x54 /home/notlean/openwrt-uboost/tmp/ccV1QtaS.ltrans0.ltrans.o
 .text.edit_file
                0x0040a72c       0x94 /home/notlean/openwrt-uboost/tmp/ccV1QtaS.ltrans0.ltrans.o
 .text.log8     0x0040a7c0       0x20 /home/notlean/openwrt-uboost/tmp/ccV1QtaS.ltrans0.ltrans.o
 .text.log5     0x0040a7e0       0x20 /home/notlean/openwrt-uboost/tmp/ccV1QtaS.ltrans0.ltrans.o
 .text.bb_error_msg_and_die
                0x0040a800       0x14 /home/notlean/openwrt-uboost/tmp/ccV1QtaS.ltrans0.ltrans.o
                0x0040a801                bb_error_msg_and_die
 .text.die_if_ferror
                0x0040a814       0x1c /home/notlean/openwrt-uboost/tmp/ccV1QtaS.ltrans0.ltrans.o
                0x0040a815                die_if_ferror
 .text.parse_datestr
                0x0040a830      0x328 /home/notlean/openwrt-uboost/tmp/ccV1QtaS.ltrans0.ltrans.o
                0x0040a831                parse_datestr
 .text.bb_error_msg
                0x0040ab58       0x14 /home/notlean/openwrt-uboost/tmp/ccV1QtaS.ltrans0.ltrans.o
                0x0040ab59                bb_error_msg
 .text.ParseField
                0x0040ab6c      0x170 /home/notlean/openwrt-uboost/tmp/ccV1QtaS.ltrans0.ltrans.o
 .text.do_if_fetch
                0x0040acdc      0x1f0 /home/notlean/openwrt-uboost/tmp/ccV1QtaS.ltrans0.ltrans.o
 .text.bb_simple_error_msg
                0x0040aecc       0x14 /home/notlean/openwrt-uboost/tmp/ccV1QtaS.ltrans0.ltrans.o
                0x0040aecd                bb_simple_error_msg
 .text.bb_simple_error_msg_and_die
                0x0040aee0       0x10 /home/notlean/openwrt-uboost/tmp/ccV1QtaS.ltrans0.ltrans.o
                0x0040aee1                bb_simple_error_msg_and_die
 .text.bb_die_memory_exhausted
                0x0040aef0       0x10 /home/notlean/openwrt-uboost/tmp/ccV1QtaS.ltrans0.ltrans.o
                0x0040aef1                bb_die_memory_exhausted
 .text.xmalloc  0x0040af00       0x18 /home/notlean/openwrt-uboost/tmp/ccV1QtaS.ltrans0.ltrans.o
                0x0040af01                xmalloc
 .text.xzalloc  0x0040af18       0x1c /home/notlean/openwrt-uboost/tmp/ccV1QtaS.ltrans0.ltrans.o
                0x0040af19                xzalloc
 .text.llist_add_to_end
                0x0040af34       0x1c /home/notlean/openwrt-uboost/tmp/ccV1QtaS.ltrans0.ltrans.o
                0x0040af35                llist_add_to_end
 .text.xmemdup  0x0040af50       0x30 /home/notlean/openwrt-uboost/tmp/ccV1QtaS.ltrans0.ltrans.o
                0x0040af51                xmemdup
 .text.llist_add_to
                0x0040af80       0x18 /home/notlean/openwrt-uboost/tmp/ccV1QtaS.ltrans0.ltrans.o
                0x0040af81                llist_add_to
 .text.UNSPEC_print
                0x0040af98       0x44 /home/notlean/openwrt-uboost/tmp/ccV1QtaS.ltrans0.ltrans.o
 .text.UNSPEC_sprint
                0x0040afdc       0x24 /home/notlean/openwrt-uboost/tmp/ccV1QtaS.ltrans0.ltrans.o
 .text.xrealloc
                0x0040b000       0x18 /home/notlean/openwrt-uboost/tmp/ccV1QtaS.ltrans0.ltrans.o
                0x0040b001                xrealloc
 .text.read_lines
                0x0040b018      0x23c /home/notlean/openwrt-uboost/tmp/ccV1QtaS.ltrans0.ltrans.o
 .text.buffer_down
                0x0040b254       0x24 /home/notlean/openwrt-uboost/tmp/ccV1QtaS.ltrans0.ltrans.o
 .text.buffer_up
                0x0040b278       0x24 /home/notlean/openwrt-uboost/tmp/ccV1QtaS.ltrans0.ltrans.o
 .text.buffer_to_line
                0x0040b29c       0x88 /home/notlean/openwrt-uboost/tmp/ccV1QtaS.ltrans0.ltrans.o
 .text.getch_nowait
                0x0040b324       0xc0 /home/notlean/openwrt-uboost/tmp/ccV1QtaS.ltrans0.ltrans.o
 .text.less_getch
                0x0040b3e4       0x2c /home/notlean/openwrt-uboost/tmp/ccV1QtaS.ltrans0.ltrans.o
 .text.less_gets
                0x0040b410       0x8c /home/notlean/openwrt-uboost/tmp/ccV1QtaS.ltrans0.ltrans.o
 .text.do_info  0x0040b49c       0xcc /home/notlean/openwrt-uboost/tmp/ccV1QtaS.ltrans0.ltrans.o
 .text.xstrdup  0x0040b568       0x1c /home/notlean/openwrt-uboost/tmp/ccV1QtaS.ltrans0.ltrans.o
                0x0040b569                xstrdup
 .text.xmalloc_ttyname
                0x0040b584       0x20 /home/notlean/openwrt-uboost/tmp/ccV1QtaS.ltrans0.ltrans.o
 .text.load_crontab
                0x0040b5a4      0x234 /home/notlean/openwrt-uboost/tmp/ccV1QtaS.ltrans0.ltrans.o
 .text.rescan_crontab_dir
                0x0040b7d8       0x70 /home/notlean/openwrt-uboost/tmp/ccV1QtaS.ltrans0.ltrans.o
 .text.reinitialize
                0x0040b848       0x84 /home/notlean/openwrt-uboost/tmp/ccV1QtaS.ltrans0.ltrans.o
 .text.examine_file
                0x0040b8cc       0x64 /home/notlean/openwrt-uboost/tmp/ccV1QtaS.ltrans0.ltrans.o
 .text.change_file
                0x0040b930       0x5c /home/notlean/openwrt-uboost/tmp/ccV1QtaS.ltrans0.ltrans.o
 .text.INET6_sprint
                0x0040b98c       0x7c /home/notlean/openwrt-uboost/tmp/ccV1QtaS.ltrans0.ltrans.o
 .text.ife_print
                0x0040ba08      0x4bc /home/notlean/openwrt-uboost/tmp/ccV1QtaS.ltrans0.ltrans.o
 .text.parse_resolvconf
                0x0040bec4       0xdc /home/notlean/openwrt-uboost/tmp/ccV1QtaS.ltrans0.ltrans.o
 .text.xstrndup
                0x0040bfa0       0x14 /home/notlean/openwrt-uboost/tmp/ccV1QtaS.ltrans0.ltrans.o
                0x0040bfa1                xstrndup
 .text.bb_unsetenv
                0x0040bfb4       0x48 /home/notlean/openwrt-uboost/tmp/ccV1QtaS.ltrans0.ltrans.o
                0x0040bfb5                bb_unsetenv
 .text.xasprintf
                0x0040bffc       0x20 /home/notlean/openwrt-uboost/tmp/ccV1QtaS.ltrans0.ltrans.o
                0x0040bffd                xasprintf
 .text.safe_setenv
                0x0040c01c       0x30 /home/notlean/openwrt-uboost/tmp/ccV1QtaS.ltrans0.ltrans.o
 .text.start_one_job
                0x0040c04c      0x108 /home/notlean/openwrt-uboost/tmp/ccV1QtaS.ltrans0.ltrans.o
 .text.ether_print
                0x0040c154       0x2c /home/notlean/openwrt-uboost/tmp/ccV1QtaS.ltrans0.ltrans.o
 .text.ip_port_str
                0x0040c180       0x74 /home/notlean/openwrt-uboost/tmp/ccV1QtaS.ltrans0.ltrans.o
 .text.print_inet_line
                0x0040c1f4       0xa0 /home/notlean/openwrt-uboost/tmp/ccV1QtaS.ltrans0.ltrans.o
 .text.tcp_do_one
                0x0040c294       0x58 /home/notlean/openwrt-uboost/tmp/ccV1QtaS.ltrans0.ltrans.o
 .text.udp_do_one
                0x0040c2ec       0x90 /home/notlean/openwrt-uboost/tmp/ccV1QtaS.ltrans0.ltrans.o
 .text.raw_do_one
                0x0040c37c       0x78 /home/notlean/openwrt-uboost/tmp/ccV1QtaS.ltrans0.ltrans.o
 .text.add_query_with_search
                0x0040c3f4       0x58 /home/notlean/openwrt-uboost/tmp/ccV1QtaS.ltrans0.ltrans.o
 .text.xsetenv  0x0040c44c       0x14 /home/notlean/openwrt-uboost/tmp/ccV1QtaS.ltrans0.ltrans.o
                0x0040c44d                xsetenv
 .text.bb_copyfd_exact_size
                0x0040c460       0x4c /home/notlean/openwrt-uboost/tmp/ccV1QtaS.ltrans0.ltrans.o
                0x0040c461                bb_copyfd_exact_size
 .text.get_mono
                0x0040c4ac       0x1c /home/notlean/openwrt-uboost/tmp/ccV1QtaS.ltrans0.ltrans.o
 .text.monotonic_us
                0x0040c4c8       0x40 /home/notlean/openwrt-uboost/tmp/ccV1QtaS.ltrans0.ltrans.o
                0x0040c4c9                monotonic_us
 .text.monotonic_ms
                0x0040c508       0x40 /home/notlean/openwrt-uboost/tmp/ccV1QtaS.ltrans0.ltrans.o
                0x0040c509                monotonic_ms
 .text.run_command
                0x0040c548       0xa0 /home/notlean/openwrt-uboost/tmp/ccV1QtaS.ltrans0.ltrans.o
 .text.send_queries
                0x0040c5e8      0x254 /home/notlean/openwrt-uboost/tmp/ccV1QtaS.ltrans0.ltrans.o
 .text.monotonic_sec
                0x0040c83c       0x10 /home/notlean/openwrt-uboost/tmp/ccV1QtaS.ltrans0.ltrans.o
                0x0040c83d                monotonic_sec
 .text.xatoull_sfx
                0x0040c84c       0x18 /home/notlean/openwrt-uboost/tmp/ccV1QtaS.ltrans0.ltrans.o
                0x0040c84d                xatoull_sfx
 .text.xstrtoul_range_sfx
                0x0040c864       0xa8 /home/notlean/openwrt-uboost/tmp/ccV1QtaS.ltrans0.ltrans.o
                0x0040c865                xstrtoul_range_sfx
 .text.printf_xstrtou
                0x0040c90c       0x28 /home/notlean/openwrt-uboost/tmp/ccV1QtaS.ltrans0.ltrans.o
 .text.show_bridge_port
                0x0040c934      0x2b8 /home/notlean/openwrt-uboost/tmp/ccV1QtaS.ltrans0.ltrans.o
 .text.xatoul_range
                0x0040cbec       0x14 /home/notlean/openwrt-uboost/tmp/ccV1QtaS.ltrans0.ltrans.o
                0x0040cbed                xatoul_range
 .text.nslookup_main
                0x0040cc00      0x2ec /home/notlean/openwrt-uboost/tmp/ccV1QtaS.ltrans0.ltrans.o
 .text.xatoul_sfx
                0x0040ceec       0x14 /home/notlean/openwrt-uboost/tmp/ccV1QtaS.ltrans0.ltrans.o
                0x0040ceed                xatoul_sfx
 .text.xatoi_positive
                0x0040cf00       0x14 /home/notlean/openwrt-uboost/tmp/ccV1QtaS.ltrans0.ltrans.o
                0x0040cf01                xatoi_positive
 .text.vgetopt32
                0x0040cf14      0x3fc /home/notlean/openwrt-uboost/tmp/ccV1QtaS.ltrans0.ltrans.o
 .text.getopt32
                0x0040d310       0x14 /home/notlean/openwrt-uboost/tmp/ccV1QtaS.ltrans0.ltrans.o
                0x0040d311                getopt32
 .text.crond_main
                0x0040d324      0x330 /home/notlean/openwrt-uboost/tmp/ccV1QtaS.ltrans0.ltrans.o
 .text.crontab_main
                0x0040d654      0x230 /home/notlean/openwrt-uboost/tmp/ccV1QtaS.ltrans0.ltrans.o
 .text.strings_main
                0x0040d884      0x190 /home/notlean/openwrt-uboost/tmp/ccV1QtaS.ltrans0.ltrans.o
 .text.time_main
                0x0040da14      0x434 /home/notlean/openwrt-uboost/tmp/ccV1QtaS.ltrans0.ltrans.o
 .text.netstat_main
                0x0040de48      0x248 /home/notlean/openwrt-uboost/tmp/ccV1QtaS.ltrans0.ltrans.o
 .text.getopt32long
                0x0040e090       0x10 /home/notlean/openwrt-uboost/tmp/ccV1QtaS.ltrans0.ltrans.o
                0x0040e091                getopt32long
 .text.login_main
                0x0040e0a0      0x38c /home/notlean/openwrt-uboost/tmp/ccV1QtaS.ltrans0.ltrans.o
 .text.bb_strtoull
                0x0040e42c       0x4c /home/notlean/openwrt-uboost/tmp/ccV1QtaS.ltrans0.ltrans.o
                0x0040e42d                bb_strtoull
 .text.bb_strtoul
                0x0040e478       0x48 /home/notlean/openwrt-uboost/tmp/ccV1QtaS.ltrans0.ltrans.o
                0x0040e479                bb_strtoul
 .text.less_main
                0x0040e4c0      0x550 /home/notlean/openwrt-uboost/tmp/ccV1QtaS.ltrans0.ltrans.o
 .text.nc_main  0x0040ea10      0x124 /home/notlean/openwrt-uboost/tmp/ccV1QtaS.ltrans0.ltrans.o
 .text.add_to_prg_cache_if_socket
                0x0040eb34       0xbc /home/notlean/openwrt-uboost/tmp/ccV1QtaS.ltrans0.ltrans.o
 .text.bb_strtol
                0x0040ebf0       0x54 /home/notlean/openwrt-uboost/tmp/ccV1QtaS.ltrans0.ltrans.o
                0x0040ebf1                bb_strtol
 .text.concat_path_file
                0x0040ec44       0x38 /home/notlean/openwrt-uboost/tmp/ccV1QtaS.ltrans0.ltrans.o
                0x0040ec45                concat_path_file
 .text.dir_act  0x0040ec7c       0xac /home/notlean/openwrt-uboost/tmp/ccV1QtaS.ltrans0.ltrans.o
 .text.add_interface.lto_priv.0
                0x0040ed28       0x50 /home/notlean/openwrt-uboost/tmp/ccV1QtaS.ltrans0.ltrans.o
                0x0040ed29                add_interface.lto_priv.0
 .text.ifconfig_main
                0x0040ed78      0x430 /home/notlean/openwrt-uboost/tmp/ccV1QtaS.ltrans0.ltrans.o
 .text.set_next.lto_priv.0
                0x0040f1a8       0x28 /home/notlean/openwrt-uboost/tmp/ccV1QtaS.ltrans0.ltrans.o
                0x0040f1a9                set_next.lto_priv.0
 .text.resolve_peer_hostname.lto_priv.0
                0x0040f1d0       0xe4 /home/notlean/openwrt-uboost/tmp/ccV1QtaS.ltrans0.ltrans.o
                0x0040f1d1                resolve_peer_hostname.lto_priv.0
 .text.run_script.lto_priv.0
                0x0040f2b4       0xe8 /home/notlean/openwrt-uboost/tmp/ccV1QtaS.ltrans0.ltrans.o
                0x0040f2b5                run_script.lto_priv.0
 .text.clamp_pollexp_and_set_MAXSTRAT.lto_priv.0
                0x0040f39c       0x2c /home/notlean/openwrt-uboost/tmp/ccV1QtaS.ltrans0.ltrans.o
                0x0040f39d                clamp_pollexp_and_set_MAXSTRAT.lto_priv.0
 .text.adjust_poll
                0x0040f3c8       0x80 /home/notlean/openwrt-uboost/tmp/ccV1QtaS.ltrans1.ltrans.o
 .text.set_flags
                0x0040f448       0x24 /home/notlean/openwrt-uboost/tmp/ccV1QtaS.ltrans1.ltrans.o
 .text.find_by_index
                0x0040f46c       0x20 /home/notlean/openwrt-uboost/tmp/ccV1QtaS.ltrans1.ltrans.o
 .text.poll_interval
                0x0040f48c       0x30 /home/notlean/openwrt-uboost/tmp/ccV1QtaS.ltrans1.ltrans.o
 .text.iproute_reset_filter
                0x0040f4bc       0x24 /home/notlean/openwrt-uboost/tmp/ccV1QtaS.ltrans1.ltrans.o
 .text.parse_rtattr
                0x0040f4e0       0x54 /home/notlean/openwrt-uboost/tmp/ccV1QtaS.ltrans1.ltrans.o
 .text.recv_and_process_client_pkt
                0x0040f534      0x240 /home/notlean/openwrt-uboost/tmp/ccV1QtaS.ltrans1.ltrans.o
 .text.kw_lookup
                0x0040f774       0x58 /home/notlean/openwrt-uboost/tmp/ccV1QtaS.ltrans1.ltrans.o
 .text.print_stats_and_exit.lto_priv.0
                0x0040f7cc       0xb8 /home/notlean/openwrt-uboost/tmp/ccV1QtaS.ltrans1.ltrans.o
                0x0040f7cd                print_stats_and_exit.lto_priv.0
 .text.sendping4.lto_priv.0
                0x0040f884       0x54 /home/notlean/openwrt-uboost/tmp/ccV1QtaS.ltrans1.ltrans.o
                0x0040f885                sendping4.lto_priv.0
 .text.sendping6.lto_priv.0
                0x0040f8d8       0x48 /home/notlean/openwrt-uboost/tmp/ccV1QtaS.ltrans1.ltrans.o
                0x0040f8d9                sendping6.lto_priv.0
 .text.ping_main
                0x0040f920        0x8 /home/notlean/openwrt-uboost/tmp/ccV1QtaS.ltrans1.ltrans.o
                0x0040f921                ping_main
 .text.ping6_main
                0x0040f928        0xc /home/notlean/openwrt-uboost/tmp/ccV1QtaS.ltrans1.ltrans.o
                0x0040f929                ping6_main
 .text.next_arg
                0x0040f934       0x18 /home/notlean/openwrt-uboost/tmp/ccV1QtaS.ltrans1.ltrans.o
 .text.duparg   0x0040f94c       0x14 /home/notlean/openwrt-uboost/tmp/ccV1QtaS.ltrans1.ltrans.o
 .text.INET_setroute
                0x0040f960      0x2c8 /home/notlean/openwrt-uboost/tmp/ccV1QtaS.ltrans1.ltrans.o
 .text.INET6_setroute
                0x0040fc28      0x1cc /home/notlean/openwrt-uboost/tmp/ccV1QtaS.ltrans1.ltrans.o
 .text.get_hz   0x0040fdf4       0x58 /home/notlean/openwrt-uboost/tmp/ccV1QtaS.ltrans1.ltrans.o
 .text.INET6_displayroutes
                0x0040fe4c      0x198 /home/notlean/openwrt-uboost/tmp/ccV1QtaS.ltrans1.ltrans.o
 .text.hexdump_if_verbose
                0x0040ffe4       0xe0 /home/notlean/openwrt-uboost/tmp/ccV1QtaS.ltrans1.ltrans.o
 .text.traceroute_init
                0x004100c4      0x358 /home/notlean/openwrt-uboost/tmp/ccV1QtaS.ltrans1.ltrans.o
 .text.inet_addr_match
                0x0041041c       0x54 /home/notlean/openwrt-uboost/tmp/ccV1QtaS.ltrans1.ltrans.o
 .text.common_traceroute_main
                0x00410470      0x528 /home/notlean/openwrt-uboost/tmp/ccV1QtaS.ltrans1.ltrans.o
 .text.traceroute_main
                0x00410998        0xc /home/notlean/openwrt-uboost/tmp/ccV1QtaS.ltrans1.ltrans.o
                0x00410999                traceroute_main
 .text.traceroute6_main
                0x004109a4       0x14 /home/notlean/openwrt-uboost/tmp/ccV1QtaS.ltrans1.ltrans.o
                0x004109a5                traceroute6_main
 .text.get_ctl_fd
                0x004109b8       0x2c /home/notlean/openwrt-uboost/tmp/ccV1QtaS.ltrans1.ltrans.o
 .text.rtnl_rtntype_n2a
                0x004109e4       0x94 /home/notlean/openwrt-uboost/tmp/ccV1QtaS.ltrans1.ltrans.o
 .text.rtnl_rtntype_a2n
                0x00410a78       0x54 /home/notlean/openwrt-uboost/tmp/ccV1QtaS.ltrans1.ltrans.o
 .text.rtnl_send_check
                0x00410acc       0x88 /home/notlean/openwrt-uboost/tmp/ccV1QtaS.ltrans1.ltrans.o
 .text.flush_update.lto_priv.0
                0x00410b54       0x30 /home/notlean/openwrt-uboost/tmp/ccV1QtaS.ltrans1.ltrans.o
 .text.flush_update.lto_priv.1
                0x00410b84       0x30 /home/notlean/openwrt-uboost/tmp/ccV1QtaS.ltrans1.ltrans.o
 .text.flush_update.lto_priv.2
                0x00410bb4       0x30 /home/notlean/openwrt-uboost/tmp/ccV1QtaS.ltrans1.ltrans.o
 .text.xrtnl_open
                0x00410be4       0x44 /home/notlean/openwrt-uboost/tmp/ccV1QtaS.ltrans1.ltrans.o
 .text.rtnl_talk
                0x00410c28      0x1dc /home/notlean/openwrt-uboost/tmp/ccV1QtaS.ltrans1.ltrans.o
 .text.ll_remember_index
                0x00410e04       0xdc /home/notlean/openwrt-uboost/tmp/ccV1QtaS.ltrans1.ltrans.o
                0x00410e05                ll_remember_index
 .text.store_nlmsg
                0x00410ee0       0x50 /home/notlean/openwrt-uboost/tmp/ccV1QtaS.ltrans1.ltrans.o
 .text.ll_idx_n2a
                0x00410f30       0x30 /home/notlean/openwrt-uboost/tmp/ccV1QtaS.ltrans1.ltrans.o
 .text.print_linkinfo
                0x00410f60      0x334 /home/notlean/openwrt-uboost/tmp/ccV1QtaS.ltrans1.ltrans.o
 .text.xll_name_to_index
                0x00411294       0x1c /home/notlean/openwrt-uboost/tmp/ccV1QtaS.ltrans1.ltrans.o
 .text.set_master
                0x004112b0       0x68 /home/notlean/openwrt-uboost/tmp/ccV1QtaS.ltrans1.ltrans.o
 .text.set_netns
                0x00411318       0x68 /home/notlean/openwrt-uboost/tmp/ccV1QtaS.ltrans1.ltrans.o
 .text.rtnl_a2n
                0x00411380       0x68 /home/notlean/openwrt-uboost/tmp/ccV1QtaS.ltrans1.ltrans.o
 .text.rtnl_tab_initialize
                0x004113e8       0x7c /home/notlean/openwrt-uboost/tmp/ccV1QtaS.ltrans1.ltrans.o
 .text.rtnl_rtprot_initialize
                0x00411464       0x58 /home/notlean/openwrt-uboost/tmp/ccV1QtaS.ltrans1.ltrans.o
 .text.rtnl_rtscope_initialize
                0x004114bc       0x5c /home/notlean/openwrt-uboost/tmp/ccV1QtaS.ltrans1.ltrans.o
 .text.rtnl_rtscope_a2n
                0x00411518       0x20 /home/notlean/openwrt-uboost/tmp/ccV1QtaS.ltrans1.ltrans.o
 .text.rtnl_rtrealm_initialize
                0x00411538       0x34 /home/notlean/openwrt-uboost/tmp/ccV1QtaS.ltrans1.ltrans.o
 .text.rtnl_rtrealm_n2a
                0x0041156c       0x30 /home/notlean/openwrt-uboost/tmp/ccV1QtaS.ltrans1.ltrans.o
 .text.rtnl_rtdsfield_initialize
                0x0041159c       0x34 /home/notlean/openwrt-uboost/tmp/ccV1QtaS.ltrans1.ltrans.o
 .text.rtnl_rttable_initialize
                0x004115d0       0x50 /home/notlean/openwrt-uboost/tmp/ccV1QtaS.ltrans1.ltrans.o
 .text.rtnl_rttable_n2a
                0x00411620       0x30 /home/notlean/openwrt-uboost/tmp/ccV1QtaS.ltrans1.ltrans.o
 .text.rtnl_rttable_a2n
                0x00411650       0x20 /home/notlean/openwrt-uboost/tmp/ccV1QtaS.ltrans1.ltrans.o
 .text.rt_addr_n2a
                0x00411670       0x34 /home/notlean/openwrt-uboost/tmp/ccV1QtaS.ltrans1.ltrans.o
 .text.print_addrinfo
                0x004116a4      0x3cc /home/notlean/openwrt-uboost/tmp/ccV1QtaS.ltrans1.ltrans.o
 .text.print_neigh
                0x00411a70      0x310 /home/notlean/openwrt-uboost/tmp/ccV1QtaS.ltrans1.ltrans.o
 .text.print_route
                0x00411d80      0x540 /home/notlean/openwrt-uboost/tmp/ccV1QtaS.ltrans1.ltrans.o
 .text.print_rule
                0x004122c0      0x23c /home/notlean/openwrt-uboost/tmp/ccV1QtaS.ltrans1.ltrans.o
 .text.unpack_tail.lto_priv.0
                0x004124fc       0xc8 /home/notlean/openwrt-uboost/tmp/ccV1QtaS.ltrans1.ltrans.o
                0x004124fd                unpack_tail.lto_priv.0
 .text.bb_displayroutes
                0x004125c4      0x174 /home/notlean/openwrt-uboost/tmp/ccV1QtaS.ltrans1.ltrans.o
                0x004125c5                bb_displayroutes
 .text.route_main
                0x00412738       0xe4 /home/notlean/openwrt-uboost/tmp/ccV1QtaS.ltrans1.ltrans.o
                0x00412739                route_main
 .text.xrtnl_wilddump_request
                0x0041281c       0x34 /home/notlean/openwrt-uboost/tmp/ccV1QtaS.ltrans1.ltrans.o
                0x0041281d                xrtnl_wilddump_request
 .text.xrtnl_dump_filter
                0x00412850      0x140 /home/notlean/openwrt-uboost/tmp/ccV1QtaS.ltrans1.ltrans.o
                0x00412851                xrtnl_dump_filter
 .text.get_addr_1
                0x00412990       0xc8 /home/notlean/openwrt-uboost/tmp/ccV1QtaS.ltrans1.ltrans.o
                0x00412991                get_addr_1
 .text.ll_addr_a2n
                0x00412a58       0xa8 /home/notlean/openwrt-uboost/tmp/ccV1QtaS.ltrans1.ltrans.o
 .text.get_prefix
                0x00412b00      0x114 /home/notlean/openwrt-uboost/tmp/ccV1QtaS.ltrans1.ltrans.o
 .text.ipneigh_list_or_flush
                0x00412c14      0x270 /home/notlean/openwrt-uboost/tmp/ccV1QtaS.ltrans1.ltrans.o
 .text.iproute_get
                0x00412e84      0x254 /home/notlean/openwrt-uboost/tmp/ccV1QtaS.ltrans1.ltrans.o
 .text.invarg_1_to_2
                0x004130d8       0x14 /home/notlean/openwrt-uboost/tmp/ccV1QtaS.ltrans1.ltrans.o
                0x004130d9                invarg_1_to_2
 .text.ipaddr_list_or_flush
                0x004130ec      0x358 /home/notlean/openwrt-uboost/tmp/ccV1QtaS.ltrans1.ltrans.o
 .text.do_ipneigh
                0x00413444       0x3c /home/notlean/openwrt-uboost/tmp/ccV1QtaS.ltrans1.ltrans.o
                0x00413445                do_ipneigh
 .text.iproute_list_or_flush
                0x00413480      0x398 /home/notlean/openwrt-uboost/tmp/ccV1QtaS.ltrans1.ltrans.o
 .text.get_unsigned
                0x00413818       0x24 /home/notlean/openwrt-uboost/tmp/ccV1QtaS.ltrans1.ltrans.o
 .text.ipaddr_modify
                0x0041383c      0x4f0 /home/notlean/openwrt-uboost/tmp/ccV1QtaS.ltrans1.ltrans.o
 .text.do_ipaddr
                0x00413d2c       0x6c /home/notlean/openwrt-uboost/tmp/ccV1QtaS.ltrans1.ltrans.o
                0x00413d2d                do_ipaddr
 .text.do_add_or_delete
                0x00413d98      0x414 /home/notlean/openwrt-uboost/tmp/ccV1QtaS.ltrans1.ltrans.o
 .text.iprule_modify
                0x004141ac      0x36c /home/notlean/openwrt-uboost/tmp/ccV1QtaS.ltrans1.ltrans.o
 .text.do_iprule
                0x00414518       0x74 /home/notlean/openwrt-uboost/tmp/ccV1QtaS.ltrans1.ltrans.o
                0x00414519                do_iprule
 .text.do_iplink
                0x0041458c      0x458 /home/notlean/openwrt-uboost/tmp/ccV1QtaS.ltrans1.ltrans.o
                0x0041458d                do_iplink
 .text.iproute_modify
                0x004149e4      0x3c0 /home/notlean/openwrt-uboost/tmp/ccV1QtaS.ltrans1.ltrans.o
 .text.do_iproute
                0x00414da4       0xa8 /home/notlean/openwrt-uboost/tmp/ccV1QtaS.ltrans1.ltrans.o
                0x00414da5                do_iproute
 .text.mem_sort
                0x00414e4c       0x1c /home/notlean/openwrt-uboost/tmp/ccV1QtaS.ltrans2.ltrans.o
 .text.pcpu_sort
                0x00414e68        0x8 /home/notlean/openwrt-uboost/tmp/ccV1QtaS.ltrans2.ltrans.o
 .text.time_sort
                0x00414e70       0x1c /home/notlean/openwrt-uboost/tmp/ccV1QtaS.ltrans2.ltrans.o
 .text.mult_lvl_cmp
                0x00414e8c       0x34 /home/notlean/openwrt-uboost/tmp/ccV1QtaS.ltrans2.ltrans.o
 .text.prefix.lto_priv.0
                0x00414ec0       0x18 /home/notlean/openwrt-uboost/tmp/ccV1QtaS.ltrans2.ltrans.o
                0x00414ec1                prefix.lto_priv.0
 .text.set_curjob
                0x00414ed8       0x40 /home/notlean/openwrt-uboost/tmp/ccV1QtaS.ltrans2.ltrans.o
 .text.getstatus
                0x00414f18       0x60 /home/notlean/openwrt-uboost/tmp/ccV1QtaS.ltrans2.ltrans.o
 .text.skiploop
                0x00414f78       0x28 /home/notlean/openwrt-uboost/tmp/ccV1QtaS.ltrans2.ltrans.o
 .text.clearmems
                0x00414fa0       0x38 /home/notlean/openwrt-uboost/tmp/ccV1QtaS.ltrans2.ltrans.o
 .text.freealias
                0x00414fd8       0x30 /home/notlean/openwrt-uboost/tmp/ccV1QtaS.ltrans2.ltrans.o
 .text.optitem_unset_env_and_free
                0x00415008       0x28 /home/notlean/openwrt-uboost/tmp/ccV1QtaS.ltrans2.ltrans.o
 .text.putenvp  0x00415030       0x24 /home/notlean/openwrt-uboost/tmp/ccV1QtaS.ltrans2.ltrans.o
 .text.udhcp_scan_options
                0x00415054       0xa0 /home/notlean/openwrt-uboost/tmp/ccV1QtaS.ltrans2.ltrans.o
 .text.udhcp_get_option
                0x004150f4       0x2c /home/notlean/openwrt-uboost/tmp/ccV1QtaS.ltrans2.ltrans.o
 .text.udhcp_get_option32
                0x00415120       0x18 /home/notlean/openwrt-uboost/tmp/ccV1QtaS.ltrans2.ltrans.o
 .text.d4_recv_raw_packet
                0x00415138      0x194 /home/notlean/openwrt-uboost/tmp/ccV1QtaS.ltrans2.ltrans.o
 .text.change_listen_mode
                0x004152cc      0x110 /home/notlean/openwrt-uboost/tmp/ccV1QtaS.ltrans2.ltrans.o
 .text.calcsize
                0x004153dc      0x11c /home/notlean/openwrt-uboost/tmp/ccV1QtaS.ltrans2.ltrans.o
 .text.nodeckstrdup
                0x004154f8       0x30 /home/notlean/openwrt-uboost/tmp/ccV1QtaS.ltrans2.ltrans.o
 .text.copynode
                0x00415528      0x100 /home/notlean/openwrt-uboost/tmp/ccV1QtaS.ltrans2.ltrans.o
 .text.copynodelist
                0x00415628       0x38 /home/notlean/openwrt-uboost/tmp/ccV1QtaS.ltrans2.ltrans.o
 .text.client_background
                0x00415660       0x2c /home/notlean/openwrt-uboost/tmp/ccV1QtaS.ltrans2.ltrans.o
 .text.signal_handler.lto_priv.0
                0x0041568c       0x34 /home/notlean/openwrt-uboost/tmp/ccV1QtaS.ltrans2.ltrans.o
 .text.udhcp_str2nip
                0x004156c0       0x48 /home/notlean/openwrt-uboost/tmp/ccV1QtaS.ltrans2.ltrans.o
 .text.read_cpu_jiffy
                0x00415708       0xf4 /home/notlean/openwrt-uboost/tmp/ccV1QtaS.ltrans2.ltrans.o
 .text.parse_meminfo.lto_priv.0
                0x004157fc       0x80 /home/notlean/openwrt-uboost/tmp/ccV1QtaS.ltrans2.ltrans.o
 .text.free_main
                0x0041587c      0x164 /home/notlean/openwrt-uboost/tmp/ccV1QtaS.ltrans2.ltrans.o
                0x0041587d                free_main
 .text.kill_main
                0x004159e0      0x260 /home/notlean/openwrt-uboost/tmp/ccV1QtaS.ltrans2.ltrans.o
                0x004159e1                kill_main
 .text.pgrep_main
                0x00415c40      0x230 /home/notlean/openwrt-uboost/tmp/ccV1QtaS.ltrans2.ltrans.o
                0x00415c41                pgrep_main
 .text.pidof_main
                0x00415e70       0x98 /home/notlean/openwrt-uboost/tmp/ccV1QtaS.ltrans2.ltrans.o
                0x00415e71                pidof_main
 .text.ps_main  0x00415f08       0xf4 /home/notlean/openwrt-uboost/tmp/ccV1QtaS.ltrans2.ltrans.o
                0x00415f09                ps_main
 .text.sysctl_dots_to_slashes
                0x00415ffc       0x8c /home/notlean/openwrt-uboost/tmp/ccV1QtaS.ltrans2.ltrans.o
 .text.sysctl_act_on_setting
                0x00416088      0x18c /home/notlean/openwrt-uboost/tmp/ccV1QtaS.ltrans2.ltrans.o
 .text.sysctl_act_recursive
                0x00416214       0xa0 /home/notlean/openwrt-uboost/tmp/ccV1QtaS.ltrans2.ltrans.o
 .text.sysctl_main
                0x004162b4      0x110 /home/notlean/openwrt-uboost/tmp/ccV1QtaS.ltrans2.ltrans.o
                0x004162b5                sysctl_main
 .text.do_stats
                0x004163c4       0xe4 /home/notlean/openwrt-uboost/tmp/ccV1QtaS.ltrans2.ltrans.o
 .text.display_process_list
                0x004164a8      0x3f8 /home/notlean/openwrt-uboost/tmp/ccV1QtaS.ltrans2.ltrans.o
 .text.top_main
                0x004168a0      0x208 /home/notlean/openwrt-uboost/tmp/ccV1QtaS.ltrans2.ltrans.o
                0x004168a1                top_main
 .text.uptime_main
                0x00416aa8      0x134 /home/notlean/openwrt-uboost/tmp/ccV1QtaS.ltrans2.ltrans.o
                0x00416aa9                uptime_main
 .text.ignoresig
                0x00416bdc       0x2c /home/notlean/openwrt-uboost/tmp/ccV1QtaS.ltrans2.ltrans.o
 .text.msort    0x00416c08       0x70 /home/notlean/openwrt-uboost/tmp/ccV1QtaS.ltrans2.ltrans.o
 .text.pstrcmp  0x00416c78       0x10 /home/notlean/openwrt-uboost/tmp/ccV1QtaS.ltrans2.ltrans.o
 .text.dup_CLOEXEC
                0x00416c88       0x2c /home/notlean/openwrt-uboost/tmp/ccV1QtaS.ltrans2.ltrans.o
 .text.scanleft
                0x00416cb4       0x44 /home/notlean/openwrt-uboost/tmp/ccV1QtaS.ltrans2.ltrans.o
 .text.scanright
                0x00416cf8       0xb4 /home/notlean/openwrt-uboost/tmp/ccV1QtaS.ltrans2.ltrans.o
 .text.tryexec  0x00416dac       0x44 /home/notlean/openwrt-uboost/tmp/ccV1QtaS.ltrans2.ltrans.o
 .text.dotrap   0x00416df0       0xcc /home/notlean/openwrt-uboost/tmp/ccV1QtaS.ltrans2.ltrans.o
 .text.sprint_nip.lto_priv.0
                0x00416ebc       0x24 /home/notlean/openwrt-uboost/tmp/ccV1QtaS.ltrans2.ltrans.o
                0x00416ebd                sprint_nip.lto_priv.0
 .text.d4_run_script
                0x00416ee0      0x294 /home/notlean/openwrt-uboost/tmp/ccV1QtaS.ltrans2.ltrans.o
 .text.d4_run_script_deconfig
                0x00417174       0x14 /home/notlean/openwrt-uboost/tmp/ccV1QtaS.ltrans2.ltrans.o
 .text.raw_bcast_from_client_data_ifindex.lto_priv.0
                0x00417188       0x18 /home/notlean/openwrt-uboost/tmp/ccV1QtaS.ltrans2.ltrans.o
                0x00417189                raw_bcast_from_client_data_ifindex.lto_priv.0
 .text.dname_dec
                0x004171a0       0xf8 /home/notlean/openwrt-uboost/tmp/ccV1QtaS.ltrans2.ltrans.o
                0x004171a1                dname_dec
 .text.udhcp_end_option
                0x00417298       0x18 /home/notlean/openwrt-uboost/tmp/ccV1QtaS.ltrans2.ltrans.o
                0x00417299                udhcp_end_option
 .text.bcast_or_ucast
                0x004172b0      0x124 /home/notlean/openwrt-uboost/tmp/ccV1QtaS.ltrans2.ltrans.o
 .text.udhcp_add_binary_option
                0x004173d4       0x54 /home/notlean/openwrt-uboost/tmp/ccV1QtaS.ltrans2.ltrans.o
 .text.udhcp_add_simple_option
                0x00417428       0x70 /home/notlean/openwrt-uboost/tmp/ccV1QtaS.ltrans2.ltrans.o
                0x00417429                udhcp_add_simple_option
 .text.init_packet.lto_priv.0
                0x00417498       0xac /home/notlean/openwrt-uboost/tmp/ccV1QtaS.ltrans2.ltrans.o
                0x00417499                init_packet.lto_priv.0
 .text.add_client_options.lto_priv.0
                0x00417544       0x98 /home/notlean/openwrt-uboost/tmp/ccV1QtaS.ltrans2.ltrans.o
                0x00417545                add_client_options.lto_priv.0
 .text.send_renew
                0x004175dc       0x64 /home/notlean/openwrt-uboost/tmp/ccV1QtaS.ltrans2.ltrans.o
 .text.udhcp_find_option
                0x00417640       0x1c /home/notlean/openwrt-uboost/tmp/ccV1QtaS.ltrans2.ltrans.o
                0x00417641                udhcp_find_option
 .text.perform_release
                0x0041765c       0xd4 /home/notlean/openwrt-uboost/tmp/ccV1QtaS.ltrans2.ltrans.o
 .text.udhcpc_main
                0x00417730      0xb14 /home/notlean/openwrt-uboost/tmp/ccV1QtaS.ltrans2.ltrans.o
                0x00417731                udhcpc_main
 .text.isdigit_str9.lto_priv.0
                0x00418244       0x20 /home/notlean/openwrt-uboost/tmp/ccV1QtaS.ltrans2.ltrans.o
                0x00418245                isdigit_str9.lto_priv.0
 .text.raise_exception.lto_priv.0
                0x00418264       0x20 /home/notlean/openwrt-uboost/tmp/ccV1QtaS.ltrans2.ltrans.o
                0x00418265                raise_exception.lto_priv.0
 .text.raise_interrupt.lto_priv.0
                0x00418284       0x48 /home/notlean/openwrt-uboost/tmp/ccV1QtaS.ltrans2.ltrans.o
                0x00418285                raise_interrupt.lto_priv.0
 .text.signal_handler.lto_priv.1
                0x004182cc       0x60 /home/notlean/openwrt-uboost/tmp/ccV1QtaS.ltrans2.ltrans.o
 .text.int_on.lto_priv.0
                0x0041832c       0x24 /home/notlean/openwrt-uboost/tmp/ccV1QtaS.ltrans2.ltrans.o
                0x0041832d                int_on.lto_priv.0
 .text.fmtstr   0x00418350       0x30 /home/notlean/openwrt-uboost/tmp/ccV1QtaS.ltrans2.ltrans.o
 .text.sprint_status48
                0x00418380       0x94 /home/notlean/openwrt-uboost/tmp/ccV1QtaS.ltrans2.ltrans.o
 .text.out1str  0x00418414       0x28 /home/notlean/openwrt-uboost/tmp/ccV1QtaS.ltrans2.ltrans.o
 .text.freejob  0x0041843c       0x64 /home/notlean/openwrt-uboost/tmp/ccV1QtaS.ltrans2.ltrans.o
 .text.recordregion
                0x004184a0       0x48 /home/notlean/openwrt-uboost/tmp/ccV1QtaS.ltrans2.ltrans.o
 .text.removerecordregions
                0x004184e8       0xac /home/notlean/openwrt-uboost/tmp/ccV1QtaS.ltrans2.ltrans.o
 .text.clearcmdentry
                0x00418594       0x6c /home/notlean/openwrt-uboost/tmp/ccV1QtaS.ltrans2.ltrans.o
 .text.changepath.lto_priv.0
                0x00418600       0x40 /home/notlean/openwrt-uboost/tmp/ccV1QtaS.ltrans2.ltrans.o
                0x00418601                changepath.lto_priv.0
 .text.force_int_on.lto_priv.0
                0x00418640       0x20 /home/notlean/openwrt-uboost/tmp/ccV1QtaS.ltrans2.ltrans.o
                0x00418641                force_int_on.lto_priv.0
 .text.flush_stdout_stderr.lto_priv.0
                0x00418660       0x20 /home/notlean/openwrt-uboost/tmp/ccV1QtaS.ltrans2.ltrans.o
                0x00418661                flush_stdout_stderr.lto_priv.0
 .text.newline_and_flush.lto_priv.0
                0x00418680       0x2c /home/notlean/openwrt-uboost/tmp/ccV1QtaS.ltrans2.ltrans.o
                0x00418681                newline_and_flush.lto_priv.0
 .text.showjob  0x004186ac      0x17c /home/notlean/openwrt-uboost/tmp/ccV1QtaS.ltrans2.ltrans.o
 .text.out1fmt.lto_priv.0
                0x00418828       0x28 /home/notlean/openwrt-uboost/tmp/ccV1QtaS.ltrans2.ltrans.o
                0x00418829                out1fmt.lto_priv.0
 .text.out2str.lto_priv.0
                0x00418850       0x2c /home/notlean/openwrt-uboost/tmp/ccV1QtaS.ltrans2.ltrans.o
                0x00418851                out2str.lto_priv.0
 .text.dowait   0x0041887c      0x220 /home/notlean/openwrt-uboost/tmp/ccV1QtaS.ltrans2.ltrans.o
 .text.freefunc.lto_priv.0
                0x00418a9c       0x1c /home/notlean/openwrt-uboost/tmp/ccV1QtaS.ltrans2.ltrans.o
                0x00418a9d                freefunc.lto_priv.0
 .text.ash_vmsg.lto_priv.0
                0x00418ab8       0x78 /home/notlean/openwrt-uboost/tmp/ccV1QtaS.ltrans2.ltrans.o
                0x00418ab9                ash_vmsg.lto_priv.0
 .text.ash_msg_and_raise_error.lto_priv.0
                0x00418b30       0x24 /home/notlean/openwrt-uboost/tmp/ccV1QtaS.ltrans2.ltrans.o
                0x00418b31                ash_msg_and_raise_error.lto_priv.0
 .text.xtcsetpgrp
                0x00418b54       0x1c /home/notlean/openwrt-uboost/tmp/ccV1QtaS.ltrans2.ltrans.o
 .text.xdup_CLOEXEC_and_close
                0x00418b70       0x4c /home/notlean/openwrt-uboost/tmp/ccV1QtaS.ltrans2.ltrans.o
 .text.raise_error_syntax.lto_priv.0
                0x00418bbc       0x24 /home/notlean/openwrt-uboost/tmp/ccV1QtaS.ltrans2.ltrans.o
                0x00418bbd                raise_error_syntax.lto_priv.0
 .text.ash_msg.lto_priv.0
                0x00418be0       0x10 /home/notlean/openwrt-uboost/tmp/ccV1QtaS.ltrans2.ltrans.o
                0x00418be1                ash_msg.lto_priv.0
 .text.errmsg.lto_priv.0
                0x00418bf0       0x18 /home/notlean/openwrt-uboost/tmp/ccV1QtaS.ltrans2.ltrans.o
                0x00418bf1                errmsg.lto_priv.0
 .text.stalloc.lto_priv.0
                0x00418c08       0x6c /home/notlean/openwrt-uboost/tmp/ccV1QtaS.ltrans2.ltrans.o
                0x00418c09                stalloc.lto_priv.0
 .text.pushstackmark
                0x00418c74       0x24 /home/notlean/openwrt-uboost/tmp/ccV1QtaS.ltrans2.ltrans.o
 .text.growstackblock
                0x00418c98       0xb8 /home/notlean/openwrt-uboost/tmp/ccV1QtaS.ltrans2.ltrans.o
 .text.stzalloc.lto_priv.0
                0x00418d50       0x18 /home/notlean/openwrt-uboost/tmp/ccV1QtaS.ltrans2.ltrans.o
                0x00418d51                stzalloc.lto_priv.0
 .text.sstrdup.lto_priv.0
                0x00418d68       0x34 /home/notlean/openwrt-uboost/tmp/ccV1QtaS.ltrans2.ltrans.o
                0x00418d69                sstrdup.lto_priv.0
 .text.addfname
                0x00418d9c       0x24 /home/notlean/openwrt-uboost/tmp/ccV1QtaS.ltrans2.ltrans.o
 .text.expmeta  0x00418dc0      0x218 /home/notlean/openwrt-uboost/tmp/ccV1QtaS.ltrans2.ltrans.o
 .text.setstackmark.lto_priv.0
                0x00418fd8       0x30 /home/notlean/openwrt-uboost/tmp/ccV1QtaS.ltrans2.ltrans.o
                0x00418fd9                setstackmark.lto_priv.0
 .text.popstackmark.lto_priv.0
                0x00419008       0x48 /home/notlean/openwrt-uboost/tmp/ccV1QtaS.ltrans2.ltrans.o
                0x00419009                popstackmark.lto_priv.0
 .text.growstackstr.lto_priv.0
                0x00419050       0x1c /home/notlean/openwrt-uboost/tmp/ccV1QtaS.ltrans2.ltrans.o
                0x00419051                growstackstr.lto_priv.0
 .text.growstackto.lto_priv.0
                0x0041906c       0x1c /home/notlean/openwrt-uboost/tmp/ccV1QtaS.ltrans2.ltrans.o
                0x0041906d                growstackto.lto_priv.0
 .text.makestrspace.lto_priv.0
                0x00419088       0x1c /home/notlean/openwrt-uboost/tmp/ccV1QtaS.ltrans2.ltrans.o
                0x00419089                makestrspace.lto_priv.0
 .text.stnputs  0x004190a4       0x1c /home/notlean/openwrt-uboost/tmp/ccV1QtaS.ltrans2.ltrans.o
 .text.cmdputs  0x004190c0      0x150 /home/notlean/openwrt-uboost/tmp/ccV1QtaS.ltrans2.ltrans.o
 .text.cmdtxt   0x00419210      0x290 /home/notlean/openwrt-uboost/tmp/ccV1QtaS.ltrans2.ltrans.o
 .text.memtodest
                0x004194a0       0x9c /home/notlean/openwrt-uboost/tmp/ccV1QtaS.ltrans2.ltrans.o
 .text.strtodest
                0x0041953c       0x1c /home/notlean/openwrt-uboost/tmp/ccV1QtaS.ltrans2.ltrans.o
 .text.cvtnum   0x00419558       0x24 /home/notlean/openwrt-uboost/tmp/ccV1QtaS.ltrans2.ltrans.o
 .text.stack_putstr.lto_priv.0
                0x0041957c       0x18 /home/notlean/openwrt-uboost/tmp/ccV1QtaS.ltrans2.ltrans.o
                0x0041957d                stack_putstr.lto_priv.0
 .text._STPUTC.lto_priv.0
                0x00419594       0x24 /home/notlean/openwrt-uboost/tmp/ccV1QtaS.ltrans2.ltrans.o
                0x00419595                _STPUTC.lto_priv.0
 .text.is_number.lto_priv.0
                0x004195b8       0x18 /home/notlean/openwrt-uboost/tmp/ccV1QtaS.ltrans2.ltrans.o
                0x004195b9                is_number.lto_priv.0
 .text.getjob   0x004195d0       0xf4 /home/notlean/openwrt-uboost/tmp/ccV1QtaS.ltrans2.ltrans.o
 .text.killcmd.lto_priv.0
                0x004196c4       0xe8 /home/notlean/openwrt-uboost/tmp/ccV1QtaS.ltrans2.ltrans.o
                0x004196c5                killcmd.lto_priv.0
 .text.number.lto_priv.0
                0x004197ac       0x20 /home/notlean/openwrt-uboost/tmp/ccV1QtaS.ltrans2.ltrans.o
                0x004197ad                number.lto_priv.0
 .text.getoptsreset.lto_priv.0
                0x004197cc       0x2c /home/notlean/openwrt-uboost/tmp/ccV1QtaS.ltrans2.ltrans.o
                0x004197cd                getoptsreset.lto_priv.0
 .text.single_quote.lto_priv.0
                0x004197f8       0x8c /home/notlean/openwrt-uboost/tmp/ccV1QtaS.ltrans2.ltrans.o
                0x004197f9                single_quote.lto_priv.0
 .text.printalias
                0x00419884       0x1c /home/notlean/openwrt-uboost/tmp/ccV1QtaS.ltrans2.ltrans.o
 .text.maybe_single_quote.lto_priv.0
                0x004198a0       0x34 /home/notlean/openwrt-uboost/tmp/ccV1QtaS.ltrans2.ltrans.o
                0x004198a1                maybe_single_quote.lto_priv.0
 .text.nextopt.lto_priv.0
                0x004198d4       0x90 /home/notlean/openwrt-uboost/tmp/ccV1QtaS.ltrans2.ltrans.o
                0x004198d5                nextopt.lto_priv.0
 .text.cdopt    0x00419964       0x28 /home/notlean/openwrt-uboost/tmp/ccV1QtaS.ltrans2.ltrans.o
 .text.waitcmd.lto_priv.0
                0x0041998c      0x110 /home/notlean/openwrt-uboost/tmp/ccV1QtaS.ltrans2.ltrans.o
                0x0041998d                waitcmd.lto_priv.0
 .text.freeparam.lto_priv.0
                0x00419a9c       0x24 /home/notlean/openwrt-uboost/tmp/ccV1QtaS.ltrans2.ltrans.o
                0x00419a9d                freeparam.lto_priv.0
 .text.varcmp.lto_priv.0
                0x00419ac0       0x24 /home/notlean/openwrt-uboost/tmp/ccV1QtaS.ltrans2.ltrans.o
                0x00419ac1                varcmp.lto_priv.0
 .text.vpcmp.lto_priv.0
                0x00419ae4       0x10 /home/notlean/openwrt-uboost/tmp/ccV1QtaS.ltrans2.ltrans.o
                0x00419ae5                vpcmp.lto_priv.0
 .text.hashvar.lto_priv.0
                0x00419af4       0x2c /home/notlean/openwrt-uboost/tmp/ccV1QtaS.ltrans2.ltrans.o
                0x00419af5                hashvar.lto_priv.0
 .text.findvar.lto_priv.0
                0x00419b20       0x20 /home/notlean/openwrt-uboost/tmp/ccV1QtaS.ltrans2.ltrans.o
                0x00419b21                findvar.lto_priv.0
 .text.lookupvar.lto_priv.0
                0x00419b40       0x88 /home/notlean/openwrt-uboost/tmp/ccV1QtaS.ltrans2.ltrans.o
                0x00419b41                lookupvar.lto_priv.0
 .text.setvareq.lto_priv.0
                0x00419bc8      0x120 /home/notlean/openwrt-uboost/tmp/ccV1QtaS.ltrans2.ltrans.o
                0x00419bc9                setvareq.lto_priv.0
 .text.setvar.lto_priv.0
                0x00419ce8       0xa8 /home/notlean/openwrt-uboost/tmp/ccV1QtaS.ltrans2.ltrans.o
                0x00419ce9                setvar.lto_priv.0
 .text.setvar0.lto_priv.0
                0x00419d90        0xc /home/notlean/openwrt-uboost/tmp/ccV1QtaS.ltrans2.ltrans.o
                0x00419d91                setvar0.lto_priv.0
 .text.unsetvar.lto_priv.0
                0x00419d9c       0x10 /home/notlean/openwrt-uboost/tmp/ccV1QtaS.ltrans2.ltrans.o
                0x00419d9d                unsetvar.lto_priv.0
 .text.padvance.lto_priv.0
                0x00419dac       0xd8 /home/notlean/openwrt-uboost/tmp/ccV1QtaS.ltrans2.ltrans.o
                0x00419dad                padvance.lto_priv.0
 .text.setprompt_if.lto_priv.0
                0x00419e84       0x74 /home/notlean/openwrt-uboost/tmp/ccV1QtaS.ltrans2.ltrans.o
                0x00419e85                setprompt_if.lto_priv.0
 .text.setpwd.lto_priv.0
                0x00419ef8       0xa4 /home/notlean/openwrt-uboost/tmp/ccV1QtaS.ltrans2.ltrans.o
                0x00419ef9                setpwd.lto_priv.0
 .text.cdcmd.lto_priv.0
                0x00419f9c      0x27c /home/notlean/openwrt-uboost/tmp/ccV1QtaS.ltrans2.ltrans.o
                0x00419f9d                cdcmd.lto_priv.0
 .text.pwdcmd.lto_priv.0
                0x0041a218       0x38 /home/notlean/openwrt-uboost/tmp/ccV1QtaS.ltrans2.ltrans.o
                0x0041a219                pwdcmd.lto_priv.0
 .text.__lookupalias.lto_priv.0
                0x0041a250       0x40 /home/notlean/openwrt-uboost/tmp/ccV1QtaS.ltrans2.ltrans.o
                0x0041a251                __lookupalias.lto_priv.0
 .text.aliascmd.lto_priv.0
                0x0041a290       0xe8 /home/notlean/openwrt-uboost/tmp/ccV1QtaS.ltrans2.ltrans.o
                0x0041a291                aliascmd.lto_priv.0
 .text.unalias.lto_priv.0
                0x0041a378       0x34 /home/notlean/openwrt-uboost/tmp/ccV1QtaS.ltrans2.ltrans.o
                0x0041a379                unalias.lto_priv.0
 .text.unaliascmd.lto_priv.0
                0x0041a3ac       0x9c /home/notlean/openwrt-uboost/tmp/ccV1QtaS.ltrans2.ltrans.o
                0x0041a3ad                unaliascmd.lto_priv.0
 .text.setsignal.lto_priv.0
                0x0041a448      0x11c /home/notlean/openwrt-uboost/tmp/ccV1QtaS.ltrans2.ltrans.o
                0x0041a449                setsignal.lto_priv.0
 .text.forkchild
                0x0041a564      0x1e4 /home/notlean/openwrt-uboost/tmp/ccV1QtaS.ltrans2.ltrans.o
 .text.setjobctl.lto_priv.0
                0x0041a748      0x130 /home/notlean/openwrt-uboost/tmp/ccV1QtaS.ltrans2.ltrans.o
                0x0041a749                setjobctl.lto_priv.0
 .text.showjobs.lto_priv.0
                0x0041a878       0x34 /home/notlean/openwrt-uboost/tmp/ccV1QtaS.ltrans2.ltrans.o
                0x0041a879                showjobs.lto_priv.0
 .text.jobscmd.lto_priv.0
                0x0041a8ac       0x50 /home/notlean/openwrt-uboost/tmp/ccV1QtaS.ltrans2.ltrans.o
                0x0041a8ad                jobscmd.lto_priv.0
 .text.makejob.lto_priv.0
                0x0041a8fc      0x110 /home/notlean/openwrt-uboost/tmp/ccV1QtaS.ltrans2.ltrans.o
                0x0041a8fd                makejob.lto_priv.0
 .text.forkshell.lto_priv.0
                0x0041aa0c       0xd0 /home/notlean/openwrt-uboost/tmp/ccV1QtaS.ltrans2.ltrans.o
                0x0041aa0d                forkshell.lto_priv.0
 .text.waitforjob.lto_priv.0
                0x0041aadc       0x64 /home/notlean/openwrt-uboost/tmp/ccV1QtaS.ltrans2.ltrans.o
                0x0041aadd                waitforjob.lto_priv.0
 .text.fg_bgcmd.lto_priv.0
                0x0041ab40      0x118 /home/notlean/openwrt-uboost/tmp/ccV1QtaS.ltrans2.ltrans.o
                0x0041ab41                fg_bgcmd.lto_priv.0
 .text.stoppedjobs.lto_priv.0
                0x0041ac58       0x3c /home/notlean/openwrt-uboost/tmp/ccV1QtaS.ltrans2.ltrans.o
                0x0041ac59                stoppedjobs.lto_priv.0
 .text.popredir.lto_priv.0
                0x0041ac94       0x80 /home/notlean/openwrt-uboost/tmp/ccV1QtaS.ltrans2.ltrans.o
                0x0041ac95                popredir.lto_priv.0
 .text.ash_arith.lto_priv.0
                0x0041ad14       0x48 /home/notlean/openwrt-uboost/tmp/ccV1QtaS.ltrans2.ltrans.o
                0x0041ad15                ash_arith.lto_priv.0
 .text.ifsfree.lto_priv.0
                0x0041ad5c       0x38 /home/notlean/openwrt-uboost/tmp/ccV1QtaS.ltrans2.ltrans.o
                0x0041ad5d                ifsfree.lto_priv.0
 .text.varvalue
                0x0041ad94      0x1d8 /home/notlean/openwrt-uboost/tmp/ccV1QtaS.ltrans2.ltrans.o
 .text.rmescapes.lto_priv.0
                0x0041af6c      0x13c /home/notlean/openwrt-uboost/tmp/ccV1QtaS.ltrans2.ltrans.o
                0x0041af6d                rmescapes.lto_priv.0
 .text.shellexec.lto_priv.0
                0x0041b0a8       0xc8 /home/notlean/openwrt-uboost/tmp/ccV1QtaS.ltrans2.ltrans.o
                0x0041b0a9                shellexec.lto_priv.0
 .text.cmdlookup.lto_priv.0
                0x0041b170       0x80 /home/notlean/openwrt-uboost/tmp/ccV1QtaS.ltrans2.ltrans.o
                0x0041b171                cmdlookup.lto_priv.0
 .text.delete_cmd_entry.lto_priv.0
                0x0041b1f0       0x3c /home/notlean/openwrt-uboost/tmp/ccV1QtaS.ltrans2.ltrans.o
                0x0041b1f1                delete_cmd_entry.lto_priv.0
 .text.hashcmd.lto_priv.0
                0x0041b22c      0x108 /home/notlean/openwrt-uboost/tmp/ccV1QtaS.ltrans2.ltrans.o
                0x0041b22d                hashcmd.lto_priv.0
 .text.findkwd.lto_priv.0
                0x0041b334       0x1c /home/notlean/openwrt-uboost/tmp/ccV1QtaS.ltrans2.ltrans.o
                0x0041b335                findkwd.lto_priv.0
 .text.describe_command
                0x0041b350      0x124 /home/notlean/openwrt-uboost/tmp/ccV1QtaS.ltrans2.ltrans.o
 .text.typecmd.lto_priv.0
                0x0041b474       0x38 /home/notlean/openwrt-uboost/tmp/ccV1QtaS.ltrans2.ltrans.o
                0x0041b475                typecmd.lto_priv.0
 .text.commandcmd.lto_priv.0
                0x0041b4ac       0x44 /home/notlean/openwrt-uboost/tmp/ccV1QtaS.ltrans2.ltrans.o
                0x0041b4ad                commandcmd.lto_priv.0
 .text.expredir.lto_priv.0
                0x0041b4f0       0xa0 /home/notlean/openwrt-uboost/tmp/ccV1QtaS.ltrans2.ltrans.o
                0x0041b4f1                expredir.lto_priv.0
 .text.evaltree.lto_priv.0
                0x0041b590      0x268 /home/notlean/openwrt-uboost/tmp/ccV1QtaS.ltrans2.ltrans.o
                0x0041b591                evaltree.lto_priv.0
 .text.argstr   0x0041b7f8      0x538 /home/notlean/openwrt-uboost/tmp/ccV1QtaS.ltrans2.ltrans.o
 .text.evalvar  0x0041bd30      0x1c4 /home/notlean/openwrt-uboost/tmp/ccV1QtaS.ltrans2.ltrans.o
 .text.expandarg.lto_priv.0
                0x0041bef4      0x2f8 /home/notlean/openwrt-uboost/tmp/ccV1QtaS.ltrans2.ltrans.o
                0x0041bef5                expandarg.lto_priv.0
 .text.redirect.lto_priv.0
                0x0041c1ec      0x38c /home/notlean/openwrt-uboost/tmp/ccV1QtaS.ltrans2.ltrans.o
                0x0041c1ed                redirect.lto_priv.0
 .text.fill_arglist.lto_priv.0
                0x0041c578       0x28 /home/notlean/openwrt-uboost/tmp/ccV1QtaS.ltrans2.ltrans.o
                0x0041c579                fill_arglist.lto_priv.0
 .text.evalpipe
                0x0041c5a0      0x10c /home/notlean/openwrt-uboost/tmp/ccV1QtaS.ltrans2.ltrans.o
 .text.evalfor  0x0041c6ac       0x88 /home/notlean/openwrt-uboost/tmp/ccV1QtaS.ltrans2.ltrans.o
 .text.evalloop
                0x0041c734       0x60 /home/notlean/openwrt-uboost/tmp/ccV1QtaS.ltrans2.ltrans.o
 .text.evalcase
                0x0041c794       0xc4 /home/notlean/openwrt-uboost/tmp/ccV1QtaS.ltrans2.ltrans.o
 .text.evalsubshell
                0x0041c858       0xa8 /home/notlean/openwrt-uboost/tmp/ccV1QtaS.ltrans2.ltrans.o
 .text.optschanged.lto_priv.0
                0x0041c900       0xa4 /home/notlean/openwrt-uboost/tmp/ccV1QtaS.ltrans2.ltrans.o
                0x0041c901                optschanged.lto_priv.0
 .text.unwindlocalvars.lto_priv.0
                0x0041c9a4       0xc8 /home/notlean/openwrt-uboost/tmp/ccV1QtaS.ltrans2.ltrans.o
                0x0041c9a5                unwindlocalvars.lto_priv.0
 .text.falsecmd.lto_priv.0
                0x0041ca6c        0x4 /home/notlean/openwrt-uboost/tmp/ccV1QtaS.ltrans3.ltrans.o
                0x0041ca6d                falsecmd.lto_priv.0
 .text.truecmd.lto_priv.0
                0x0041ca70        0x4 /home/notlean/openwrt-uboost/tmp/ccV1QtaS.ltrans3.ltrans.o
                0x0041ca71                truecmd.lto_priv.0
 .text.get_builtin_name.lto_priv.0
                0x0041ca74       0x18 /home/notlean/openwrt-uboost/tmp/ccV1QtaS.ltrans3.ltrans.o
                0x0041ca75                get_builtin_name.lto_priv.0
 .text.bltincmd
                0x0041ca8c        0xc /home/notlean/openwrt-uboost/tmp/ccV1QtaS.ltrans3.ltrans.o
 .text.nlnoprompt
                0x0041ca98       0x30 /home/notlean/openwrt-uboost/tmp/ccV1QtaS.ltrans3.ltrans.o
 .text.pungetc  0x0041cac8       0x10 /home/notlean/openwrt-uboost/tmp/ccV1QtaS.ltrans3.ltrans.o
 .text.evalfun  0x0041cad8      0x124 /home/notlean/openwrt-uboost/tmp/ccV1QtaS.ltrans3.ltrans.o
 .text.popstring
                0x0041cbfc       0x90 /home/notlean/openwrt-uboost/tmp/ccV1QtaS.ltrans3.ltrans.o
 .text.pushfile
                0x0041cc8c       0x20 /home/notlean/openwrt-uboost/tmp/ccV1QtaS.ltrans3.ltrans.o
 .text.mklocal  0x0041ccac      0x100 /home/notlean/openwrt-uboost/tmp/ccV1QtaS.ltrans3.ltrans.o
 .text.localcmd
                0x0041cdac       0x34 /home/notlean/openwrt-uboost/tmp/ccV1QtaS.ltrans3.ltrans.o
 .text.execcmd  0x0041cde0       0x6c /home/notlean/openwrt-uboost/tmp/ccV1QtaS.ltrans3.ltrans.o
 .text.returncmd
                0x0041ce4c       0x2c /home/notlean/openwrt-uboost/tmp/ccV1QtaS.ltrans3.ltrans.o
 .text.breakcmd
                0x0041ce78       0x58 /home/notlean/openwrt-uboost/tmp/ccV1QtaS.ltrans3.ltrans.o
 .text.shiftcmd
                0x0041ced0       0x8c /home/notlean/openwrt-uboost/tmp/ccV1QtaS.ltrans3.ltrans.o
 .text.echocmd  0x0041cf5c        0xc /home/notlean/openwrt-uboost/tmp/ccV1QtaS.ltrans3.ltrans.o
 .text.printfcmd
                0x0041cf68        0xc /home/notlean/openwrt-uboost/tmp/ccV1QtaS.ltrans3.ltrans.o
 .text.testcmd  0x0041cf74        0xc /home/notlean/openwrt-uboost/tmp/ccV1QtaS.ltrans3.ltrans.o
 .text.pstrcmp1
                0x0041cf80       0x10 /home/notlean/openwrt-uboost/tmp/ccV1QtaS.ltrans3.ltrans.o
 .text.set_discard_flag
                0x0041cf90       0x6c /home/notlean/openwrt-uboost/tmp/ccV1QtaS.ltrans3.ltrans.o
 .text.pushstring
                0x0041cffc       0xa4 /home/notlean/openwrt-uboost/tmp/ccV1QtaS.ltrans3.ltrans.o
 .text.setinputstring
                0x0041d0a0       0x48 /home/notlean/openwrt-uboost/tmp/ccV1QtaS.ltrans3.ltrans.o
 .text.nlprompt
                0x0041d0e8       0x30 /home/notlean/openwrt-uboost/tmp/ccV1QtaS.ltrans3.ltrans.o
 .text.freestrings
                0x0041d118       0x58 /home/notlean/openwrt-uboost/tmp/ccV1QtaS.ltrans3.ltrans.o
 .text.historycmd
                0x0041d170       0x3c /home/notlean/openwrt-uboost/tmp/ccV1QtaS.ltrans3.ltrans.o
 .text.__pgetc  0x0041d1ac      0x71c /home/notlean/openwrt-uboost/tmp/ccV1QtaS.ltrans3.ltrans.o
 .text.pgetc    0x0041d8c8       0x20 /home/notlean/openwrt-uboost/tmp/ccV1QtaS.ltrans3.ltrans.o
 .text.pgetc_eatbnl
                0x0041d8e8       0x2c /home/notlean/openwrt-uboost/tmp/ccV1QtaS.ltrans3.ltrans.o
 .text.setparam
                0x0041d914       0x54 /home/notlean/openwrt-uboost/tmp/ccV1QtaS.ltrans3.ltrans.o
 .text.popfile  0x0041d968       0x64 /home/notlean/openwrt-uboost/tmp/ccV1QtaS.ltrans3.ltrans.o
 .text.setinputfile
                0x0041d9cc       0xbc /home/notlean/openwrt-uboost/tmp/ccV1QtaS.ltrans3.ltrans.o
 .text.options  0x0041da88      0x1e0 /home/notlean/openwrt-uboost/tmp/ccV1QtaS.ltrans3.ltrans.o
 .text.showvars
                0x0041dc68       0x84 /home/notlean/openwrt-uboost/tmp/ccV1QtaS.ltrans3.ltrans.o
 .text.setcmd   0x0041dcec       0x50 /home/notlean/openwrt-uboost/tmp/ccV1QtaS.ltrans3.ltrans.o
 .text.exportcmd
                0x0041dd3c       0x98 /home/notlean/openwrt-uboost/tmp/ccV1QtaS.ltrans3.ltrans.o
 .text.change_random
                0x0041ddd4       0xe0 /home/notlean/openwrt-uboost/tmp/ccV1QtaS.ltrans3.ltrans.o
 .text.change_epoch
                0x0041deb4       0x44 /home/notlean/openwrt-uboost/tmp/ccV1QtaS.ltrans3.ltrans.o
 .text.change_seconds
                0x0041def8       0x20 /home/notlean/openwrt-uboost/tmp/ccV1QtaS.ltrans3.ltrans.o
 .text.change_realtime
                0x0041df18       0x20 /home/notlean/openwrt-uboost/tmp/ccV1QtaS.ltrans3.ltrans.o
 .text.getoptscmd
                0x0041df38      0x210 /home/notlean/openwrt-uboost/tmp/ccV1QtaS.ltrans3.ltrans.o
 .text.tokname  0x0041e148       0x28 /home/notlean/openwrt-uboost/tmp/ccV1QtaS.ltrans3.ltrans.o
 .text.raise_error_unexpected_syntax
                0x0041e170       0x50 /home/notlean/openwrt-uboost/tmp/ccV1QtaS.ltrans3.ltrans.o
 .text.makename
                0x0041e1c0       0x24 /home/notlean/openwrt-uboost/tmp/ccV1QtaS.ltrans3.ltrans.o
 .text.set_priority_flag
                0x0041e1e4       0x4c /home/notlean/openwrt-uboost/tmp/ccV1QtaS.ltrans3.ltrans.o
 .text.readtoken
                0x0041e230       0xac /home/notlean/openwrt-uboost/tmp/ccV1QtaS.ltrans3.ltrans.o
 .text.parsefname
                0x0041e2dc       0xbc /home/notlean/openwrt-uboost/tmp/ccV1QtaS.ltrans3.ltrans.o
 .text.readtoken1
                0x0041e398      0xd7c /home/notlean/openwrt-uboost/tmp/ccV1QtaS.ltrans3.ltrans.o
 .text.xxreadtoken
                0x0041f114       0xc8 /home/notlean/openwrt-uboost/tmp/ccV1QtaS.ltrans3.ltrans.o
 .text.parseheredoc
                0x0041f1dc       0x7c /home/notlean/openwrt-uboost/tmp/ccV1QtaS.ltrans3.ltrans.o
 .text.list     0x0041f258      0x148 /home/notlean/openwrt-uboost/tmp/ccV1QtaS.ltrans3.ltrans.o
 .text.parse_command
                0x0041f3a0      0x570 /home/notlean/openwrt-uboost/tmp/ccV1QtaS.ltrans3.ltrans.o
 .text.pipeline
                0x0041f910       0x98 /home/notlean/openwrt-uboost/tmp/ccV1QtaS.ltrans3.ltrans.o
 .text.parsecmd
                0x0041f9a8       0x40 /home/notlean/openwrt-uboost/tmp/ccV1QtaS.ltrans3.ltrans.o
 .text.exitcmd  0x0041f9e8       0x28 /home/notlean/openwrt-uboost/tmp/ccV1QtaS.ltrans3.ltrans.o
 .text.cmdloop  0x0041fa10       0xd0 /home/notlean/openwrt-uboost/tmp/ccV1QtaS.ltrans3.ltrans.o
 .text.dotcmd   0x0041fae0      0x104 /home/notlean/openwrt-uboost/tmp/ccV1QtaS.ltrans3.ltrans.o
 .text.unsetcmd
                0x0041fbe4       0x50 /home/notlean/openwrt-uboost/tmp/ccV1QtaS.ltrans3.ltrans.o
 .text.trapcmd  0x0041fc34      0x140 /home/notlean/openwrt-uboost/tmp/ccV1QtaS.ltrans3.ltrans.o
 .text.timescmd
                0x0041fd74       0x64 /home/notlean/openwrt-uboost/tmp/ccV1QtaS.ltrans3.ltrans.o
 .text.letcmd   0x0041fdd8       0x2c /home/notlean/openwrt-uboost/tmp/ccV1QtaS.ltrans3.ltrans.o
 .text.readcmd  0x0041fe04      0x4d0 /home/notlean/openwrt-uboost/tmp/ccV1QtaS.ltrans3.ltrans.o
 .text.umaskcmd
                0x004202d4      0x108 /home/notlean/openwrt-uboost/tmp/ccV1QtaS.ltrans3.ltrans.o
 .text.printlim
                0x004203dc       0x44 /home/notlean/openwrt-uboost/tmp/ccV1QtaS.ltrans3.ltrans.o
 .text.ulimitcmd
                0x00420420      0x210 /home/notlean/openwrt-uboost/tmp/ccV1QtaS.ltrans3.ltrans.o
 .text.exitreset
                0x00420630       0x58 /home/notlean/openwrt-uboost/tmp/ccV1QtaS.ltrans3.ltrans.o
 .text.init     0x00420688      0x158 /home/notlean/openwrt-uboost/tmp/ccV1QtaS.ltrans3.ltrans.o
 .text.decode   0x004207e0       0x34 /home/notlean/openwrt-uboost/tmp/ccV1QtaS.ltrans3.ltrans.o
 .text.logger_main
                0x00420814      0x148 /home/notlean/openwrt-uboost/tmp/ccV1QtaS.ltrans3.ltrans.o
                0x00420815                logger_main
 .text.dmesg_main
                0x0042095c       0xe4 /home/notlean/openwrt-uboost/tmp/ccV1QtaS.ltrans3.ltrans.o
                0x0042095d                dmesg_main
 .text.flock_main
                0x00420a40      0x120 /home/notlean/openwrt-uboost/tmp/ccV1QtaS.ltrans3.ltrans.o
                0x00420a41                flock_main
 .text.read_rtc
                0x00420b60       0x84 /home/notlean/openwrt-uboost/tmp/ccV1QtaS.ltrans3.ltrans.o
 .text.set_kernel_tz
                0x00420be4       0x20 /home/notlean/openwrt-uboost/tmp/ccV1QtaS.ltrans3.ltrans.o
 .text.set_kernel_timezone_and_clock
                0x00420c04       0x44 /home/notlean/openwrt-uboost/tmp/ccV1QtaS.ltrans3.ltrans.o
 .text.hwclock_main
                0x00420c48      0x10c /home/notlean/openwrt-uboost/tmp/ccV1QtaS.ltrans3.ltrans.o
                0x00420c49                hwclock_main
 .text.append_mount_options
                0x00420d54       0x84 /home/notlean/openwrt-uboost/tmp/ccV1QtaS.ltrans3.ltrans.o
 .text.parse_mount_options
                0x00420dd8       0xe8 /home/notlean/openwrt-uboost/tmp/ccV1QtaS.ltrans3.ltrans.o
 .text.mount_it_now
                0x00420ec0       0xf4 /home/notlean/openwrt-uboost/tmp/ccV1QtaS.ltrans3.ltrans.o
 .text.cut_out_ull_opt
                0x00420fb4       0x88 /home/notlean/openwrt-uboost/tmp/ccV1QtaS.ltrans3.ltrans.o
 .text.singlemount
                0x0042103c      0x664 /home/notlean/openwrt-uboost/tmp/ccV1QtaS.ltrans3.ltrans.o
 .text.mount_main
                0x004216a0      0x320 /home/notlean/openwrt-uboost/tmp/ccV1QtaS.ltrans3.ltrans.o
                0x004216a1                mount_main
 .text.pivot_root_main
                0x004219c0       0x28 /home/notlean/openwrt-uboost/tmp/ccV1QtaS.ltrans3.ltrans.o
                0x004219c1                pivot_root_main
 .text.swap_enable_disable
                0x004219e8       0xa0 /home/notlean/openwrt-uboost/tmp/ccV1QtaS.ltrans3.ltrans.o
 .text.swap_on_off_main
                0x00421a88      0x190 /home/notlean/openwrt-uboost/tmp/ccV1QtaS.ltrans3.ltrans.o
                0x00421a89                swap_on_off_main
 .text.unwindfiles.lto_priv.0
                0x00421c18       0x1c /home/notlean/openwrt-uboost/tmp/ccV1QtaS.ltrans3.ltrans.o
                0x00421c19                unwindfiles.lto_priv.0
 .text.expandstr.lto_priv.0
                0x00421c34       0xc4 /home/notlean/openwrt-uboost/tmp/ccV1QtaS.ltrans3.ltrans.o
                0x00421c35                expandstr.lto_priv.0
 .text.read_profile
                0x00421cf8       0x24 /home/notlean/openwrt-uboost/tmp/ccV1QtaS.ltrans3.ltrans.o
 .text.evalstring.lto_priv.0